Microchip MPLAB XC8 Compiler V2.10 ()

Linker command line:

-W-3 --edf=C:\Program Files (x86)\Microchip\xc8\v2.10\pic\dat\en_msgs.txt \
  -cs -h+dist/default/production\SPARC_4585.X.production.sym \
  --cmf=dist/default/production\SPARC_4585.X.production.cmf -z -Q18F4585 \
  -oC:\Users\araba\AppData\Local\Temp\s548.2 --defsym=__MPLAB_BUILD=1 \
  -Mdist/default/production/SPARC_4585.X.production.map -E1 -ver=XC8 \
  --acfsm=1493 -ASTACK=060h-0CFFh -pstack=STACK -ACODE=00h-0BFFFh \
  -ACONST=00h-0BFFFh -ASMALLCONST=0D00h-0DFFhx179 \
  -AMEDIUMCONST=0D00h-0BFFFh -ACOMRAM=01h-05Fh -AABS1=00h-0CFFh \
  -ABIGRAM=01h-0CFFh -ARAM=060h-0FFh,0100h-01FFhx12 -ABANK0=060h-0FFh \
  -ABANK1=0100h-01FFh -ABANK2=0200h-02FFh -ABANK3=0300h-03FFh \
  -ABANK4=0400h-04FFh -ABANK5=0500h-05FFh -ABANK6=0600h-06FFh \
  -ABANK7=0700h-07FFh -ABANK8=0800h-08FFh -ABANK9=0900h-09FFh \
  -ABANK10=0A00h-0AFFh -ABANK11=0B00h-0BFFh -ABANK12=0C00h-0CFFh \
  -ASFR=0D00h-0DFFhx2,0F00h-0F5Fh,0F60h-0FFFh \
  -preset_vec=00h,intcode=08h,intcodelo,powerup,init -pramtop=0D00h \
  -psmallconst=SMALLCONST -pmediumconst=MEDIUMCONST -pconst=CONST \
  -AFARRAM=00h-00h -ACONFIG=0300000h-030000Dh -pconfig=CONFIG \
  -AIDLOC=0200000h-0200007h -pidloc=IDLOC -AEEDATA=0F00000h-0F003FFh \
  -peeprom_data=EEDATA \
  -prdata=COMRAM,nvrram=COMRAM,nvbit=COMRAM,rbss=COMRAM,rbit=COMRAM \
  -pfarbss=FARRAM,fardata=FARRAM,nvFARRAM=FARRAM \
  -pintsave_regs=BIGRAM,bigbss=BIGRAM,bigdata=BIGRAM -pbss=RAM \
  -pidata=CODE,irdata=CODE,ibigdata=CODE,ifardata=CODE -prparam=COMRAM \
  C:\Users\araba\AppData\Local\Temp\s548.o \
  dist/default/production\SPARC_4585.X.production.o 

Object code version is 3.11

Machine type is 18F4585

Call graph: (short form)




                Name                               Link     Load   Length Selector   Space Scale
C:\Users\araba\AppData\Local\Temp\s548.o
                init                                  E        E        4        4       0
                reset_vec                             0        0        4        0       0
                idloc                            200000   200000        8   200000       0
                config                           300000   300000        E   300000       0
dist/default/production\SPARC_4585.X.production.o
                intcode                               8        8        6        4       0
                temp                                 37       37        1        1       1
                smallconst                          D00      D00       5E      680       0
                text35                             1464     1464       7C      6AF       0
                text34                             13E8     13E8       7C      6AF       0
                text33                             155A     155A       7A      6AF       0
                text32                             14E0     14E0       7A      6AF       0
                intcode_body                       12CA     12CA       9A      6AF       0
                text30                             19EE     19EE        8      6AF       0
                text29                             19E6     19E6        8      6AF       0
                text28                             18C4     18C4       1C      6AF       0
                text27                             1962     1962       16      6AF       0
                text26                             1364     1364       84      6AF       0
                text25                             1948     1948       1A      6AF       0
                text24                             19DE     19DE        8      6AF       0
                text23                             192E     192E       1A      6AF       0
                text22                             1914     1914       1A      6AF       0
                text21                             19D6     19D6        8      6AF       0
                text20                             19CE     19CE        8      6AF       0
                text19                             1998     1998        E      6AF       0
                text18                             1866     1866       24      6AF       0
                text17                             19C6     19C6        8      6AF       0
                text16                             198A     198A        E      6AF       0
                text15                             1978     1978       12      6AF       0
                text14                             19BE     19BE        8      6AF       0
                text13                             164C     164C       78      6AF       0
                text12                             15D4     15D4       78      6AF       0
                text11                             173A     173A       76      6AF       0
                text10                             16C4     16C4       76      6AF       0
                text9                              18FA     18FA       1A      6AF       0
                text8                              19B6     19B6        8      6AF       0
                text7                              17B0     17B0       60      6AF       0
                text6                              1810     1810       30      6AF       0
                text5                              18E0     18E0       1A      6AF       0
                text4                              19AE     19AE        8      6AF       0
                text3                              19A6     19A6        8      6AF       0
                text2                              18A8     18A8       1C      6AF       0
                text1                              1840     1840       26      6AF       0
                text0                               D5E      D5E      56C      6AF       0
                cstackCOMRAM                          1        1       24        1       1
                bssCOMRAM                            25       25       12        1       1
                cinit                              188A     188A       1E      6AF       0

TOTAL           Name                               Link     Load   Length     Space
        CLASS   STACK          

        CLASS   CODE           
                intcode                               8        8        6         0
                init                                  E        E        4         0
                reset_vec                             0        0        4         0
                text35                             1464     1464       7C         0
                text34                             13E8     13E8       7C         0
                text33                             155A     155A       7A         0
                text32                             14E0     14E0       7A         0
                intcode_body                       12CA     12CA       9A         0
                text30                             19EE     19EE        8         0
                text29                             19E6     19E6        8         0
                text28                             18C4     18C4       1C         0
                text27                             1962     1962       16         0
                text26                             1364     1364       84         0
                text25                             1948     1948       1A         0
                text24                             19DE     19DE        8         0
                text23                             192E     192E       1A         0
                text22                             1914     1914       1A         0
                text21                             19D6     19D6        8         0
                text20                             19CE     19CE        8         0
                text19                             1998     1998        E         0
                text18                             1866     1866       24         0
                text17                             19C6     19C6        8         0
                text16                             198A     198A        E         0
                text15                             1978     1978       12         0
                text14                             19BE     19BE        8         0
                text13                             164C     164C       78         0
                text12                             15D4     15D4       78         0
                text11                             173A     173A       76         0
                text10                             16C4     16C4       76         0
                text9                              18FA     18FA       1A         0
                text8                              19B6     19B6        8         0
                text7                              17B0     17B0       60         0
                text6                              1810     1810       30         0
                text5                              18E0     18E0       1A         0
                text4                              19AE     19AE        8         0
                text3                              19A6     19A6        8         0
                text2                              18A8     18A8       1C         0
                text1                              1840     1840       26         0
                text0                               D5E      D5E      56C         0
                cinit                              188A     188A       1E         0

        CLASS   CONST          

        CLASS   SMALLCONST     
                smallconst                          D00      D00       5E         0

        CLASS   MEDIUMCONST    

        CLASS   COMRAM         
                temp                                 37       37        1         1
                cstackCOMRAM                          1        1       24         1
                bssCOMRAM                            25       25       12         1

        CLASS   ABS1           

        CLASS   BIGRAM         

        CLASS   RAM            

        CLASS   BANK0          

        CLASS   BANK1          

        CLASS   BANK2          

        CLASS   BANK3          

        CLASS   BANK4          

        CLASS   BANK5          

        CLASS   BANK6          

        CLASS   BANK7          

        CLASS   BANK8          

        CLASS   BANK9          

        CLASS   BANK10         

        CLASS   BANK11         

        CLASS   BANK12         

        CLASS   SFR            

        CLASS   FARRAM         

        CLASS   CONFIG         
                config                           300000   300000        E         0

        CLASS   IDLOC          
                idloc                            200000   200000        8         0

        CLASS   EEDATA         



SEGMENTS        Name                           Load    Length   Top    Selector   Space  Class

                reset_vec                      000000  000004  000004         0       0  CODE    
                cstackCOMRAM                   000001  000037  000038         1       1  COMRAM  
                intcode                        000008  00000A  000012         4       0  CODE    
                smallconst                     000D00  00005E  000D5E       680       0  SMALLCON
                text0                          000D5E  000C98  0019F6       6AF       0  CODE    
                idloc                          200000  000008  200008    200000       0  IDLOC   
                config                         300000  00000E  30000E    300000       0  CONFIG  


UNUSED ADDRESS RANGES

        Name                Unused          Largest block    Delta
        BANK0            000060-0000FF               A0
        BANK1            000100-0001FF              100
        BANK10           000A00-000AFF              100
        BANK11           000B00-000BFF              100
        BANK12           000C00-000CFF              100
        BANK2            000200-0002FF              100
        BANK3            000300-0003FF              100
        BANK4            000400-0004FF              100
        BANK5            000500-0005FF              100
        BANK6            000600-0006FF              100
        BANK7            000700-0007FF              100
        BANK8            000800-0008FF              100
        BANK9            000900-0009FF              100
        BIGRAM           000038-000CFF              CC8
        CODE             000004-000007                4
                         000012-000CFF              CEE
                         0019F6-00BFFF             A60A
        COMRAM           000038-00005F               28
        CONST            000004-000007                4
                         000012-000CFF              CEE
                         0019F6-00BFFF             A60A
        EEDATA           F00000-F003FF              400
        MEDIUMCONST      0019F6-00BFFF             A60A
        RAM              000060-000CFF              100
        SFR              000D00-000FFF              100
        SMALLCONST       0019F6-00BFFF              100
        STACK            000060-000CFF              CA0

                                  Symbol Table

?_MOV_L_PASOS_X              cstackCOMRAM 000006
?_MOV_L_PASOS_Y              cstackCOMRAM 000006
?_MOV_R_PASOS_X              cstackCOMRAM 000006
?_MOV_R_PASOS_Y              cstackCOMRAM 000006
?___wmul                     cstackCOMRAM 000006
MOV_L_PASOS_X@coordenada     cstackCOMRAM 000008
MOV_L_PASOS_X@i              cstackCOMRAM 00000A
MOV_L_PASOS_X@posicion       cstackCOMRAM 000006
MOV_L_PASOS_Y@coordenada     cstackCOMRAM 000008
MOV_L_PASOS_Y@i              cstackCOMRAM 00000A
MOV_L_PASOS_Y@posicion       cstackCOMRAM 000006
MOV_R_PASOS_X@coordenada     cstackCOMRAM 000008
MOV_R_PASOS_X@i              cstackCOMRAM 00000A
MOV_R_PASOS_X@posicion       cstackCOMRAM 000006
MOV_R_PASOS_Y@coordenada     cstackCOMRAM 000008
MOV_R_PASOS_Y@i              cstackCOMRAM 00000A
MOV_R_PASOS_Y@posicion       cstackCOMRAM 000006
RECEIVE_STRING@guardarscan   cstackCOMRAM 00000A
RECEIVE_STRING@i             cstackCOMRAM 00000D
RECEIVE_STRING@numcaracteres cstackCOMRAM 00000C
RECEIVE_UART@Cont            cstackCOMRAM 000006
SEND_STRING@PointString      cstackCOMRAM 000007
SEND_STRING@i                cstackCOMRAM 00000B
SEND_UART@TX_Data            cstackCOMRAM 000006
_ADCON1                      (abs)        000FC1
_AjusteZ                     bssCOMRAM    000032
_BuscandoHomeX               bssCOMRAM    000035
_BuscandoHomeY               bssCOMRAM    000034
_CMCON                       (abs)        000FB4
_CVRCONbits                  (abs)        000FB5
_DOWN_PLATFORM               text28       0018C4
_ERROR_FUERA_LIMITE          text25       001948
_ERROR_LEDS                  text24       0019DE
_ERROR_NO_COMANDO            text23       00192E
_FALTA_DATO                  text22       001914
_INIT_BUTTONS                text21       0019D6
_INIT_DC                     text20       0019CE
_INIT_GPIO                   text19       001998
_INIT_INT                    text18       001866
_INIT_LEDS                   text17       0019C6
_INIT_STEP                   text16       00198A
_INIT_UART                   text15       001978
_INTCON2bits                 (abs)        000FF1
_INTCON3bits                 (abs)        000FF0
_INTCONbits                  (abs)        000FF2
_INT_isr                     intcode      000008
_LATBbits                    (abs)        000F8A
_LATDbits                    (abs)        000F8C
_LEDS_OFF                    text14       0019BE
_MOV_L_DC                    text30       0019EE
_MOV_L_PASOS_X               text13       00164C
_MOV_L_PASOS_Y               text12       0015D4
_MOV_R_DC                    text3        0019A6
_MOV_R_PASOS_X               text11       00173A
_MOV_R_PASOS_Y               text10       0016C4
_MOV_STOP_DC                 text29       0019E6
_NoNull                      bssCOMRAM    000031
_OSCCON                      (abs)        000FD3
_PIR1bits                    (abs)        000F9E
_PORTA                       (abs)        000F80
_PORTAbits                   (abs)        000F80
_PORTB                       (abs)        000F81
_PORTC                       (abs)        000F82
_PORTCbits                   (abs)        000F82
_PORTD                       (abs)        000F83
_PORTDbits                   (abs)        000F83
_PORTE                       (abs)        000F84
_PORTEbits                   (abs)        000F84
_PROCESO                     text9        0018FA
_PROCESO_LEDS                text8        0019B6
_PosicionX                   bssCOMRAM    000027
_PosicionY                   bssCOMRAM    000025
_RCONbits                    (abs)        000FD0
_RCREG                       (abs)        000FAE
_RCSTA                       (abs)        000FAB
_RCSTAbits                   (abs)        000FAB
_RECEIVE_STRING              text6        001810
_RECEIVE_UART                text7        0017B0
_RX_Data                     bssCOMRAM    000036
_SEND_STRING                 text26       001364
_SEND_UART                   text27       001962
_SPBRG                       (abs)        000FAF
_TERMINADO                   text5        0018E0
_TERMINADO_LEDS              text4        0019AE
_TRISAbits                   (abs)        000F92
_TRISBbits                   (abs)        000F93
_TRISCbits                   (abs)        000F94
_TRISDbits                   (abs)        000F95
_TRISEbits                   (abs)        000F96
_TXREG                       (abs)        000FAD
_TXSTA                       (abs)        000FAC
_TXSTAbits                   (abs)        000FAC
_TaskReceive                 bssCOMRAM    000033
_UP_PLATFORM                 text2        0018A8
_X                           bssCOMRAM    00002F
_XReceive                    bssCOMRAM    00002B
_Y                           bssCOMRAM    00002D
_YReceive                    bssCOMRAM    000029
__CFG_LVP$OFF                (abs)        000000
__CFG_MCLRE$ON               (abs)        000000
__CFG_OSC$IRCIO67            (abs)        000000
__CFG_PBADEN$OFF             (abs)        000000
__CFG_WDT$OFF                (abs)        000000
__HRAM                       (abs)        000000
__Habs1                      abs1         000000
__Hbank0                     bank0        000000
__Hbank1                     bank1        000000
__Hbank10                    bank10       000000
__Hbank11                    bank11       000000
__Hbank12                    bank12       000000
__Hbank2                     bank2        000000
__Hbank3                     bank3        000000
__Hbank4                     bank4        000000
__Hbank5                     bank5        000000
__Hbank6                     bank6        000000
__Hbank7                     bank7        000000
__Hbank8                     bank8        000000
__Hbank9                     bank9        000000
__Hbigbss                    bigbss       000000
__Hbigdata                   bigdata      000000
__Hbigram                    bigram       000000
__Hbss                       bss          000000
__HbssCOMRAM                 bssCOMRAM    000000
__Hcinit                     cinit        000000
__Hclrtext                   clrtext      000000
__Hcomram                    comram       000000
__Hconfig                    config       30000E
__Hconst                     const        000000
__HcstackCOMRAM              cstackCOMRAM 000000
__Hdata                      data         000000
__Heeprom_data               eeprom_data  000000
__Hfarbss                    farbss       000000
__Hfardata                   fardata      000000
__Hibigdata                  ibigdata     000000
__Hidata                     idata        000000
__Hidloc                     idloc        200008
__Hifardata                  ifardata     000000
__Hinit                      init         000012
__Hintcode                   intcode      00000E
__Hintcode_body              intcode_body 000000
__Hintcodelo                 intcodelo    00000E
__Hintentry                  intentry     000000
__Hintret                    intret       000000
__Hintsave_regs              intsave_regs 000000
__Hirdata                    irdata       000000
__Hmediumconst               mediumconst  000000
__HnvFARRAM                  nvFARRAM     000000
__Hnvbit                     nvbit        000000
__Hnvrram                    nvrram       000000
__Hparam                     rparam       000000
__Hpowerup                   powerup      00000E
__Hram                       ram          000000
__Hramtop                    ramtop       000D00
__Hrbit                      rbit         000000
__Hrbss                      rbss         000000
__Hrdata                     rdata        000000
__Hreset_vec                 reset_vec    000004
__Hrparam                    rparam       000000
__Hsfr                       sfr          000000
__Hsmallconst                smallconst   000D5E
__Hspace_0                   (abs)        30000E
__Hspace_1                   (abs)        000038
__Hspace_2                   (abs)        000000
__Hstack                     stack        000000
__Hstruct                    struct       000000
__Htemp                      temp         000038
__Htext                      text         000000
__Htext0                     text0        000000
__Htext1                     text1        000000
__Htext10                    text10       000000
__Htext11                    text11       000000
__Htext12                    text12       000000
__Htext13                    text13       000000
__Htext14                    text14       000000
__Htext15                    text15       000000
__Htext16                    text16       000000
__Htext17                    text17       000000
__Htext18                    text18       000000
__Htext19                    text19       000000
__Htext2                     text2        000000
__Htext20                    text20       000000
__Htext21                    text21       000000
__Htext22                    text22       000000
__Htext23                    text23       000000
__Htext24                    text24       000000
__Htext25                    text25       000000
__Htext26                    text26       000000
__Htext27                    text27       000000
__Htext28                    text28       000000
__Htext29                    text29       000000
__Htext3                     text3        000000
__Htext30                    text30       000000
__Htext32                    text32       000000
__Htext33                    text33       000000
__Htext34                    text34       000000
__Htext35                    text35       000000
__Htext4                     text4        000000
__Htext5                     text5        000000
__Htext6                     text6        000000
__Htext7                     text7        000000
__Htext8                     text8        000000
__Htext9                     text9        000000
__LRAM                       (abs)        000001
__Labs1                      abs1         000000
__Lbank0                     bank0        000000
__Lbank1                     bank1        000000
__Lbank10                    bank10       000000
__Lbank11                    bank11       000000
__Lbank12                    bank12       000000
__Lbank2                     bank2        000000
__Lbank3                     bank3        000000
__Lbank4                     bank4        000000
__Lbank5                     bank5        000000
__Lbank6                     bank6        000000
__Lbank7                     bank7        000000
__Lbank8                     bank8        000000
__Lbank9                     bank9        000000
__Lbigbss                    bigbss       000000
__Lbigdata                   bigdata      000000
__Lbigram                    bigram       000000
__Lbss                       bss          000000
__LbssCOMRAM                 bssCOMRAM    000000
__Lcinit                     cinit        000000
__Lclrtext                   clrtext      000000
__Lcomram                    comram       000000
__Lconfig                    config       300000
__Lconst                     const        000000
__LcstackCOMRAM              cstackCOMRAM 000000
__Ldata                      data         000000
__Leeprom_data               eeprom_data  000000
__Lfarbss                    farbss       000000
__Lfardata                   fardata      000000
__Libigdata                  ibigdata     000000
__Lidata                     idata        000000
__Lidloc                     idloc        200000
__Lifardata                  ifardata     000000
__Linit                      init         00000E
__Lintcode                   intcode      000008
__Lintcode_body              intcode_body 000000
__Lintcodelo                 intcodelo    00000E
__Lintentry                  intentry     000000
__Lintret                    intret       000000
__Lintsave_regs              intsave_regs 000000
__Lirdata                    irdata       000000
__Lmediumconst               mediumconst  000000
__LnvFARRAM                  nvFARRAM     000000
__Lnvbit                     nvbit        000000
__Lnvrram                    nvrram       000000
__Lparam                     rparam       000000
__Lpowerup                   powerup      00000E
__Lram                       ram          000000
__Lramtop                    ramtop       000D00
__Lrbit                      rbit         000000
__Lrbss                      rbss         000000
__Lrdata                     rdata        000000
__Lreset_vec                 reset_vec    000000
__Lrparam                    rparam       000000
__Lsfr                       sfr          000000
__Lsmallconst                smallconst   000D00
__Lspace_0                   (abs)        000000
__Lspace_1                   (abs)        000000
__Lspace_2                   (abs)        000000
__Lstack                     stack        000000
__Lstruct                    struct       000000
__Ltemp                      temp         000037
__Ltext                      text         000000
__Ltext0                     text0        000000
__Ltext1                     text1        000000
__Ltext10                    text10       000000
__Ltext11                    text11       000000
__Ltext12                    text12       000000
__Ltext13                    text13       000000
__Ltext14                    text14       000000
__Ltext15                    text15       000000
__Ltext16                    text16       000000
__Ltext17                    text17       000000
__Ltext18                    text18       000000
__Ltext19                    text19       000000
__Ltext2                     text2        000000
__Ltext20                    text20       000000
__Ltext21                    text21       000000
__Ltext22                    text22       000000
__Ltext23                    text23       000000
__Ltext24                    text24       000000
__Ltext25                    text25       000000
__Ltext26                    text26       000000
__Ltext27                    text27       000000
__Ltext28                    text28       000000
__Ltext29                    text29       000000
__Ltext3                     text3        000000
__Ltext30                    text30       000000
__Ltext32                    text32       000000
__Ltext33                    text33       000000
__Ltext34                    text34       000000
__Ltext35                    text35       000000
__Ltext4                     text4        000000
__Ltext5                     text5        000000
__Ltext6                     text6        000000
__Ltext7                     text7        000000
__Ltext8                     text8        000000
__Ltext9                     text9        000000
__S0                         (abs)        30000E
__S1                         (abs)        000038
__S2                         (abs)        000000
___inthi_sp                  stack        000000
___intlo_sp                  stack        000000
___param_bank                (abs)        000000
___rparam_used               (abs)        000001
___sp                        stack        000000
___wmul                      text1        001840
___wmul@multiplicand         cstackCOMRAM 000008
___wmul@multiplier           cstackCOMRAM 000006
___wmul@product              cstackCOMRAM 00000A
__accesstop                  (abs)        000060
__activetblptr               (abs)        000001
__end_of_DOWN_PLATFORM       text28       0018E0
__end_of_ERROR_FUERA_LIMITE  text25       001962
__end_of_ERROR_LEDS          text24       0019E6
__end_of_ERROR_NO_COMANDO    text23       001948
__end_of_FALTA_DATO          text22       00192E
__end_of_INIT_BUTTONS        text21       0019DE
__end_of_INIT_DC             text20       0019D6
__end_of_INIT_GPIO           text19       0019A6
__end_of_INIT_INT            text18       00188A
__end_of_INIT_LEDS           text17       0019CE
__end_of_INIT_STEP           text16       001998
__end_of_INIT_UART           text15       00198A
__end_of_INT_isr             intcode_body 001364
__end_of_LEDS_OFF            text14       0019C6
__end_of_MOV_L_DC            text30       0019F6
__end_of_MOV_L_PASOS_X       text13       0016C4
__end_of_MOV_L_PASOS_Y       text12       00164C
__end_of_MOV_R_DC            text3        0019AE
__end_of_MOV_R_PASOS_X       text11       0017B0
__end_of_MOV_R_PASOS_Y       text10       00173A
__end_of_MOV_STOP_DC         text29       0019EE
__end_of_PROCESO             text9        001914
__end_of_PROCESO_LEDS        text8        0019BE
__end_of_RECEIVE_STRING      text6        001840
__end_of_RECEIVE_UART        text7        001810
__end_of_SEND_STRING         text26       0013E8
__end_of_SEND_UART           text27       001978
__end_of_TERMINADO           text5        0018FA
__end_of_TERMINADO_LEDS      text4        0019B6
__end_of_UP_PLATFORM         text2        0018C4
__end_of___wmul              text1        001866
__end_of__initialization     cinit        001896
__end_of_main                text0        0012CA
__end_ofi2_MOV_L_PASOS_X     text35       0014E0
__end_ofi2_MOV_L_PASOS_Y     text34       001464
__end_ofi2_MOV_R_PASOS_X     text33       0015D4
__end_ofi2_MOV_R_PASOS_Y     text32       00155A
__initialization             cinit        00188A
__mediumconst                mediumconst  000000
__pbssCOMRAM                 bssCOMRAM    000025
__pcinit                     cinit        00188A
__pcstackCOMRAM              cstackCOMRAM 000001
__pintcode                   intcode      000008
__pintcode_body              intcode_body 0012CA
__psmallconst                smallconst   000D00
__ptext0                     text0        000D5E
__ptext1                     text1        001840
__ptext10                    text10       0016C4
__ptext11                    text11       00173A
__ptext12                    text12       0015D4
__ptext13                    text13       00164C
__ptext14                    text14       0019BE
__ptext15                    text15       001978
__ptext16                    text16       00198A
__ptext17                    text17       0019C6
__ptext18                    text18       001866
__ptext19                    text19       001998
__ptext2                     text2        0018A8
__ptext20                    text20       0019CE
__ptext21                    text21       0019D6
__ptext22                    text22       001914
__ptext23                    text23       00192E
__ptext24                    text24       0019DE
__ptext25                    text25       001948
__ptext26                    text26       001364
__ptext27                    text27       001962
__ptext28                    text28       0018C4
__ptext29                    text29       0019E6
__ptext3                     text3        0019A6
__ptext30                    text30       0019EE
__ptext32                    text32       0014E0
__ptext33                    text33       00155A
__ptext34                    text34       0013E8
__ptext35                    text35       001464
__ptext4                     text4        0019AE
__ptext5                     text5        0018E0
__ptext6                     text6        001810
__ptext7                     text7        0017B0
__ptext8                     text8        0019B6
__ptext9                     text9        0018FA
__ramtop                     ramtop       000D00
__size_of_DOWN_PLATFORM      (abs)        000000
__size_of_ERROR_FUERA_LIMITE (abs)        000000
__size_of_ERROR_LEDS         (abs)        000000
__size_of_ERROR_NO_COMANDO   (abs)        000000
__size_of_FALTA_DATO         (abs)        000000
__size_of_INIT_BUTTONS       (abs)        000000
__size_of_INIT_DC            (abs)        000000
__size_of_INIT_GPIO          (abs)        000000
__size_of_INIT_INT           (abs)        000000
__size_of_INIT_LEDS          (abs)        000000
__size_of_INIT_STEP          (abs)        000000
__size_of_INIT_UART          (abs)        000000
__size_of_INT_isr            (abs)        000000
__size_of_LEDS_OFF           (abs)        000000
__size_of_MOV_L_DC           (abs)        000000
__size_of_MOV_L_PASOS_X      (abs)        000000
__size_of_MOV_L_PASOS_Y      (abs)        000000
__size_of_MOV_R_DC           (abs)        000000
__size_of_MOV_R_PASOS_X      (abs)        000000
__size_of_MOV_R_PASOS_Y      (abs)        000000
__size_of_MOV_STOP_DC        (abs)        000000
__size_of_PROCESO            (abs)        000000
__size_of_PROCESO_LEDS       (abs)        000000
__size_of_RECEIVE_STRING     (abs)        000000
__size_of_RECEIVE_UART       (abs)        000000
__size_of_SEND_STRING        (abs)        000000
__size_of_SEND_UART          (abs)        000000
__size_of_TERMINADO          (abs)        000000
__size_of_TERMINADO_LEDS     (abs)        000000
__size_of_UP_PLATFORM        (abs)        000000
__size_of___wmul             (abs)        000000
__size_of_main               (abs)        000000
__size_ofi2_MOV_L_PASOS_X    (abs)        000000
__size_ofi2_MOV_L_PASOS_Y    (abs)        000000
__size_ofi2_MOV_R_PASOS_X    (abs)        000000
__size_ofi2_MOV_R_PASOS_Y    (abs)        000000
__smallconst                 smallconst   000D00
_main                        text0        000D5E
btemp                        temp         000037
end_of_initialization        cinit        001896
i2MOV_L_PASOS_X@coordenada   cstackCOMRAM 000003
i2MOV_L_PASOS_X@i            cstackCOMRAM 000005
i2MOV_L_PASOS_X@posicion     cstackCOMRAM 000001
i2MOV_L_PASOS_Y@coordenada   cstackCOMRAM 000003
i2MOV_L_PASOS_Y@i            cstackCOMRAM 000005
i2MOV_L_PASOS_Y@posicion     cstackCOMRAM 000001
i2MOV_R_PASOS_X@coordenada   cstackCOMRAM 000003
i2MOV_R_PASOS_X@i            cstackCOMRAM 000005
i2MOV_R_PASOS_X@posicion     cstackCOMRAM 000001
i2MOV_R_PASOS_Y@coordenada   cstackCOMRAM 000003
i2MOV_R_PASOS_Y@i            cstackCOMRAM 000005
i2MOV_R_PASOS_Y@posicion     cstackCOMRAM 000001
i2_MOV_L_PASOS_X             text35       001464
i2_MOV_L_PASOS_Y             text34       0013E8
i2_MOV_R_PASOS_X             text33       00155A
i2_MOV_R_PASOS_Y             text32       0014E0
int$flags                    temp         000037
int_func                     intcode_body 0012CA
intlevel0                    text         000000
intlevel1                    text         000000
intlevel2                    text         000000
intlevel3                    text         000000
main@Centenasx               cstackCOMRAM 000012
main@Centenasy               cstackCOMRAM 000018
main@Decenasx                cstackCOMRAM 000014
main@Decenasy                cstackCOMRAM 00001A
main@Instruccion             cstackCOMRAM 00001F
main@Ptrcoordenadas          cstackCOMRAM 000010
main@Task                    cstackCOMRAM 00001E
main@Unidadx                 cstackCOMRAM 000016
main@Unidady                 cstackCOMRAM 00001C
stackhi                      (abs)        000CFF
stacklo                      (abs)        000060
start                        init         00000E
start_initialization         cinit        00188A
ttemp5                       temp         000038
ttemp6                       temp         00003B
ttemp7                       temp         00003F
wtemp8                       temp         000038


FUNCTION INFORMATION:

 *************** function _main *****************
 Defined at:
		line 28 in file "SPARC_4585.c"
 Parameters:    Size  Location     Type
		None
 Auto vars:     Size  Location     Type
  Unidady         2   27[COMRAM] unsigned short 
  Decenasy        2   25[COMRAM] unsigned short 
  Centenasy       2   23[COMRAM] unsigned short 
  Unidadx         2   21[COMRAM] unsigned short 
  Decenasx        2   19[COMRAM] unsigned short 
  Centenasx       2   17[COMRAM] unsigned short 
  Ptrcoordenad    2   15[COMRAM] PTR unsigned char 
		 -> main@Instruccion(6), 
  Instruccion     6   30[COMRAM] struct .
  Task            1   29[COMRAM] unsigned char 
 Return value:  Size  Location     Type
                  1    wreg      void 
 Registers used:
		wreg, fsr2l, fsr2h, status,2, status,0, tblptrl, tblptrh, tblptru, prodl, prodh, cstack
 Tracked objects:
		On entry : 
		On exit  : 
		Unchanged: 
 Data sizes:     COMRAM   BANK0   BANK1   BANK2   BANK3   BANK4   BANK5   BANK6   BANK7   BANK8   BANK9  BANK10  BANK11  BANK12
      Params:         0       0       0       0       0       0       0       0       0       0       0       0       0       0
      Locals:        21       0       0       0       0       0       0       0       0       0       0       0       0       0
      Temps:          2       0       0       0       0       0       0       0       0       0       0       0       0       0
      Totals:        23       0       0       0       0       0       0       0       0       0       0       0       0       0
Total ram usage:       23 bytes
 Hardware stack levels required when called:    5
 This function calls:
		_DOWN_PLATFORM
		_ERROR_FUERA_LIMITE
		_ERROR_LEDS
		_ERROR_NO_COMANDO
		_FALTA_DATO
		_INIT_BUTTONS
		_INIT_DC
		_INIT_GPIO
		_INIT_INT
		_INIT_LEDS
		_INIT_STEP
		_INIT_UART
		_LEDS_OFF
		_MOV_L_PASOS_X
		_MOV_L_PASOS_Y
		_MOV_R_PASOS_X
		_MOV_R_PASOS_Y
		_PROCESO
		_PROCESO_LEDS
		_RECEIVE_STRING
		_RECEIVE_UART
		_TERMINADO
		_TERMINADO_LEDS
		_UP_PLATFORM
		___wmul
 This function is called by:
		Startup code after reset
 This function uses a non-reentrant model


 *************** function ___wmul *****************
 Defined at:
		line 15 in file "C:\Program Files (x86)\Microchip\xc8\v2.10\pic\sources\c99\common\Umul16.c"
 Parameters:    Size  Location     Type
  multiplier      2    5[COMRAM] unsigned int 
  multiplicand    2    7[COMRAM] unsigned int 
 Auto vars:     Size  Location     Type
  product         2    9[COMRAM] unsigned int 
 Return value:  Size  Location     Type
                  2    5[COMRAM] unsigned int 
 Registers used:
		wreg, status,2, status,0, prodl, prodh
 Tracked objects:
		On entry : 
		On exit  : 
		Unchanged: 
 Data sizes:     COMRAM   BANK0   BANK1   BANK2   BANK3   BANK4   BANK5   BANK6   BANK7   BANK8   BANK9  BANK10  BANK11  BANK12
      Params:         4       0       0       0       0       0       0       0       0       0       0       0       0       0
      Locals:         2       0       0       0       0       0       0       0       0       0       0       0       0       0
      Temps:          0       0       0       0       0       0       0       0       0       0       0       0       0       0
      Totals:         6       0       0       0       0       0       0       0       0       0       0       0       0       0
Total ram usage:        6 bytes
 Hardware stack levels used:    1
 Hardware stack levels required when called:    2
 This function calls:
		Nothing
 This function is called by:
		_main
 This function uses a non-reentrant model


 *************** function _UP_PLATFORM *****************
 Defined at:
		line 12 in file "BOTONES.c"
 Parameters:    Size  Location     Type
		None
 Auto vars:     Size  Location     Type
		None
 Return value:  Size  Location     Type
                  1    wreg      void 
 Registers used:
		cstack
 Tracked objects:
		On entry : 
		On exit  : 
		Unchanged: 
 Data sizes:     COMRAM   BANK0   BANK1   BANK2   BANK3   BANK4   BANK5   BANK6   BANK7   BANK8   BANK9  BANK10  BANK11  BANK12
      Params:         0       0       0       0       0       0       0       0       0       0       0       0       0       0
      Locals:         0       0       0       0       0       0       0       0       0       0       0       0       0       0
      Temps:          0       0       0       0       0       0       0       0       0       0       0       0       0       0
      Totals:         0       0       0       0       0       0       0       0       0       0       0       0       0       0
Total ram usage:        0 bytes
 Hardware stack levels used:    1
 Hardware stack levels required when called:    3
 This function calls:
		_MOV_R_DC
		_MOV_STOP_DC
 This function is called by:
		_main
 This function uses a non-reentrant model


 *************** function _MOV_R_DC *****************
 Defined at:
		line 11 in file "MOTORES_DC.c"
 Parameters:    Size  Location     Type
		None
 Auto vars:     Size  Location     Type
		None
 Return value:  Size  Location     Type
                  1    wreg      void 
 Registers used:
		None
 Tracked objects:
		On entry : 
		On exit  : 
		Unchanged: 
 Data sizes:     COMRAM   BANK0   BANK1   BANK2   BANK3   BANK4   BANK5   BANK6   BANK7   BANK8   BANK9  BANK10  BANK11  BANK12
      Params:         0       0       0       0       0       0       0       0       0       0       0       0       0       0
      Locals:         0       0       0       0       0       0       0       0       0       0       0       0       0       0
      Temps:          0       0       0       0       0       0       0       0       0       0       0       0       0       0
      Totals:         0       0       0       0       0       0       0       0       0       0       0       0       0       0
Total ram usage:        0 bytes
 Hardware stack levels used:    1
 Hardware stack levels required when called:    2
 This function calls:
		Nothing
 This function is called by:
		_UP_PLATFORM
 This function uses a non-reentrant model


 *************** function _TERMINADO_LEDS *****************
 Defined at:
		line 29 in file "LEDS.c"
 Parameters:    Size  Location     Type
		None
 Auto vars:     Size  Location     Type
		None
 Return value:  Size  Location     Type
                  1    wreg      void 
 Registers used:
		None
 Tracked objects:
		On entry : 
		On exit  : 
		Unchanged: 
 Data sizes:     COMRAM   BANK0   BANK1   BANK2   BANK3   BANK4   BANK5   BANK6   BANK7   BANK8   BANK9  BANK10  BANK11  BANK12
      Params:         0       0       0       0       0       0       0       0       0       0       0       0       0       0
      Locals:         0       0       0       0       0       0       0       0       0       0       0       0       0       0
      Temps:          0       0       0       0       0       0       0       0       0       0       0       0       0       0
      Totals:         0       0       0       0       0       0       0       0       0       0       0       0       0       0
Total ram usage:        0 bytes
 Hardware stack levels used:    1
 Hardware stack levels required when called:    2
 This function calls:
		Nothing
 This function is called by:
		_main
 This function uses a non-reentrant model


 *************** function _TERMINADO *****************
 Defined at:
		line 18 in file "MENSAJES.c"
 Parameters:    Size  Location     Type
		None
 Auto vars:     Size  Location     Type
		None
 Return value:  Size  Location     Type
                  1    wreg      void 
 Registers used:
		wreg, status,2, status,0, tblptrl, tblptrh, tblptru, cstack
 Tracked objects:
		On entry : 
		On exit  : 
		Unchanged: 
 Data sizes:     COMRAM   BANK0   BANK1   BANK2   BANK3   BANK4   BANK5   BANK6   BANK7   BANK8   BANK9  BANK10  BANK11  BANK12
      Params:         0       0       0       0       0       0       0       0       0       0       0       0       0       0
      Locals:         0       0       0       0       0       0       0       0       0       0       0       0       0       0
      Temps:          0       0       0       0       0       0       0       0       0       0       0       0       0       0
      Totals:         0       0       0       0       0       0       0       0       0       0       0       0       0       0
Total ram usage:        0 bytes
 Hardware stack levels used:    1
 Hardware stack levels required when called:    4
 This function calls:
		_SEND_STRING
		_SEND_UART
 This function is called by:
		_main
 This function uses a non-reentrant model


 *************** function _RECEIVE_STRING *****************
 Defined at:
		line 15 in file "SERIAL.c"
 Parameters:    Size  Location     Type
  guardarscan     2    9[COMRAM] PTR unsigned char 
		 -> main@Instruccion(6), 
  numcaractere    1   11[COMRAM] unsigned char 
 Auto vars:     Size  Location     Type
  i               1   12[COMRAM] unsigned char 
 Return value:  Size  Location     Type
                  1    wreg      void 
 Registers used:
		wreg, fsr2l, fsr2h, status,2, status,0, cstack
 Tracked objects:
		On entry : 
		On exit  : 
		Unchanged: 
 Data sizes:     COMRAM   BANK0   BANK1   BANK2   BANK3   BANK4   BANK5   BANK6   BANK7   BANK8   BANK9  BANK10  BANK11  BANK12
      Params:         3       0       0       0       0       0       0       0       0       0       0       0       0       0
      Locals:         1       0       0       0       0       0       0       0       0       0       0       0       0       0
      Temps:          0       0       0       0       0       0       0       0       0       0       0       0       0       0
      Totals:         4       0       0       0       0       0       0       0       0       0       0       0       0       0
Total ram usage:        4 bytes
 Hardware stack levels used:    1
 Hardware stack levels required when called:    3
 This function calls:
		_RECEIVE_UART
 This function is called by:
		_main
 This function uses a non-reentrant model


 *************** function _RECEIVE_UART *****************
 Defined at:
		line 24 in file "UART.c"
 Parameters:    Size  Location     Type
		None
 Auto vars:     Size  Location     Type
  Cont            4    5[COMRAM] unsigned long 
 Return value:  Size  Location     Type
                  1    wreg      unsigned char 
 Registers used:
		wreg, status,2, status,0
 Tracked objects:
		On entry : 
		On exit  : 
		Unchanged: 
 Data sizes:     COMRAM   BANK0   BANK1   BANK2   BANK3   BANK4   BANK5   BANK6   BANK7   BANK8   BANK9  BANK10  BANK11  BANK12
      Params:         0       0       0       0       0       0       0       0       0       0       0       0       0       0
      Locals:         4       0       0       0       0       0       0       0       0       0       0       0       0       0
      Temps:          0       0       0       0       0       0       0       0       0       0       0       0       0       0
      Totals:         4       0       0       0       0       0       0       0       0       0       0       0       0       0
Total ram usage:        4 bytes
 Hardware stack levels used:    1
 Hardware stack levels required when called:    2
 This function calls:
		Nothing
 This function is called by:
		_RECEIVE_STRING
		_main
 This function uses a non-reentrant model


 *************** function _PROCESO_LEDS *****************
 Defined at:
		line 23 in file "LEDS.c"
 Parameters:    Size  Location     Type
		None
 Auto vars:     Size  Location     Type
		None
 Return value:  Size  Location     Type
                  1    wreg      void 
 Registers used:
		None
 Tracked objects:
		On entry : 
		On exit  : 
		Unchanged: 
 Data sizes:     COMRAM   BANK0   BANK1   BANK2   BANK3   BANK4   BANK5   BANK6   BANK7   BANK8   BANK9  BANK10  BANK11  BANK12
      Params:         0       0       0       0       0       0       0       0       0       0       0       0       0       0
      Locals:         0       0       0       0       0       0       0       0       0       0       0       0       0       0
      Temps:          0       0       0       0       0       0       0       0       0       0       0       0       0       0
      Totals:         0       0       0       0       0       0       0       0       0       0       0       0       0       0
Total ram usage:        0 bytes
 Hardware stack levels used:    1
 Hardware stack levels required when called:    2
 This function calls:
		Nothing
 This function is called by:
		_main
 This function uses a non-reentrant model


 *************** function _PROCESO *****************
 Defined at:
		line 24 in file "MENSAJES.c"
 Parameters:    Size  Location     Type
		None
 Auto vars:     Size  Location     Type
		None
 Return value:  Size  Location     Type
                  1    wreg      void 
 Registers used:
		wreg, status,2, status,0, tblptrl, tblptrh, tblptru, cstack
 Tracked objects:
		On entry : 
		On exit  : 
		Unchanged: 
 Data sizes:     COMRAM   BANK0   BANK1   BANK2   BANK3   BANK4   BANK5   BANK6   BANK7   BANK8   BANK9  BANK10  BANK11  BANK12
      Params:         0       0       0       0       0       0       0       0       0       0       0       0       0       0
      Locals:         0       0       0       0       0       0       0       0       0       0       0       0       0       0
      Temps:          0       0       0       0       0       0       0       0       0       0       0       0       0       0
      Totals:         0       0       0       0       0       0       0       0       0       0       0       0       0       0
Total ram usage:        0 bytes
 Hardware stack levels used:    1
 Hardware stack levels required when called:    4
 This function calls:
		_SEND_STRING
		_SEND_UART
 This function is called by:
		_main
 This function uses a non-reentrant model


 *************** function _MOV_R_PASOS_Y *****************
 Defined at:
		line 51 in file "STEP_MOTOR.c"
 Parameters:    Size  Location     Type
  posicion        2    5[COMRAM] unsigned short 
  coordenada      2    7[COMRAM] unsigned short 
 Auto vars:     Size  Location     Type
  i               1    9[COMRAM] unsigned char 
 Return value:  Size  Location     Type
                  2    5[COMRAM] unsigned short 
 Registers used:
		wreg, status,2, status,0
 Tracked objects:
		On entry : 
		On exit  : 
		Unchanged: 
 Data sizes:     COMRAM   BANK0   BANK1   BANK2   BANK3   BANK4   BANK5   BANK6   BANK7   BANK8   BANK9  BANK10  BANK11  BANK12
      Params:         4       0       0       0       0       0       0       0       0       0       0       0       0       0
      Locals:         1       0       0       0       0       0       0       0       0       0       0       0       0       0
      Temps:          0       0       0       0       0       0       0       0       0       0       0       0       0       0
      Totals:         5       0       0       0       0       0       0       0       0       0       0       0       0       0
Total ram usage:        5 bytes
 Hardware stack levels used:    1
 Hardware stack levels required when called:    2
 This function calls:
		Nothing
 This function is called by:
		_main
 This function uses a non-reentrant model


 *************** function _MOV_R_PASOS_X *****************
 Defined at:
		line 15 in file "STEP_MOTOR.c"
 Parameters:    Size  Location     Type
  posicion        2    5[COMRAM] unsigned short 
  coordenada      2    7[COMRAM] unsigned short 
 Auto vars:     Size  Location     Type
  i               1    9[COMRAM] unsigned char 
 Return value:  Size  Location     Type
                  2    5[COMRAM] unsigned short 
 Registers used:
		wreg, status,2, status,0
 Tracked objects:
		On entry : 
		On exit  : 
		Unchanged: 
 Data sizes:     COMRAM   BANK0   BANK1   BANK2   BANK3   BANK4   BANK5   BANK6   BANK7   BANK8   BANK9  BANK10  BANK11  BANK12
      Params:         4       0       0       0       0       0       0       0       0       0       0       0       0       0
      Locals:         1       0       0       0       0       0       0       0       0       0       0       0       0       0
      Temps:          0       0       0       0       0       0       0       0       0       0       0       0       0       0
      Totals:         5       0       0       0       0       0       0       0       0       0       0       0       0       0
Total ram usage:        5 bytes
 Hardware stack levels used:    1
 Hardware stack levels required when called:    2
 This function calls:
		Nothing
 This function is called by:
		_main
 This function uses a non-reentrant model


 *************** function _MOV_L_PASOS_Y *****************
 Defined at:
		line 69 in file "STEP_MOTOR.c"
 Parameters:    Size  Location     Type
  posicion        2    5[COMRAM] unsigned short 
  coordenada      2    7[COMRAM] unsigned short 
 Auto vars:     Size  Location     Type
  i               1    9[COMRAM] unsigned char 
 Return value:  Size  Location     Type
                  2    5[COMRAM] unsigned short 
 Registers used:
		wreg, status,2, status,0
 Tracked objects:
		On entry : 
		On exit  : 
		Unchanged: 
 Data sizes:     COMRAM   BANK0   BANK1   BANK2   BANK3   BANK4   BANK5   BANK6   BANK7   BANK8   BANK9  BANK10  BANK11  BANK12
      Params:         4       0       0       0       0       0       0       0       0       0       0       0       0       0
      Locals:         1       0       0       0       0       0       0       0       0       0       0       0       0       0
      Temps:          0       0       0       0       0       0       0       0       0       0       0       0       0       0
      Totals:         5       0       0       0       0       0       0       0       0       0       0       0       0       0
Total ram usage:        5 bytes
 Hardware stack levels used:    1
 Hardware stack levels required when called:    2
 This function calls:
		Nothing
 This function is called by:
		_main
 This function uses a non-reentrant model


 *************** function _MOV_L_PASOS_X *****************
 Defined at:
		line 33 in file "STEP_MOTOR.c"
 Parameters:    Size  Location     Type
  posicion        2    5[COMRAM] unsigned short 
  coordenada      2    7[COMRAM] unsigned short 
 Auto vars:     Size  Location     Type
  i               1    9[COMRAM] unsigned char 
 Return value:  Size  Location     Type
                  2    5[COMRAM] unsigned short 
 Registers used:
		wreg, status,2, status,0
 Tracked objects:
		On entry : 
		On exit  : 
		Unchanged: 
 Data sizes:     COMRAM   BANK0   BANK1   BANK2   BANK3   BANK4   BANK5   BANK6   BANK7   BANK8   BANK9  BANK10  BANK11  BANK12
      Params:         4       0       0       0       0       0       0       0       0       0       0       0       0       0
      Locals:         1       0       0       0       0       0       0       0       0       0       0       0       0       0
      Temps:          0       0       0       0       0       0       0       0       0       0       0       0       0       0
      Totals:         5       0       0       0       0       0       0       0       0       0       0       0       0       0
Total ram usage:        5 bytes
 Hardware stack levels used:    1
 Hardware stack levels required when called:    2
 This function calls:
		Nothing
 This function is called by:
		_main
 This function uses a non-reentrant model


 *************** function _LEDS_OFF *****************
 Defined at:
		line 11 in file "LEDS.c"
 Parameters:    Size  Location     Type
		None
 Auto vars:     Size  Location     Type
		None
 Return value:  Size  Location     Type
                  1    wreg      void 
 Registers used:
		None
 Tracked objects:
		On entry : 
		On exit  : 
		Unchanged: 
 Data sizes:     COMRAM   BANK0   BANK1   BANK2   BANK3   BANK4   BANK5   BANK6   BANK7   BANK8   BANK9  BANK10  BANK11  BANK12
      Params:         0       0       0       0       0       0       0       0       0       0       0       0       0       0
      Locals:         0       0       0       0       0       0       0       0       0       0       0       0       0       0
      Temps:          0       0       0       0       0       0       0       0       0       0       0       0       0       0
      Totals:         0       0       0       0       0       0       0       0       0       0       0       0       0       0
Total ram usage:        0 bytes
 Hardware stack levels used:    1
 Hardware stack levels required when called:    2
 This function calls:
		Nothing
 This function is called by:
		_main
 This function uses a non-reentrant model


 *************** function _INIT_UART *****************
 Defined at:
		line 5 in file "UART.c"
 Parameters:    Size  Location     Type
		None
 Auto vars:     Size  Location     Type
		None
 Return value:  Size  Location     Type
                  1    wreg      void 
 Registers used:
		wreg, status,2
 Tracked objects:
		On entry : 
		On exit  : 
		Unchanged: 
 Data sizes:     COMRAM   BANK0   BANK1   BANK2   BANK3   BANK4   BANK5   BANK6   BANK7   BANK8   BANK9  BANK10  BANK11  BANK12
      Params:         0       0       0       0       0       0       0       0       0       0       0       0       0       0
      Locals:         0       0       0       0       0       0       0       0       0       0       0       0       0       0
      Temps:          0       0       0       0       0       0       0       0       0       0       0       0       0       0
      Totals:         0       0       0       0       0       0       0       0       0       0       0       0       0       0
Total ram usage:        0 bytes
 Hardware stack levels used:    1
 Hardware stack levels required when called:    2
 This function calls:
		Nothing
 This function is called by:
		_main
 This function uses a non-reentrant model


 *************** function _INIT_STEP *****************
 Defined at:
		line 6 in file "STEP_MOTOR.c"
 Parameters:    Size  Location     Type
		None
 Auto vars:     Size  Location     Type
		None
 Return value:  Size  Location     Type
                  1    wreg      void 
 Registers used:
		None
 Tracked objects:
		On entry : 
		On exit  : 
		Unchanged: 
 Data sizes:     COMRAM   BANK0   BANK1   BANK2   BANK3   BANK4   BANK5   BANK6   BANK7   BANK8   BANK9  BANK10  BANK11  BANK12
      Params:         0       0       0       0       0       0       0       0       0       0       0       0       0       0
      Locals:         0       0       0       0       0       0       0       0       0       0       0       0       0       0
      Temps:          0       0       0       0       0       0       0       0       0       0       0       0       0       0
      Totals:         0       0       0       0       0       0       0       0       0       0       0       0       0       0
Total ram usage:        0 bytes
 Hardware stack levels used:    1
 Hardware stack levels required when called:    2
 This function calls:
		Nothing
 This function is called by:
		_main
 This function uses a non-reentrant model


 *************** function _INIT_LEDS *****************
 Defined at:
		line 5 in file "LEDS.c"
 Parameters:    Size  Location     Type
		None
 Auto vars:     Size  Location     Type
		None
 Return value:  Size  Location     Type
                  1    wreg      void 
 Registers used:
		None
 Tracked objects:
		On entry : 
		On exit  : 
		Unchanged: 
 Data sizes:     COMRAM   BANK0   BANK1   BANK2   BANK3   BANK4   BANK5   BANK6   BANK7   BANK8   BANK9  BANK10  BANK11  BANK12
      Params:         0       0       0       0       0       0       0       0       0       0       0       0       0       0
      Locals:         0       0       0       0       0       0       0       0       0       0       0       0       0       0
      Temps:          0       0       0       0       0       0       0       0       0       0       0       0       0       0
      Totals:         0       0       0       0       0       0       0       0       0       0       0       0       0       0
Total ram usage:        0 bytes
 Hardware stack levels used:    1
 Hardware stack levels required when called:    2
 This function calls:
		Nothing
 This function is called by:
		_main
 This function uses a non-reentrant model


 *************** function _INIT_INT *****************
 Defined at:
		line 243 in file "SPARC_4585.c"
 Parameters:    Size  Location     Type
		None
 Auto vars:     Size  Location     Type
		None
 Return value:  Size  Location     Type
                  1    wreg      void 
 Registers used:
		None
 Tracked objects:
		On entry : 
		On exit  : 
		Unchanged: 
 Data sizes:     COMRAM   BANK0   BANK1   BANK2   BANK3   BANK4   BANK5   BANK6   BANK7   BANK8   BANK9  BANK10  BANK11  BANK12
      Params:         0       0       0       0       0       0       0       0       0       0       0       0       0       0
      Locals:         0       0       0       0       0       0       0       0       0       0       0       0       0       0
      Temps:          0       0       0       0       0       0       0       0       0       0       0       0       0       0
      Totals:         0       0       0       0       0       0       0       0       0       0       0       0       0       0
Total ram usage:        0 bytes
 Hardware stack levels used:    1
 Hardware stack levels required when called:    2
 This function calls:
		Nothing
 This function is called by:
		_main
 This function uses a non-reentrant model


 *************** function _INIT_GPIO *****************
 Defined at:
		line 5 in file "GPIO.c"
 Parameters:    Size  Location     Type
		None
 Auto vars:     Size  Location     Type
		None
 Return value:  Size  Location     Type
                  1    wreg      void 
 Registers used:
		wreg, status,2
 Tracked objects:
		On entry : 
		On exit  : 
		Unchanged: 
 Data sizes:     COMRAM   BANK0   BANK1   BANK2   BANK3   BANK4   BANK5   BANK6   BANK7   BANK8   BANK9  BANK10  BANK11  BANK12
      Params:         0       0       0       0       0       0       0       0       0       0       0       0       0       0
      Locals:         0       0       0       0       0       0       0       0       0       0       0       0       0       0
      Temps:          0       0       0       0       0       0       0       0       0       0       0       0       0       0
      Totals:         0       0       0       0       0       0       0       0       0       0       0       0       0       0
Total ram usage:        0 bytes
 Hardware stack levels used:    1
 Hardware stack levels required when called:    2
 This function calls:
		Nothing
 This function is called by:
		_main
 This function uses a non-reentrant model


 *************** function _INIT_DC *****************
 Defined at:
		line 5 in file "MOTORES_DC.c"
 Parameters:    Size  Location     Type
		None
 Auto vars:     Size  Location     Type
		None
 Return value:  Size  Location     Type
                  1    wreg      void 
 Registers used:
		None
 Tracked objects:
		On entry : 
		On exit  : 
		Unchanged: 
 Data sizes:     COMRAM   BANK0   BANK1   BANK2   BANK3   BANK4   BANK5   BANK6   BANK7   BANK8   BANK9  BANK10  BANK11  BANK12
      Params:         0       0       0       0       0       0       0       0       0       0       0       0       0       0
      Locals:         0       0       0       0       0       0       0       0       0       0       0       0       0       0
      Temps:          0       0       0       0       0       0       0       0       0       0       0       0       0       0
      Totals:         0       0       0       0       0       0       0       0       0       0       0       0       0       0
Total ram usage:        0 bytes
 Hardware stack levels used:    1
 Hardware stack levels required when called:    2
 This function calls:
		Nothing
 This function is called by:
		_main
 This function uses a non-reentrant model


 *************** function _INIT_BUTTONS *****************
 Defined at:
		line 6 in file "BOTONES.c"
 Parameters:    Size  Location     Type
		None
 Auto vars:     Size  Location     Type
		None
 Return value:  Size  Location     Type
                  1    wreg      void 
 Registers used:
		None
 Tracked objects:
		On entry : 
		On exit  : 
		Unchanged: 
 Data sizes:     COMRAM   BANK0   BANK1   BANK2   BANK3   BANK4   BANK5   BANK6   BANK7   BANK8   BANK9  BANK10  BANK11  BANK12
      Params:         0       0       0       0       0       0       0       0       0       0       0       0       0       0
      Locals:         0       0       0       0       0       0       0       0       0       0       0       0       0       0
      Temps:          0       0       0       0       0       0       0       0       0       0       0       0       0       0
      Totals:         0       0       0       0       0       0       0       0       0       0       0       0       0       0
Total ram usage:        0 bytes
 Hardware stack levels used:    1
 Hardware stack levels required when called:    2
 This function calls:
		Nothing
 This function is called by:
		_main
 This function uses a non-reentrant model


 *************** function _FALTA_DATO *****************
 Defined at:
		line 30 in file "MENSAJES.c"
 Parameters:    Size  Location     Type
		None
 Auto vars:     Size  Location     Type
		None
 Return value:  Size  Location     Type
                  1    wreg      void 
 Registers used:
		wreg, status,2, status,0, tblptrl, tblptrh, tblptru, cstack
 Tracked objects:
		On entry : 
		On exit  : 
		Unchanged: 
 Data sizes:     COMRAM   BANK0   BANK1   BANK2   BANK3   BANK4   BANK5   BANK6   BANK7   BANK8   BANK9  BANK10  BANK11  BANK12
      Params:         0       0       0       0       0       0       0       0       0       0       0       0       0       0
      Locals:         0       0       0       0       0       0       0       0       0       0       0       0       0       0
      Temps:          0       0       0       0       0       0       0       0       0       0       0       0       0       0
      Totals:         0       0       0       0       0       0       0       0       0       0       0       0       0       0
Total ram usage:        0 bytes
 Hardware stack levels used:    1
 Hardware stack levels required when called:    4
 This function calls:
		_SEND_STRING
		_SEND_UART
 This function is called by:
		_main
 This function uses a non-reentrant model


 *************** function _ERROR_NO_COMANDO *****************
 Defined at:
		line 6 in file "MENSAJES.c"
 Parameters:    Size  Location     Type
		None
 Auto vars:     Size  Location     Type
		None
 Return value:  Size  Location     Type
                  1    wreg      void 
 Registers used:
		wreg, status,2, status,0, tblptrl, tblptrh, tblptru, cstack
 Tracked objects:
		On entry : 
		On exit  : 
		Unchanged: 
 Data sizes:     COMRAM   BANK0   BANK1   BANK2   BANK3   BANK4   BANK5   BANK6   BANK7   BANK8   BANK9  BANK10  BANK11  BANK12
      Params:         0       0       0       0       0       0       0       0       0       0       0       0       0       0
      Locals:         0       0       0       0       0       0       0       0       0       0       0       0       0       0
      Temps:          0       0       0       0       0       0       0       0       0       0       0       0       0       0
      Totals:         0       0       0       0       0       0       0       0       0       0       0       0       0       0
Total ram usage:        0 bytes
 Hardware stack levels used:    1
 Hardware stack levels required when called:    4
 This function calls:
		_SEND_STRING
		_SEND_UART
 This function is called by:
		_main
 This function uses a non-reentrant model


 *************** function _ERROR_LEDS *****************
 Defined at:
		line 17 in file "LEDS.c"
 Parameters:    Size  Location     Type
		None
 Auto vars:     Size  Location     Type
		None
 Return value:  Size  Location     Type
                  1    wreg      void 
 Registers used:
		None
 Tracked objects:
		On entry : 
		On exit  : 
		Unchanged: 
 Data sizes:     COMRAM   BANK0   BANK1   BANK2   BANK3   BANK4   BANK5   BANK6   BANK7   BANK8   BANK9  BANK10  BANK11  BANK12
      Params:         0       0       0       0       0       0       0       0       0       0       0       0       0       0
      Locals:         0       0       0       0       0       0       0       0       0       0       0       0       0       0
      Temps:          0       0       0       0       0       0       0       0       0       0       0       0       0       0
      Totals:         0       0       0       0       0       0       0       0       0       0       0       0       0       0
Total ram usage:        0 bytes
 Hardware stack levels used:    1
 Hardware stack levels required when called:    2
 This function calls:
		Nothing
 This function is called by:
		_main
 This function uses a non-reentrant model


 *************** function _ERROR_FUERA_LIMITE *****************
 Defined at:
		line 12 in file "MENSAJES.c"
 Parameters:    Size  Location     Type
		None
 Auto vars:     Size  Location     Type
		None
 Return value:  Size  Location     Type
                  1    wreg      void 
 Registers used:
		wreg, status,2, status,0, tblptrl, tblptrh, tblptru, cstack
 Tracked objects:
		On entry : 
		On exit  : 
		Unchanged: 
 Data sizes:     COMRAM   BANK0   BANK1   BANK2   BANK3   BANK4   BANK5   BANK6   BANK7   BANK8   BANK9  BANK10  BANK11  BANK12
      Params:         0       0       0       0       0       0       0       0       0       0       0       0       0       0
      Locals:         0       0       0       0       0       0       0       0       0       0       0       0       0       0
      Temps:          0       0       0       0       0       0       0       0       0       0       0       0       0       0
      Totals:         0       0       0       0       0       0       0       0       0       0       0       0       0       0
Total ram usage:        0 bytes
 Hardware stack levels used:    1
 Hardware stack levels required when called:    4
 This function calls:
		_SEND_STRING
		_SEND_UART
 This function is called by:
		_main
 This function uses a non-reentrant model


 *************** function _SEND_STRING *****************
 Defined at:
		line 5 in file "SERIAL.c"
 Parameters:    Size  Location     Type
  PointString     2    6[COMRAM] PTR unsigned char 
		 -> STR_5(11), STR_4(11), STR_3(19), STR_2(29), 
		 -> STR_1(22), 
 Auto vars:     Size  Location     Type
  i               1   10[COMRAM] unsigned char 
 Return value:  Size  Location     Type
                  1    wreg      void 
 Registers used:
		wreg, status,2, status,0, tblptrl, tblptrh, tblptru, cstack
 Tracked objects:
		On entry : 
		On exit  : 
		Unchanged: 
 Data sizes:     COMRAM   BANK0   BANK1   BANK2   BANK3   BANK4   BANK5   BANK6   BANK7   BANK8   BANK9  BANK10  BANK11  BANK12
      Params:         2       0       0       0       0       0       0       0       0       0       0       0       0       0
      Locals:         1       0       0       0       0       0       0       0       0       0       0       0       0       0
      Temps:          2       0       0       0       0       0       0       0       0       0       0       0       0       0
      Totals:         5       0       0       0       0       0       0       0       0       0       0       0       0       0
Total ram usage:        5 bytes
 Hardware stack levels used:    1
 Hardware stack levels required when called:    3
 This function calls:
		_SEND_UART
 This function is called by:
		_ERROR_NO_COMANDO
		_ERROR_FUERA_LIMITE
		_TERMINADO
		_PROCESO
		_FALTA_DATO
 This function uses a non-reentrant model


 *************** function _SEND_UART *****************
 Defined at:
		line 17 in file "UART.c"
 Parameters:    Size  Location     Type
  TX_Data         1    wreg     unsigned char 
 Auto vars:     Size  Location     Type
  TX_Data         1    5[COMRAM] unsigned char 
 Return value:  Size  Location     Type
                  1    wreg      void 
 Registers used:
		wreg
 Tracked objects:
		On entry : 
		On exit  : 
		Unchanged: 
 Data sizes:     COMRAM   BANK0   BANK1   BANK2   BANK3   BANK4   BANK5   BANK6   BANK7   BANK8   BANK9  BANK10  BANK11  BANK12
      Params:         0       0       0       0       0       0       0       0       0       0       0       0       0       0
      Locals:         1       0       0       0       0       0       0       0       0       0       0       0       0       0
      Temps:          0       0       0       0       0       0       0       0       0       0       0       0       0       0
      Totals:         1       0       0       0       0       0       0       0       0       0       0       0       0       0
Total ram usage:        1 bytes
 Hardware stack levels used:    1
 Hardware stack levels required when called:    2
 This function calls:
		Nothing
 This function is called by:
		_SEND_STRING
		_ERROR_NO_COMANDO
		_ERROR_FUERA_LIMITE
		_TERMINADO
		_PROCESO
		_FALTA_DATO
 This function uses a non-reentrant model


 *************** function _DOWN_PLATFORM *****************
 Defined at:
		line 20 in file "BOTONES.c"
 Parameters:    Size  Location     Type
		None
 Auto vars:     Size  Location     Type
		None
 Return value:  Size  Location     Type
                  1    wreg      void 
 Registers used:
		cstack
 Tracked objects:
		On entry : 
		On exit  : 
		Unchanged: 
 Data sizes:     COMRAM   BANK0   BANK1   BANK2   BANK3   BANK4   BANK5   BANK6   BANK7   BANK8   BANK9  BANK10  BANK11  BANK12
      Params:         0       0       0       0       0       0       0       0       0       0       0       0       0       0
      Locals:         0       0       0       0       0       0       0       0       0       0       0       0       0       0
      Temps:          0       0       0       0       0       0       0       0       0       0       0       0       0       0
      Totals:         0       0       0       0       0       0       0       0       0       0       0       0       0       0
Total ram usage:        0 bytes
 Hardware stack levels used:    1
 Hardware stack levels required when called:    3
 This function calls:
		_MOV_L_DC
		_MOV_STOP_DC
 This function is called by:
		_main
 This function uses a non-reentrant model


 *************** function _MOV_STOP_DC *****************
 Defined at:
		line 23 in file "MOTORES_DC.c"
 Parameters:    Size  Location     Type
		None
 Auto vars:     Size  Location     Type
		None
 Return value:  Size  Location     Type
                  1    wreg      void 
 Registers used:
		None
 Tracked objects:
		On entry : 
		On exit  : 
		Unchanged: 
 Data sizes:     COMRAM   BANK0   BANK1   BANK2   BANK3   BANK4   BANK5   BANK6   BANK7   BANK8   BANK9  BANK10  BANK11  BANK12
      Params:         0       0       0       0       0       0       0       0       0       0       0       0       0       0
      Locals:         0       0       0       0       0       0       0       0       0       0       0       0       0       0
      Temps:          0       0       0       0       0       0       0       0       0       0       0       0       0       0
      Totals:         0       0       0       0       0       0       0       0       0       0       0       0       0       0
Total ram usage:        0 bytes
 Hardware stack levels used:    1
 Hardware stack levels required when called:    2
 This function calls:
		Nothing
 This function is called by:
		_UP_PLATFORM
		_DOWN_PLATFORM
 This function uses a non-reentrant model


 *************** function _MOV_L_DC *****************
 Defined at:
		line 17 in file "MOTORES_DC.c"
 Parameters:    Size  Location     Type
		None
 Auto vars:     Size  Location     Type
		None
 Return value:  Size  Location     Type
                  1    wreg      void 
 Registers used:
		None
 Tracked objects:
		On entry : 
		On exit  : 
		Unchanged: 
 Data sizes:     COMRAM   BANK0   BANK1   BANK2   BANK3   BANK4   BANK5   BANK6   BANK7   BANK8   BANK9  BANK10  BANK11  BANK12
      Params:         0       0       0       0       0       0       0       0       0       0       0       0       0       0
      Locals:         0       0       0       0       0       0       0       0       0       0       0       0       0       0
      Temps:          0       0       0       0       0       0       0       0       0       0       0       0       0       0
      Totals:         0       0       0       0       0       0       0       0       0       0       0       0       0       0
Total ram usage:        0 bytes
 Hardware stack levels used:    1
 Hardware stack levels required when called:    2
 This function calls:
		Nothing
 This function is called by:
		_DOWN_PLATFORM
 This function uses a non-reentrant model


 *************** function _INT_isr *****************
 Defined at:
		line 219 in file "SPARC_4585.c"
 Parameters:    Size  Location     Type
		None
 Auto vars:     Size  Location     Type
		None
 Return value:  Size  Location     Type
                  1    wreg      void 
 Registers used:
		wreg, status,2, status,0, cstack
 Tracked objects:
		On entry : 
		On exit  : 
		Unchanged: 
 Data sizes:     COMRAM   BANK0   BANK1   BANK2   BANK3   BANK4   BANK5   BANK6   BANK7   BANK8   BANK9  BANK10  BANK11  BANK12
      Params:         0       0       0       0       0       0       0       0       0       0       0       0       0       0
      Locals:         0       0       0       0       0       0       0       0       0       0       0       0       0       0
      Temps:          0       0       0       0       0       0       0       0       0       0       0       0       0       0
      Totals:         0       0       0       0       0       0       0       0       0       0       0       0       0       0
Total ram usage:        0 bytes
 Hardware stack levels used:    1
 Hardware stack levels required when called:    1
 This function calls:
		i2_MOV_L_PASOS_X
		i2_MOV_L_PASOS_Y
		i2_MOV_R_PASOS_X
		i2_MOV_R_PASOS_Y
 This function is called by:
		Interrupt level 2
 This function uses a non-reentrant model


 *************** function i2_MOV_R_PASOS_Y *****************
 Defined at:
		line 51 in file "STEP_MOTOR.c"
 Parameters:    Size  Location     Type
  posicion        2    0[COMRAM] unsigned short 
  coordenada      2    2[COMRAM] unsigned short 
 Auto vars:     Size  Location     Type
  MOV_R_PASOS_    1    4[COMRAM] unsigned char 
 Return value:  Size  Location     Type
                  2    0[COMRAM] unsigned short 
 Registers used:
		wreg, status,2, status,0
 Tracked objects:
		On entry : 
		On exit  : 
		Unchanged: 
 Data sizes:     COMRAM   BANK0   BANK1   BANK2   BANK3   BANK4   BANK5   BANK6   BANK7   BANK8   BANK9  BANK10  BANK11  BANK12
      Params:         4       0       0       0       0       0       0       0       0       0       0       0       0       0
      Locals:         1       0       0       0       0       0       0       0       0       0       0       0       0       0
      Temps:          0       0       0       0       0       0       0       0       0       0       0       0       0       0
      Totals:         5       0       0       0       0       0       0       0       0       0       0       0       0       0
Total ram usage:        5 bytes
 Hardware stack levels used:    1
 This function calls:
		Nothing
 This function is called by:
		_INT_isr
 This function uses a non-reentrant model


 *************** function i2_MOV_R_PASOS_X *****************
 Defined at:
		line 15 in file "STEP_MOTOR.c"
 Parameters:    Size  Location     Type
  posicion        2    0[COMRAM] unsigned short 
  coordenada      2    2[COMRAM] unsigned short 
 Auto vars:     Size  Location     Type
  MOV_R_PASOS_    1    4[COMRAM] unsigned char 
 Return value:  Size  Location     Type
                  2    0[COMRAM] unsigned short 
 Registers used:
		wreg, status,2, status,0
 Tracked objects:
		On entry : 
		On exit  : 
		Unchanged: 
 Data sizes:     COMRAM   BANK0   BANK1   BANK2   BANK3   BANK4   BANK5   BANK6   BANK7   BANK8   BANK9  BANK10  BANK11  BANK12
      Params:         4       0       0       0       0       0       0       0       0       0       0       0       0       0
      Locals:         1       0       0       0       0       0       0       0       0       0       0       0       0       0
      Temps:          0       0       0       0       0       0       0       0       0       0       0       0       0       0
      Totals:         5       0       0       0       0       0       0       0       0       0       0       0       0       0
Total ram usage:        5 bytes
 Hardware stack levels used:    1
 This function calls:
		Nothing
 This function is called by:
		_INT_isr
 This function uses a non-reentrant model


 *************** function i2_MOV_L_PASOS_Y *****************
 Defined at:
		line 69 in file "STEP_MOTOR.c"
 Parameters:    Size  Location     Type
  posicion        2    0[COMRAM] unsigned short 
  coordenada      2    2[COMRAM] unsigned short 
 Auto vars:     Size  Location     Type
  MOV_L_PASOS_    1    4[COMRAM] unsigned char 
 Return value:  Size  Location     Type
                  2    0[COMRAM] unsigned short 
 Registers used:
		wreg, status,2, status,0
 Tracked objects:
		On entry : 
		On exit  : 
		Unchanged: 
 Data sizes:     COMRAM   BANK0   BANK1   BANK2   BANK3   BANK4   BANK5   BANK6   BANK7   BANK8   BANK9  BANK10  BANK11  BANK12
      Params:         4       0       0       0       0       0       0       0       0       0       0       0       0       0
      Locals:         1       0       0       0       0       0       0       0       0       0       0       0       0       0
      Temps:          0       0       0       0       0       0       0       0       0       0       0       0       0       0
      Totals:         5       0       0       0       0       0       0       0       0       0       0       0       0       0
Total ram usage:        5 bytes
 Hardware stack levels used:    1
 This function calls:
		Nothing
 This function is called by:
		_INT_isr
 This function uses a non-reentrant model


 *************** function i2_MOV_L_PASOS_X *****************
 Defined at:
		line 33 in file "STEP_MOTOR.c"
 Parameters:    Size  Location     Type
  posicion        2    0[COMRAM] unsigned short 
  coordenada      2    2[COMRAM] unsigned short 
 Auto vars:     Size  Location     Type
  MOV_L_PASOS_    1    4[COMRAM] unsigned char 
 Return value:  Size  Location     Type
                  2    0[COMRAM] unsigned short 
 Registers used:
		wreg, status,2, status,0
 Tracked objects:
		On entry : 
		On exit  : 
		Unchanged: 
 Data sizes:     COMRAM   BANK0   BANK1   BANK2   BANK3   BANK4   BANK5   BANK6   BANK7   BANK8   BANK9  BANK10  BANK11  BANK12
      Params:         4       0       0       0       0       0       0       0       0       0       0       0       0       0
      Locals:         1       0       0       0       0       0       0       0       0       0       0       0       0       0
      Temps:          0       0       0       0       0       0       0       0       0       0       0       0       0       0
      Totals:         5       0       0       0       0       0       0       0       0       0       0       0       0       0
Total ram usage:        5 bytes
 Hardware stack levels used:    1
 This function calls:
		Nothing
 This function is called by:
		_INT_isr
 This function uses a non-reentrant model



MODULE INFORMATION

Module		Function		Class		Link	Load	Size
STEP_MOTOR.c
		_MOV_L_PASOS_X 		CODE           	164C	0000	121
		_MOV_L_PASOS_Y 		CODE           	15D4	0000	121
		_MOV_R_PASOS_X 		CODE           	173A	0000	119
		_MOV_R_PASOS_Y 		CODE           	16C4	0000	119
		_INIT_STEP     		CODE           	198A	0000	15

STEP_MOTOR.c estimated size: 495

BOTONES.c
		_DOWN_PLATFORM 		CODE           	18C4	0000	29
		_INIT_BUTTONS  		CODE           	19D6	0000	9
		_UP_PLATFORM   		CODE           	18A8	0000	29

BOTONES.c estimated size: 67

UART.c
		_INIT_UART     		CODE           	1978	0000	19
		_RECEIVE_UART  		CODE           	17B0	0000	97
		_SEND_UART     		CODE           	1962	0000	23

UART.c estimated size: 139

SERIAL.c
		_RECEIVE_STRING		CODE           	1810	0000	49
		_SEND_STRING   		CODE           	1364	0000	133

SERIAL.c estimated size: 182

SPARC_4585.c
		_INIT_INT      		CODE           	1866	0000	37
		_main          		CODE           	0D5E	0000	1389
		_INT_isr       		CODE           	0008	0000	161

SPARC_4585.c estimated size: 1587

MOTORES_DC.c
		_MOV_STOP_DC   		CODE           	19E6	0000	9
		_MOV_R_DC      		CODE           	19A6	0000	9
		_INIT_DC       		CODE           	19CE	0000	9
		_MOV_L_DC      		CODE           	19EE	0000	9

MOTORES_DC.c estimated size: 36

MENSAJES.c
		_ERROR_FUERA_LIMITE		CODE           	1948	0000	27
		_ERROR_NO_COMANDO		CODE           	192E	0000	27
		_FALTA_DATO    		CODE           	1914	0000	27
		_PROCESO       		CODE           	18FA	0000	27
		_TERMINADO     		CODE           	18E0	0000	27

MENSAJES.c estimated size: 135

LEDS.c
		_LEDS_OFF      		CODE           	19BE	0000	9
		_PROCESO_LEDS  		CODE           	19B6	0000	9
		_INIT_LEDS     		CODE           	19C6	0000	9
		_TERMINADO_LEDS		CODE           	19AE	0000	9
		_ERROR_LEDS    		CODE           	19DE	0000	9

LEDS.c estimated size: 45

shared
		i2_MOV_L_PASOS_X		CODE           	1464	0000	125
		i2_MOV_L_PASOS_Y		CODE           	13E8	0000	125
		i2_MOV_R_PASOS_X		CODE           	155A	0000	123
		i2_MOV_R_PASOS_Y		CODE           	14E0	0000	123
		__initialization		CODE           	188A	0000	13

shared estimated size: 509

GPIO.c
		_INIT_GPIO     		CODE           	1998	0000	15

GPIO.c estimated size: 15

C:\Program Files (x86)\Microchip\xc8\v2.10\pic\sources\c99\common\Umul16.c
		___wmul        		CODE           	1840	0000	39

C:\Program Files (x86)\Microchip\xc8\v2.10\pic\sources\c99\common\Umul16.c estimated size: 39

