Microchip MPLAB XC8 Compiler V2.10 ()

Linker command line:

-W-3 --edf=C:\Program Files (x86)\Microchip\xc8\v2.10\pic\dat\en_msgs.txt \
  -cs -h+dist/default/production\SPARC_4585.X.production.sym \
  --cmf=dist/default/production\SPARC_4585.X.production.cmf -z -Q18F4585 \
  -oC:\Users\araba\AppData\Local\Temp\s1jg.2 --defsym=__MPLAB_BUILD=1 \
  -Mdist/default/production/SPARC_4585.X.production.map -E1 -ver=XC8 \
  --acfsm=1493 -ASTACK=060h-0CFFh -pstack=STACK -ACODE=00h-0BFFFh \
  -ACONST=00h-0BFFFh -ASMALLCONST=0D00h-0DFFhx179 \
  -AMEDIUMCONST=0D00h-0BFFFh -ACOMRAM=01h-05Fh -AABS1=00h-0CFFh \
  -ABIGRAM=01h-0CFFh -ARAM=060h-0FFh,0100h-01FFhx12 -ABANK0=060h-0FFh \
  -ABANK1=0100h-01FFh -ABANK2=0200h-02FFh -ABANK3=0300h-03FFh \
  -ABANK4=0400h-04FFh -ABANK5=0500h-05FFh -ABANK6=0600h-06FFh \
  -ABANK7=0700h-07FFh -ABANK8=0800h-08FFh -ABANK9=0900h-09FFh \
  -ABANK10=0A00h-0AFFh -ABANK11=0B00h-0BFFh -ABANK12=0C00h-0CFFh \
  -ASFR=0D00h-0DFFhx2,0F00h-0F5Fh,0F60h-0FFFh \
  -preset_vec=00h,intcode=08h,intcodelo,powerup,init -pramtop=0D00h \
  -psmallconst=SMALLCONST -pmediumconst=MEDIUMCONST -pconst=CONST \
  -AFARRAM=00h-00h -ACONFIG=0300000h-030000Dh -pconfig=CONFIG \
  -AIDLOC=0200000h-0200007h -pidloc=IDLOC -AEEDATA=0F00000h-0F003FFh \
  -peeprom_data=EEDATA \
  -prdata=COMRAM,nvrram=COMRAM,nvbit=COMRAM,rbss=COMRAM,rbit=COMRAM \
  -pfarbss=FARRAM,fardata=FARRAM,nvFARRAM=FARRAM \
  -pintsave_regs=BIGRAM,bigbss=BIGRAM,bigdata=BIGRAM -pbss=RAM \
  -pidata=CODE,irdata=CODE,ibigdata=CODE,ifardata=CODE -prparam=COMRAM \
  C:\Users\araba\AppData\Local\Temp\s1jg.o \
  dist/default/production\SPARC_4585.X.production.o 

Object code version is 3.11

Machine type is 18F4585

Call graph: (short form)




                Name                               Link     Load   Length Selector   Space Scale
C:\Users\araba\AppData\Local\Temp\s1jg.o
                init                                  E        E        4        4       0
                reset_vec                             0        0        4        0       0
                idloc                            200000   200000        8   200000       0
                config                           300000   300000        E   300000       0
dist/default/production\SPARC_4585.X.production.o
                intcode                               8        8        6        4       0
                temp                                 3D       3D        1        1       1
                smallconst                          D00      D00       90      680       0
                text36                             1576     1576       7C      6C8       0
                text35                             14FA     14FA       7C      6C8       0
                text34                             166C     166C       7A      6C8       0
                text33                             15F2     15F2       7A      6C8       0
                text32                             1A26     1A26       16      6C8       0
                text31                             1362     1362       D0      6C8       0
                intcode_body                       1274     1274       EE      6C8       0
                text29                             1AB2     1AB2        8      6C8       0
                text28                             1AAA     1AAA        8      6C8       0
                text27                             1958     1958       1C      6C8       0
                text26                             1A10     1A10       16      6C8       0
                text25                             1432     1432       C8      6C8       0
                text24                             19F6     19F6       1A      6C8       0
                text23                             1AA2     1AA2        8      6C8       0
                text22                             19DC     19DC       1A      6C8       0
                text21                             1A9A     1A9A        8      6C8       0
                text20                             1A92     1A92        8      6C8       0
                text19                             1A5C     1A5C        E      6C8       0
                text18                             1918     1918       24      6C8       0
                text17                             1A8A     1A8A        8      6C8       0
                text16                             1A4E     1A4E        E      6C8       0
                text15                             1A3C     1A3C       12      6C8       0
                text14                             1A82     1A82        8      6C8       0
                text13                             175E     175E       78      6C8       0
                text12                             16E6     16E6       78      6C8       0
                text11                             184C     184C       76      6C8       0
                text10                             17D6     17D6       76      6C8       0
                text9                              19C2     19C2       1A      6C8       0
                text8                              1A7A     1A7A        8      6C8       0
                text7                              19A8     19A8       1A      6C8       0
                text6                              18C2     18C2       30      6C8       0
                text5                              198E     198E       1A      6C8       0
                text4                              1A72     1A72        8      6C8       0
                text3                              1A6A     1A6A        8      6C8       0
                text2                              193C     193C       1C      6C8       0
                text1                              18F2     18F2       26      6C8       0
                text0                               D90      D90      4E4      6C8       0
                cstackCOMRAM                          1        1       2B        1       1
                bssCOMRAM                            2C       2C       11        1       1
                cinit                              1974     1974       1A      6C8       0

TOTAL           Name                               Link     Load   Length     Space
        CLASS   STACK          

        CLASS   CODE           
                intcode                               8        8        6         0
                init                                  E        E        4         0
                reset_vec                             0        0        4         0
                text36                             1576     1576       7C         0
                text35                             14FA     14FA       7C         0
                text34                             166C     166C       7A         0
                text33                             15F2     15F2       7A         0
                text32                             1A26     1A26       16         0
                text31                             1362     1362       D0         0
                intcode_body                       1274     1274       EE         0
                text29                             1AB2     1AB2        8         0
                text28                             1AAA     1AAA        8         0
                text27                             1958     1958       1C         0
                text26                             1A10     1A10       16         0
                text25                             1432     1432       C8         0
                text24                             19F6     19F6       1A         0
                text23                             1AA2     1AA2        8         0
                text22                             19DC     19DC       1A         0
                text21                             1A9A     1A9A        8         0
                text20                             1A92     1A92        8         0
                text19                             1A5C     1A5C        E         0
                text18                             1918     1918       24         0
                text17                             1A8A     1A8A        8         0
                text16                             1A4E     1A4E        E         0
                text15                             1A3C     1A3C       12         0
                text14                             1A82     1A82        8         0
                text13                             175E     175E       78         0
                text12                             16E6     16E6       78         0
                text11                             184C     184C       76         0
                text10                             17D6     17D6       76         0
                text9                              19C2     19C2       1A         0
                text8                              1A7A     1A7A        8         0
                text7                              19A8     19A8       1A         0
                text6                              18C2     18C2       30         0
                text5                              198E     198E       1A         0
                text4                              1A72     1A72        8         0
                text3                              1A6A     1A6A        8         0
                text2                              193C     193C       1C         0
                text1                              18F2     18F2       26         0
                text0                               D90      D90      4E4         0
                cinit                              1974     1974       1A         0

        CLASS   CONST          

        CLASS   SMALLCONST     
                smallconst                          D00      D00       90         0

        CLASS   MEDIUMCONST    

        CLASS   COMRAM         
                temp                                 3D       3D        1         1
                cstackCOMRAM                          1        1       2B         1
                bssCOMRAM                            2C       2C       11         1

        CLASS   ABS1           

        CLASS   BIGRAM         

        CLASS   RAM            

        CLASS   BANK0          

        CLASS   BANK1          

        CLASS   BANK2          

        CLASS   BANK3          

        CLASS   BANK4          

        CLASS   BANK5          

        CLASS   BANK6          

        CLASS   BANK7          

        CLASS   BANK8          

        CLASS   BANK9          

        CLASS   BANK10         

        CLASS   BANK11         

        CLASS   BANK12         

        CLASS   SFR            

        CLASS   FARRAM         

        CLASS   CONFIG         
                config                           300000   300000        E         0

        CLASS   IDLOC          
                idloc                            200000   200000        8         0

        CLASS   EEDATA         



SEGMENTS        Name                           Load    Length   Top    Selector   Space  Class

                reset_vec                      000000  000004  000004         0       0  CODE    
                cstackCOMRAM                   000001  00003D  00003E         1       1  COMRAM  
                intcode                        000008  00000A  000012         4       0  CODE    
                smallconst                     000D00  000090  000D90       680       0  SMALLCON
                text0                          000D90  000D2A  001ABA       6C8       0  CODE    
                idloc                          200000  000008  200008    200000       0  IDLOC   
                config                         300000  00000E  30000E    300000       0  CONFIG  


UNUSED ADDRESS RANGES

        Name                Unused          Largest block    Delta
        BANK0            000060-0000FF               A0
        BANK1            000100-0001FF              100
        BANK10           000A00-000AFF              100
        BANK11           000B00-000BFF              100
        BANK12           000C00-000CFF              100
        BANK2            000200-0002FF              100
        BANK3            000300-0003FF              100
        BANK4            000400-0004FF              100
        BANK5            000500-0005FF              100
        BANK6            000600-0006FF              100
        BANK7            000700-0007FF              100
        BANK8            000800-0008FF              100
        BANK9            000900-0009FF              100
        BIGRAM           00003E-000CFF              CC2
        CODE             000004-000007                4
                         000012-000CFF              CEE
                         001ABA-00BFFF             A546
        COMRAM           00003E-00005F               22
        CONST            000004-000007                4
                         000012-000CFF              CEE
                         001ABA-00BFFF             A546
        EEDATA           F00000-F003FF              400
        MEDIUMCONST      001ABA-00BFFF             A546
        RAM              000060-000CFF              100
        SFR              000D00-000FFF              100
        SMALLCONST       001ABA-00BFFF              100
        STACK            000060-000CFF              CA0

                                  Symbol Table

?_MOV_L_PASOS_X              cstackCOMRAM 00000E
?_MOV_L_PASOS_Y              cstackCOMRAM 00000E
?_MOV_R_PASOS_X              cstackCOMRAM 00000E
?_MOV_R_PASOS_Y              cstackCOMRAM 00000E
?___wmul                     cstackCOMRAM 00000E
MOV_L_PASOS_X@coordenada     cstackCOMRAM 000010
MOV_L_PASOS_X@i              cstackCOMRAM 000012
MOV_L_PASOS_X@posicion       cstackCOMRAM 00000E
MOV_L_PASOS_Y@coordenada     cstackCOMRAM 000010
MOV_L_PASOS_Y@i              cstackCOMRAM 000012
MOV_L_PASOS_Y@posicion       cstackCOMRAM 00000E
MOV_R_PASOS_X@coordenada     cstackCOMRAM 000010
MOV_R_PASOS_X@i              cstackCOMRAM 000012
MOV_R_PASOS_X@posicion       cstackCOMRAM 00000E
MOV_R_PASOS_Y@coordenada     cstackCOMRAM 000010
MOV_R_PASOS_Y@i              cstackCOMRAM 000012
MOV_R_PASOS_Y@posicion       cstackCOMRAM 00000E
RECEIVE_STRING@guardarscan   cstackCOMRAM 00000E
RECEIVE_STRING@i             cstackCOMRAM 000011
RECEIVE_STRING@numcaracteres cstackCOMRAM 000010
SEND_STRING@PointString      cstackCOMRAM 00000F
SEND_STRING@i                cstackCOMRAM 000014
SEND_UART@TX_Data            cstackCOMRAM 00000E
_ADCON1                      (abs)        000FC1
_AjusteZ                     bssCOMRAM    000038
_BuscandoHomeX               bssCOMRAM    00003B
_BuscandoHomeY               bssCOMRAM    00003A
_CMCON                       (abs)        000FB4
_CVRCONbits                  (abs)        000FB5
_DOWN_PLATFORM               text27       001958
_ERROR_FUERA_LIMITE          text24       0019F6
_ERROR_LEDS                  text23       001AA2
_ERROR_NO_COMANDO            text22       0019DC
_INIT_BUTTONS                text21       001A9A
_INIT_DC                     text20       001A92
_INIT_GPIO                   text19       001A5C
_INIT_INT                    text18       001918
_INIT_LEDS                   text17       001A8A
_INIT_STEP                   text16       001A4E
_INIT_UART                   text15       001A3C
_INTCON2bits                 (abs)        000FF1
_INTCON3bits                 (abs)        000FF0
_INTCONbits                  (abs)        000FF2
_INT_isr                     intcode      000008
_LATBbits                    (abs)        000F8A
_LATDbits                    (abs)        000F8C
_LEDS_OFF                    text14       001A82
_MOV_L_DC                    text29       001AB2
_MOV_L_PASOS_X               text13       00175E
_MOV_L_PASOS_Y               text12       0016E6
_MOV_R_DC                    text3        001A6A
_MOV_R_PASOS_X               text11       00184C
_MOV_R_PASOS_Y               text10       0017D6
_MOV_STOP_DC                 text28       001AAA
_OSCCON                      (abs)        000FD3
_PIR1bits                    (abs)        000F9E
_PORTA                       (abs)        000F80
_PORTAbits                   (abs)        000F80
_PORTB                       (abs)        000F81
_PORTC                       (abs)        000F82
_PORTCbits                   (abs)        000F82
_PORTD                       (abs)        000F83
_PORTDbits                   (abs)        000F83
_PORTE                       (abs)        000F84
_PORTEbits                   (abs)        000F84
_PROCESO                     text9        0019C2
_PROCESO_LEDS                text8        001A7A
_PosicionX                   bssCOMRAM    00002E
_PosicionY                   bssCOMRAM    00002C
_RCONbits                    (abs)        000FD0
_RCREG                       (abs)        000FAE
_RCSTA                       (abs)        000FAB
_RCSTAbits                   (abs)        000FAB
_RECEIVE_STRING              text6        0018C2
_RECEIVE_UART                text7        0019A8
_RX_Data                     bssCOMRAM    00003C
_SEND_STRING                 text25       001432
_SEND_UART                   text26       001A10
_SPBRG                       (abs)        000FAF
_TERMINADO                   text5        00198E
_TERMINADO_LEDS              text4        001A72
_TRISAbits                   (abs)        000F92
_TRISBbits                   (abs)        000F93
_TRISCbits                   (abs)        000F94
_TRISDbits                   (abs)        000F95
_TRISEbits                   (abs)        000F96
_TXREG                       (abs)        000FAD
_TXSTA                       (abs)        000FAC
_TXSTAbits                   (abs)        000FAC
_TaskReceive                 bssCOMRAM    000039
_UP_PLATFORM                 text2        00193C
_X                           bssCOMRAM    000036
_XReceive                    bssCOMRAM    000032
_Y                           bssCOMRAM    000034
_YReceive                    bssCOMRAM    000030
__CFG_LVP$OFF                (abs)        000000
__CFG_MCLRE$ON               (abs)        000000
__CFG_OSC$IRCIO67            (abs)        000000
__CFG_PBADEN$OFF             (abs)        000000
__CFG_WDT$OFF                (abs)        000000
__HRAM                       (abs)        000000
__Habs1                      abs1         000000
__Hbank0                     bank0        000000
__Hbank1                     bank1        000000
__Hbank10                    bank10       000000
__Hbank11                    bank11       000000
__Hbank12                    bank12       000000
__Hbank2                     bank2        000000
__Hbank3                     bank3        000000
__Hbank4                     bank4        000000
__Hbank5                     bank5        000000
__Hbank6                     bank6        000000
__Hbank7                     bank7        000000
__Hbank8                     bank8        000000
__Hbank9                     bank9        000000
__Hbigbss                    bigbss       000000
__Hbigdata                   bigdata      000000
__Hbigram                    bigram       000000
__Hbss                       bss          000000
__HbssCOMRAM                 bssCOMRAM    000000
__Hcinit                     cinit        000000
__Hclrtext                   clrtext      000000
__Hcomram                    comram       000000
__Hconfig                    config       30000E
__Hconst                     const        000000
__HcstackCOMRAM              cstackCOMRAM 000000
__Hdata                      data         000000
__Heeprom_data               eeprom_data  000000
__Hfarbss                    farbss       000000
__Hfardata                   fardata      000000
__Hibigdata                  ibigdata     000000
__Hidata                     idata        000000
__Hidloc                     idloc        200008
__Hifardata                  ifardata     000000
__Hinit                      init         000012
__Hintcode                   intcode      00000E
__Hintcode_body              intcode_body 000000
__Hintcodelo                 intcodelo    00000E
__Hintentry                  intentry     000000
__Hintret                    intret       000000
__Hintsave_regs              intsave_regs 000000
__Hirdata                    irdata       000000
__Hmediumconst               mediumconst  000000
__HnvFARRAM                  nvFARRAM     000000
__Hnvbit                     nvbit        000000
__Hnvrram                    nvrram       000000
__Hparam                     rparam       000000
__Hpowerup                   powerup      00000E
__Hram                       ram          000000
__Hramtop                    ramtop       000D00
__Hrbit                      rbit         000000
__Hrbss                      rbss         000000
__Hrdata                     rdata        000000
__Hreset_vec                 reset_vec    000004
__Hrparam                    rparam       000000
__Hsfr                       sfr          000000
__Hsmallconst                smallconst   000D90
__Hspace_0                   (abs)        30000E
__Hspace_1                   (abs)        00003E
__Hspace_2                   (abs)        000000
__Hstack                     stack        000000
__Hstruct                    struct       000000
__Htemp                      temp         00003E
__Htext                      text         000000
__Htext0                     text0        000000
__Htext1                     text1        000000
__Htext10                    text10       000000
__Htext11                    text11       000000
__Htext12                    text12       000000
__Htext13                    text13       000000
__Htext14                    text14       000000
__Htext15                    text15       000000
__Htext16                    text16       000000
__Htext17                    text17       000000
__Htext18                    text18       000000
__Htext19                    text19       000000
__Htext2                     text2        000000
__Htext20                    text20       000000
__Htext21                    text21       000000
__Htext22                    text22       000000
__Htext23                    text23       000000
__Htext24                    text24       000000
__Htext25                    text25       000000
__Htext26                    text26       000000
__Htext27                    text27       000000
__Htext28                    text28       000000
__Htext29                    text29       000000
__Htext3                     text3        000000
__Htext31                    text31       000000
__Htext32                    text32       000000
__Htext33                    text33       000000
__Htext34                    text34       000000
__Htext35                    text35       000000
__Htext36                    text36       000000
__Htext4                     text4        000000
__Htext5                     text5        000000
__Htext6                     text6        000000
__Htext7                     text7        000000
__Htext8                     text8        000000
__Htext9                     text9        000000
__LRAM                       (abs)        000001
__Labs1                      abs1         000000
__Lbank0                     bank0        000000
__Lbank1                     bank1        000000
__Lbank10                    bank10       000000
__Lbank11                    bank11       000000
__Lbank12                    bank12       000000
__Lbank2                     bank2        000000
__Lbank3                     bank3        000000
__Lbank4                     bank4        000000
__Lbank5                     bank5        000000
__Lbank6                     bank6        000000
__Lbank7                     bank7        000000
__Lbank8                     bank8        000000
__Lbank9                     bank9        000000
__Lbigbss                    bigbss       000000
__Lbigdata                   bigdata      000000
__Lbigram                    bigram       000000
__Lbss                       bss          000000
__LbssCOMRAM                 bssCOMRAM    000000
__Lcinit                     cinit        000000
__Lclrtext                   clrtext      000000
__Lcomram                    comram       000000
__Lconfig                    config       300000
__Lconst                     const        000000
__LcstackCOMRAM              cstackCOMRAM 000000
__Ldata                      data         000000
__Leeprom_data               eeprom_data  000000
__Lfarbss                    farbss       000000
__Lfardata                   fardata      000000
__Libigdata                  ibigdata     000000
__Lidata                     idata        000000
__Lidloc                     idloc        200000
__Lifardata                  ifardata     000000
__Linit                      init         00000E
__Lintcode                   intcode      000008
__Lintcode_body              intcode_body 000000
__Lintcodelo                 intcodelo    00000E
__Lintentry                  intentry     000000
__Lintret                    intret       000000
__Lintsave_regs              intsave_regs 000000
__Lirdata                    irdata       000000
__Lmediumconst               mediumconst  000000
__LnvFARRAM                  nvFARRAM     000000
__Lnvbit                     nvbit        000000
__Lnvrram                    nvrram       000000
__Lparam                     rparam       000000
__Lpowerup                   powerup      00000E
__Lram                       ram          000000
__Lramtop                    ramtop       000D00
__Lrbit                      rbit         000000
__Lrbss                      rbss         000000
__Lrdata                     rdata        000000
__Lreset_vec                 reset_vec    000000
__Lrparam                    rparam       000000
__Lsfr                       sfr          000000
__Lsmallconst                smallconst   000D00
__Lspace_0                   (abs)        000000
__Lspace_1                   (abs)        000000
__Lspace_2                   (abs)        000000
__Lstack                     stack        000000
__Lstruct                    struct       000000
__Ltemp                      temp         00003D
__Ltext                      text         000000
__Ltext0                     text0        000000
__Ltext1                     text1        000000
__Ltext10                    text10       000000
__Ltext11                    text11       000000
__Ltext12                    text12       000000
__Ltext13                    text13       000000
__Ltext14                    text14       000000
__Ltext15                    text15       000000
__Ltext16                    text16       000000
__Ltext17                    text17       000000
__Ltext18                    text18       000000
__Ltext19                    text19       000000
__Ltext2                     text2        000000
__Ltext20                    text20       000000
__Ltext21                    text21       000000
__Ltext22                    text22       000000
__Ltext23                    text23       000000
__Ltext24                    text24       000000
__Ltext25                    text25       000000
__Ltext26                    text26       000000
__Ltext27                    text27       000000
__Ltext28                    text28       000000
__Ltext29                    text29       000000
__Ltext3                     text3        000000
__Ltext31                    text31       000000
__Ltext32                    text32       000000
__Ltext33                    text33       000000
__Ltext34                    text34       000000
__Ltext35                    text35       000000
__Ltext36                    text36       000000
__Ltext4                     text4        000000
__Ltext5                     text5        000000
__Ltext6                     text6        000000
__Ltext7                     text7        000000
__Ltext8                     text8        000000
__Ltext9                     text9        000000
__S0                         (abs)        30000E
__S1                         (abs)        00003E
__S2                         (abs)        000000
___inthi_sp                  stack        000000
___intlo_sp                  stack        000000
___param_bank                (abs)        000000
___rparam_used               (abs)        000001
___sp                        stack        000000
___wmul                      text1        0018F2
___wmul@multiplicand         cstackCOMRAM 000010
___wmul@multiplier           cstackCOMRAM 00000E
___wmul@product              cstackCOMRAM 000012
__accesstop                  (abs)        000060
__activetblptr               (abs)        000002
__end_of_DOWN_PLATFORM       text27       001974
__end_of_ERROR_FUERA_LIMITE  text24       001A10
__end_of_ERROR_LEDS          text23       001AAA
__end_of_ERROR_NO_COMANDO    text22       0019F6
__end_of_INIT_BUTTONS        text21       001AA2
__end_of_INIT_DC             text20       001A9A
__end_of_INIT_GPIO           text19       001A6A
__end_of_INIT_INT            text18       00193C
__end_of_INIT_LEDS           text17       001A92
__end_of_INIT_STEP           text16       001A5C
__end_of_INIT_UART           text15       001A4E
__end_of_INT_isr             intcode_body 001362
__end_of_LEDS_OFF            text14       001A8A
__end_of_MOV_L_DC            text29       001ABA
__end_of_MOV_L_PASOS_X       text13       0017D6
__end_of_MOV_L_PASOS_Y       text12       00175E
__end_of_MOV_R_DC            text3        001A72
__end_of_MOV_R_PASOS_X       text11       0018C2
__end_of_MOV_R_PASOS_Y       text10       00184C
__end_of_MOV_STOP_DC         text28       001AB2
__end_of_PROCESO             text9        0019DC
__end_of_PROCESO_LEDS        text8        001A82
__end_of_RECEIVE_STRING      text6        0018F2
__end_of_RECEIVE_UART        text7        0019C2
__end_of_SEND_STRING         text25       0014FA
__end_of_SEND_UART           text26       001A26
__end_of_TERMINADO           text5        0019A8
__end_of_TERMINADO_LEDS      text4        001A7A
__end_of_UP_PLATFORM         text2        001958
__end_of___wmul              text1        001918
__end_of__initialization     cinit        001980
__end_of_main                text0        001274
__end_ofi2_MOV_L_PASOS_X     text36       0015F2
__end_ofi2_MOV_L_PASOS_Y     text35       001576
__end_ofi2_MOV_R_PASOS_X     text34       0016E6
__end_ofi2_MOV_R_PASOS_Y     text33       00166C
__end_ofi2_SEND_STRING       text31       001432
__end_ofi2_SEND_UART         text32       001A3C
__initialization             cinit        001974
__mediumconst                mediumconst  000000
__pbssCOMRAM                 bssCOMRAM    00002C
__pcinit                     cinit        001974
__pcstackCOMRAM              cstackCOMRAM 000001
__pintcode                   intcode      000008
__pintcode_body              intcode_body 001274
__psmallconst                smallconst   000D00
__ptext0                     text0        000D90
__ptext1                     text1        0018F2
__ptext10                    text10       0017D6
__ptext11                    text11       00184C
__ptext12                    text12       0016E6
__ptext13                    text13       00175E
__ptext14                    text14       001A82
__ptext15                    text15       001A3C
__ptext16                    text16       001A4E
__ptext17                    text17       001A8A
__ptext18                    text18       001918
__ptext19                    text19       001A5C
__ptext2                     text2        00193C
__ptext20                    text20       001A92
__ptext21                    text21       001A9A
__ptext22                    text22       0019DC
__ptext23                    text23       001AA2
__ptext24                    text24       0019F6
__ptext25                    text25       001432
__ptext26                    text26       001A10
__ptext27                    text27       001958
__ptext28                    text28       001AAA
__ptext29                    text29       001AB2
__ptext3                     text3        001A6A
__ptext31                    text31       001362
__ptext32                    text32       001A26
__ptext33                    text33       0015F2
__ptext34                    text34       00166C
__ptext35                    text35       0014FA
__ptext36                    text36       001576
__ptext4                     text4        001A72
__ptext5                     text5        00198E
__ptext6                     text6        0018C2
__ptext7                     text7        0019A8
__ptext8                     text8        001A7A
__ptext9                     text9        0019C2
__ramtop                     ramtop       000D00
__size_of_DOWN_PLATFORM      (abs)        000000
__size_of_ERROR_FUERA_LIMITE (abs)        000000
__size_of_ERROR_LEDS         (abs)        000000
__size_of_ERROR_NO_COMANDO   (abs)        000000
__size_of_INIT_BUTTONS       (abs)        000000
__size_of_INIT_DC            (abs)        000000
__size_of_INIT_GPIO          (abs)        000000
__size_of_INIT_INT           (abs)        000000
__size_of_INIT_LEDS          (abs)        000000
__size_of_INIT_STEP          (abs)        000000
__size_of_INIT_UART          (abs)        000000
__size_of_INT_isr            (abs)        000000
__size_of_LEDS_OFF           (abs)        000000
__size_of_MOV_L_DC           (abs)        000000
__size_of_MOV_L_PASOS_X      (abs)        000000
__size_of_MOV_L_PASOS_Y      (abs)        000000
__size_of_MOV_R_DC           (abs)        000000
__size_of_MOV_R_PASOS_X      (abs)        000000
__size_of_MOV_R_PASOS_Y      (abs)        000000
__size_of_MOV_STOP_DC        (abs)        000000
__size_of_PROCESO            (abs)        000000
__size_of_PROCESO_LEDS       (abs)        000000
__size_of_RECEIVE_STRING     (abs)        000000
__size_of_RECEIVE_UART       (abs)        000000
__size_of_SEND_STRING        (abs)        000000
__size_of_SEND_UART          (abs)        000000
__size_of_TERMINADO          (abs)        000000
__size_of_TERMINADO_LEDS     (abs)        000000
__size_of_UP_PLATFORM        (abs)        000000
__size_of___wmul             (abs)        000000
__size_of_main               (abs)        000000
__size_ofi2_MOV_L_PASOS_X    (abs)        000000
__size_ofi2_MOV_L_PASOS_Y    (abs)        000000
__size_ofi2_MOV_R_PASOS_X    (abs)        000000
__size_ofi2_MOV_R_PASOS_Y    (abs)        000000
__size_ofi2_SEND_STRING      (abs)        000000
__size_ofi2_SEND_UART        (abs)        000000
__smallconst                 smallconst   000D00
_main                        text0        000D90
btemp                        temp         00003D
end_of_initialization        cinit        001980
i2MOV_L_PASOS_X@coordenada   cstackCOMRAM 000003
i2MOV_L_PASOS_X@i            cstackCOMRAM 000005
i2MOV_L_PASOS_X@posicion     cstackCOMRAM 000001
i2MOV_L_PASOS_Y@coordenada   cstackCOMRAM 000003
i2MOV_L_PASOS_Y@i            cstackCOMRAM 000005
i2MOV_L_PASOS_Y@posicion     cstackCOMRAM 000001
i2MOV_R_PASOS_X@coordenada   cstackCOMRAM 000003
i2MOV_R_PASOS_X@i            cstackCOMRAM 000005
i2MOV_R_PASOS_X@posicion     cstackCOMRAM 000001
i2MOV_R_PASOS_Y@coordenada   cstackCOMRAM 000003
i2MOV_R_PASOS_Y@i            cstackCOMRAM 000005
i2MOV_R_PASOS_Y@posicion     cstackCOMRAM 000001
i2SEND_STRING@PointString    cstackCOMRAM 000002
i2SEND_STRING@i              cstackCOMRAM 000007
i2SEND_UART@TX_Data          cstackCOMRAM 000001
i2_MOV_L_PASOS_X             text36       001576
i2_MOV_L_PASOS_Y             text35       0014FA
i2_MOV_R_PASOS_X             text34       00166C
i2_MOV_R_PASOS_Y             text33       0015F2
i2_SEND_STRING               text31       001362
i2_SEND_UART                 text32       001A26
int$flags                    temp         00003D
int_func                     intcode_body 001274
intlevel0                    text         000000
intlevel1                    text         000000
intlevel2                    text         000000
intlevel3                    text         000000
main@Centenasx               cstackCOMRAM 000017
main@Centenasy               cstackCOMRAM 00001D
main@Decenasx                cstackCOMRAM 000019
main@Decenasy                cstackCOMRAM 00001F
main@Instruccion             cstackCOMRAM 000026
main@Ptrcoordenadas          cstackCOMRAM 000023
main@Task                    cstackCOMRAM 000025
main@Unidadx                 cstackCOMRAM 00001B
main@Unidady                 cstackCOMRAM 000021
stackhi                      (abs)        000CFF
stacklo                      (abs)        000060
start                        init         00000E
start_initialization         cinit        001974
ttemp5                       temp         00003E
ttemp6                       temp         000041
ttemp7                       temp         000045
wtemp8                       temp         00003E


FUNCTION INFORMATION:

 *************** function _main *****************
 Defined at:
		line 27 in file "SPARC_4585.c"
 Parameters:    Size  Location     Type
		None
 Auto vars:     Size  Location     Type
  Ptrcoordenad    2   34[COMRAM] PTR unsigned char 
		 -> main@Instruccion(6), 
  Unidady         2   32[COMRAM] unsigned short 
  Decenasy        2   30[COMRAM] unsigned short 
  Centenasy       2   28[COMRAM] unsigned short 
  Unidadx         2   26[COMRAM] unsigned short 
  Decenasx        2   24[COMRAM] unsigned short 
  Centenasx       2   22[COMRAM] unsigned short 
  Instruccion     6   37[COMRAM] struct .
  Task            1   36[COMRAM] unsigned char 
 Return value:  Size  Location     Type
                  1    wreg      void 
 Registers used:
		wreg, fsr0l, fsr0h, fsr2l, fsr2h, status,2, status,0, tblptrl, tblptrh, tblptru, prodl, prodh, cstack
 Tracked objects:
		On entry : 
		On exit  : 
		Unchanged: 
 Data sizes:     COMRAM   BANK0   BANK1   BANK2   BANK3   BANK4   BANK5   BANK6   BANK7   BANK8   BANK9  BANK10  BANK11  BANK12
      Params:         0       0       0       0       0       0       0       0       0       0       0       0       0       0
      Locals:        21       0       0       0       0       0       0       0       0       0       0       0       0       0
      Temps:          2       0       0       0       0       0       0       0       0       0       0       0       0       0
      Totals:        23       0       0       0       0       0       0       0       0       0       0       0       0       0
Total ram usage:       23 bytes
 Hardware stack levels required when called:    6
 This function calls:
		_DOWN_PLATFORM
		_ERROR_FUERA_LIMITE
		_ERROR_LEDS
		_ERROR_NO_COMANDO
		_INIT_BUTTONS
		_INIT_DC
		_INIT_GPIO
		_INIT_INT
		_INIT_LEDS
		_INIT_STEP
		_INIT_UART
		_LEDS_OFF
		_MOV_L_PASOS_X
		_MOV_L_PASOS_Y
		_MOV_R_PASOS_X
		_MOV_R_PASOS_Y
		_PROCESO
		_PROCESO_LEDS
		_RECEIVE_STRING
		_RECEIVE_UART
		_SEND_STRING
		_TERMINADO
		_TERMINADO_LEDS
		_UP_PLATFORM
		___wmul
 This function is called by:
		Startup code after reset
 This function uses a non-reentrant model


 *************** function ___wmul *****************
 Defined at:
		line 15 in file "C:\Program Files (x86)\Microchip\xc8\v2.10\pic\sources\c99\common\Umul16.c"
 Parameters:    Size  Location     Type
  multiplier      2   13[COMRAM] unsigned int 
  multiplicand    2   15[COMRAM] unsigned int 
 Auto vars:     Size  Location     Type
  product         2   17[COMRAM] unsigned int 
 Return value:  Size  Location     Type
                  2   13[COMRAM] unsigned int 
 Registers used:
		wreg, status,2, status,0, prodl, prodh
 Tracked objects:
		On entry : 
		On exit  : 
		Unchanged: 
 Data sizes:     COMRAM   BANK0   BANK1   BANK2   BANK3   BANK4   BANK5   BANK6   BANK7   BANK8   BANK9  BANK10  BANK11  BANK12
      Params:         4       0       0       0       0       0       0       0       0       0       0       0       0       0
      Locals:         2       0       0       0       0       0       0       0       0       0       0       0       0       0
      Temps:          0       0       0       0       0       0       0       0       0       0       0       0       0       0
      Totals:         6       0       0       0       0       0       0       0       0       0       0       0       0       0
Total ram usage:        6 bytes
 Hardware stack levels used:    1
 Hardware stack levels required when called:    3
 This function calls:
		Nothing
 This function is called by:
		_main
 This function uses a non-reentrant model


 *************** function _UP_PLATFORM *****************
 Defined at:
		line 12 in file "BOTONES.c"
 Parameters:    Size  Location     Type
		None
 Auto vars:     Size  Location     Type
		None
 Return value:  Size  Location     Type
                  1    wreg      void 
 Registers used:
		cstack
 Tracked objects:
		On entry : 
		On exit  : 
		Unchanged: 
 Data sizes:     COMRAM   BANK0   BANK1   BANK2   BANK3   BANK4   BANK5   BANK6   BANK7   BANK8   BANK9  BANK10  BANK11  BANK12
      Params:         0       0       0       0       0       0       0       0       0       0       0       0       0       0
      Locals:         0       0       0       0       0       0       0       0       0       0       0       0       0       0
      Temps:          0       0       0       0       0       0       0       0       0       0       0       0       0       0
      Totals:         0       0       0       0       0       0       0       0       0       0       0       0       0       0
Total ram usage:        0 bytes
 Hardware stack levels used:    1
 Hardware stack levels required when called:    4
 This function calls:
		_MOV_R_DC
		_MOV_STOP_DC
 This function is called by:
		_main
 This function uses a non-reentrant model


 *************** function _MOV_R_DC *****************
 Defined at:
		line 11 in file "MOTORES_DC.c"
 Parameters:    Size  Location     Type
		None
 Auto vars:     Size  Location     Type
		None
 Return value:  Size  Location     Type
                  1    wreg      void 
 Registers used:
		None
 Tracked objects:
		On entry : 
		On exit  : 
		Unchanged: 
 Data sizes:     COMRAM   BANK0   BANK1   BANK2   BANK3   BANK4   BANK5   BANK6   BANK7   BANK8   BANK9  BANK10  BANK11  BANK12
      Params:         0       0       0       0       0       0       0       0       0       0       0       0       0       0
      Locals:         0       0       0       0       0       0       0       0       0       0       0       0       0       0
      Temps:          0       0       0       0       0       0       0       0       0       0       0       0       0       0
      Totals:         0       0       0       0       0       0       0       0       0       0       0       0       0       0
Total ram usage:        0 bytes
 Hardware stack levels used:    1
 Hardware stack levels required when called:    3
 This function calls:
		Nothing
 This function is called by:
		_UP_PLATFORM
 This function uses a non-reentrant model


 *************** function _TERMINADO_LEDS *****************
 Defined at:
		line 29 in file "LEDS.c"
 Parameters:    Size  Location     Type
		None
 Auto vars:     Size  Location     Type
		None
 Return value:  Size  Location     Type
                  1    wreg      void 
 Registers used:
		None
 Tracked objects:
		On entry : 
		On exit  : 
		Unchanged: 
 Data sizes:     COMRAM   BANK0   BANK1   BANK2   BANK3   BANK4   BANK5   BANK6   BANK7   BANK8   BANK9  BANK10  BANK11  BANK12
      Params:         0       0       0       0       0       0       0       0       0       0       0       0       0       0
      Locals:         0       0       0       0       0       0       0       0       0       0       0       0       0       0
      Temps:          0       0       0       0       0       0       0       0       0       0       0       0       0       0
      Totals:         0       0       0       0       0       0       0       0       0       0       0       0       0       0
Total ram usage:        0 bytes
 Hardware stack levels used:    1
 Hardware stack levels required when called:    3
 This function calls:
		Nothing
 This function is called by:
		_main
 This function uses a non-reentrant model


 *************** function _TERMINADO *****************
 Defined at:
		line 18 in file "MENSAJES.c"
 Parameters:    Size  Location     Type
		None
 Auto vars:     Size  Location     Type
		None
 Return value:  Size  Location     Type
                  1    wreg      void 
 Registers used:
		wreg, fsr0l, fsr0h, status,2, status,0, tblptrl, tblptrh, tblptru, cstack
 Tracked objects:
		On entry : 
		On exit  : 
		Unchanged: 
 Data sizes:     COMRAM   BANK0   BANK1   BANK2   BANK3   BANK4   BANK5   BANK6   BANK7   BANK8   BANK9  BANK10  BANK11  BANK12
      Params:         0       0       0       0       0       0       0       0       0       0       0       0       0       0
      Locals:         0       0       0       0       0       0       0       0       0       0       0       0       0       0
      Temps:          0       0       0       0       0       0       0       0       0       0       0       0       0       0
      Totals:         0       0       0       0       0       0       0       0       0       0       0       0       0       0
Total ram usage:        0 bytes
 Hardware stack levels used:    1
 Hardware stack levels required when called:    5
 This function calls:
		_SEND_STRING
		_SEND_UART
 This function is called by:
		_main
 This function uses a non-reentrant model


 *************** function _RECEIVE_STRING *****************
 Defined at:
		line 15 in file "SERIAL.c"
 Parameters:    Size  Location     Type
  guardarscan     2   13[COMRAM] PTR unsigned char 
		 -> main@Instruccion(6), 
  numcaractere    1   15[COMRAM] unsigned char 
 Auto vars:     Size  Location     Type
  i               1   16[COMRAM] unsigned char 
 Return value:  Size  Location     Type
                  1    wreg      void 
 Registers used:
		wreg, fsr2l, fsr2h, status,2, status,0, cstack
 Tracked objects:
		On entry : 
		On exit  : 
		Unchanged: 
 Data sizes:     COMRAM   BANK0   BANK1   BANK2   BANK3   BANK4   BANK5   BANK6   BANK7   BANK8   BANK9  BANK10  BANK11  BANK12
      Params:         3       0       0       0       0       0       0       0       0       0       0       0       0       0
      Locals:         1       0       0       0       0       0       0       0       0       0       0       0       0       0
      Temps:          0       0       0       0       0       0       0       0       0       0       0       0       0       0
      Totals:         4       0       0       0       0       0       0       0       0       0       0       0       0       0
Total ram usage:        4 bytes
 Hardware stack levels used:    1
 Hardware stack levels required when called:    4
 This function calls:
		_RECEIVE_UART
 This function is called by:
		_main
 This function uses a non-reentrant model


 *************** function _RECEIVE_UART *****************
 Defined at:
		line 23 in file "UART.c"
 Parameters:    Size  Location     Type
		None
 Auto vars:     Size  Location     Type
		None
 Return value:  Size  Location     Type
                  1    wreg      unsigned char 
 Registers used:
		wreg, status,2
 Tracked objects:
		On entry : 
		On exit  : 
		Unchanged: 
 Data sizes:     COMRAM   BANK0   BANK1   BANK2   BANK3   BANK4   BANK5   BANK6   BANK7   BANK8   BANK9  BANK10  BANK11  BANK12
      Params:         0       0       0       0       0       0       0       0       0       0       0       0       0       0
      Locals:         0       0       0       0       0       0       0       0       0       0       0       0       0       0
      Temps:          0       0       0       0       0       0       0       0       0       0       0       0       0       0
      Totals:         0       0       0       0       0       0       0       0       0       0       0       0       0       0
Total ram usage:        0 bytes
 Hardware stack levels used:    1
 Hardware stack levels required when called:    3
 This function calls:
		Nothing
 This function is called by:
		_RECEIVE_STRING
		_main
 This function uses a non-reentrant model


 *************** function _PROCESO_LEDS *****************
 Defined at:
		line 23 in file "LEDS.c"
 Parameters:    Size  Location     Type
		None
 Auto vars:     Size  Location     Type
		None
 Return value:  Size  Location     Type
                  1    wreg      void 
 Registers used:
		None
 Tracked objects:
		On entry : 
		On exit  : 
		Unchanged: 
 Data sizes:     COMRAM   BANK0   BANK1   BANK2   BANK3   BANK4   BANK5   BANK6   BANK7   BANK8   BANK9  BANK10  BANK11  BANK12
      Params:         0       0       0       0       0       0       0       0       0       0       0       0       0       0
      Locals:         0       0       0       0       0       0       0       0       0       0       0       0       0       0
      Temps:          0       0       0       0       0       0       0       0       0       0       0       0       0       0
      Totals:         0       0       0       0       0       0       0       0       0       0       0       0       0       0
Total ram usage:        0 bytes
 Hardware stack levels used:    1
 Hardware stack levels required when called:    3
 This function calls:
		Nothing
 This function is called by:
		_main
 This function uses a non-reentrant model


 *************** function _PROCESO *****************
 Defined at:
		line 24 in file "MENSAJES.c"
 Parameters:    Size  Location     Type
		None
 Auto vars:     Size  Location     Type
		None
 Return value:  Size  Location     Type
                  1    wreg      void 
 Registers used:
		wreg, fsr0l, fsr0h, status,2, status,0, tblptrl, tblptrh, tblptru, cstack
 Tracked objects:
		On entry : 
		On exit  : 
		Unchanged: 
 Data sizes:     COMRAM   BANK0   BANK1   BANK2   BANK3   BANK4   BANK5   BANK6   BANK7   BANK8   BANK9  BANK10  BANK11  BANK12
      Params:         0       0       0       0       0       0       0       0       0       0       0       0       0       0
      Locals:         0       0       0       0       0       0       0       0       0       0       0       0       0       0
      Temps:          0       0       0       0       0       0       0       0       0       0       0       0       0       0
      Totals:         0       0       0       0       0       0       0       0       0       0       0       0       0       0
Total ram usage:        0 bytes
 Hardware stack levels used:    1
 Hardware stack levels required when called:    5
 This function calls:
		_SEND_STRING
		_SEND_UART
 This function is called by:
		_main
 This function uses a non-reentrant model


 *************** function _MOV_R_PASOS_Y *****************
 Defined at:
		line 51 in file "STEP_MOTOR.c"
 Parameters:    Size  Location     Type
  posicion        2   13[COMRAM] unsigned short 
  coordenada      2   15[COMRAM] unsigned short 
 Auto vars:     Size  Location     Type
  i               1   17[COMRAM] unsigned char 
 Return value:  Size  Location     Type
                  2   13[COMRAM] unsigned short 
 Registers used:
		wreg, status,2, status,0
 Tracked objects:
		On entry : 
		On exit  : 
		Unchanged: 
 Data sizes:     COMRAM   BANK0   BANK1   BANK2   BANK3   BANK4   BANK5   BANK6   BANK7   BANK8   BANK9  BANK10  BANK11  BANK12
      Params:         4       0       0       0       0       0       0       0       0       0       0       0       0       0
      Locals:         1       0       0       0       0       0       0       0       0       0       0       0       0       0
      Temps:          0       0       0       0       0       0       0       0       0       0       0       0       0       0
      Totals:         5       0       0       0       0       0       0       0       0       0       0       0       0       0
Total ram usage:        5 bytes
 Hardware stack levels used:    1
 Hardware stack levels required when called:    3
 This function calls:
		Nothing
 This function is called by:
		_main
 This function uses a non-reentrant model


 *************** function _MOV_R_PASOS_X *****************
 Defined at:
		line 15 in file "STEP_MOTOR.c"
 Parameters:    Size  Location     Type
  posicion        2   13[COMRAM] unsigned short 
  coordenada      2   15[COMRAM] unsigned short 
 Auto vars:     Size  Location     Type
  i               1   17[COMRAM] unsigned char 
 Return value:  Size  Location     Type
                  2   13[COMRAM] unsigned short 
 Registers used:
		wreg, status,2, status,0
 Tracked objects:
		On entry : 
		On exit  : 
		Unchanged: 
 Data sizes:     COMRAM   BANK0   BANK1   BANK2   BANK3   BANK4   BANK5   BANK6   BANK7   BANK8   BANK9  BANK10  BANK11  BANK12
      Params:         4       0       0       0       0       0       0       0       0       0       0       0       0       0
      Locals:         1       0       0       0       0       0       0       0       0       0       0       0       0       0
      Temps:          0       0       0       0       0       0       0       0       0       0       0       0       0       0
      Totals:         5       0       0       0       0       0       0       0       0       0       0       0       0       0
Total ram usage:        5 bytes
 Hardware stack levels used:    1
 Hardware stack levels required when called:    3
 This function calls:
		Nothing
 This function is called by:
		_main
 This function uses a non-reentrant model


 *************** function _MOV_L_PASOS_Y *****************
 Defined at:
		line 69 in file "STEP_MOTOR.c"
 Parameters:    Size  Location     Type
  posicion        2   13[COMRAM] unsigned short 
  coordenada      2   15[COMRAM] unsigned short 
 Auto vars:     Size  Location     Type
  i               1   17[COMRAM] unsigned char 
 Return value:  Size  Location     Type
                  2   13[COMRAM] unsigned short 
 Registers used:
		wreg, status,2, status,0
 Tracked objects:
		On entry : 
		On exit  : 
		Unchanged: 
 Data sizes:     COMRAM   BANK0   BANK1   BANK2   BANK3   BANK4   BANK5   BANK6   BANK7   BANK8   BANK9  BANK10  BANK11  BANK12
      Params:         4       0       0       0       0       0       0       0       0       0       0       0       0       0
      Locals:         1       0       0       0       0       0       0       0       0       0       0       0       0       0
      Temps:          0       0       0       0       0       0       0       0       0       0       0       0       0       0
      Totals:         5       0       0       0       0       0       0       0       0       0       0       0       0       0
Total ram usage:        5 bytes
 Hardware stack levels used:    1
 Hardware stack levels required when called:    3
 This function calls:
		Nothing
 This function is called by:
		_main
 This function uses a non-reentrant model


 *************** function _MOV_L_PASOS_X *****************
 Defined at:
		line 33 in file "STEP_MOTOR.c"
 Parameters:    Size  Location     Type
  posicion        2   13[COMRAM] unsigned short 
  coordenada      2   15[COMRAM] unsigned short 
 Auto vars:     Size  Location     Type
  i               1   17[COMRAM] unsigned char 
 Return value:  Size  Location     Type
                  2   13[COMRAM] unsigned short 
 Registers used:
		wreg, status,2, status,0
 Tracked objects:
		On entry : 
		On exit  : 
		Unchanged: 
 Data sizes:     COMRAM   BANK0   BANK1   BANK2   BANK3   BANK4   BANK5   BANK6   BANK7   BANK8   BANK9  BANK10  BANK11  BANK12
      Params:         4       0       0       0       0       0       0       0       0       0       0       0       0       0
      Locals:         1       0       0       0       0       0       0       0       0       0       0       0       0       0
      Temps:          0       0       0       0       0       0       0       0       0       0       0       0       0       0
      Totals:         5       0       0       0       0       0       0       0       0       0       0       0       0       0
Total ram usage:        5 bytes
 Hardware stack levels used:    1
 Hardware stack levels required when called:    3
 This function calls:
		Nothing
 This function is called by:
		_main
 This function uses a non-reentrant model


 *************** function _LEDS_OFF *****************
 Defined at:
		line 11 in file "LEDS.c"
 Parameters:    Size  Location     Type
		None
 Auto vars:     Size  Location     Type
		None
 Return value:  Size  Location     Type
                  1    wreg      void 
 Registers used:
		None
 Tracked objects:
		On entry : 
		On exit  : 
		Unchanged: 
 Data sizes:     COMRAM   BANK0   BANK1   BANK2   BANK3   BANK4   BANK5   BANK6   BANK7   BANK8   BANK9  BANK10  BANK11  BANK12
      Params:         0       0       0       0       0       0       0       0       0       0       0       0       0       0
      Locals:         0       0       0       0       0       0       0       0       0       0       0       0       0       0
      Temps:          0       0       0       0       0       0       0       0       0       0       0       0       0       0
      Totals:         0       0       0       0       0       0       0       0       0       0       0       0       0       0
Total ram usage:        0 bytes
 Hardware stack levels used:    1
 Hardware stack levels required when called:    3
 This function calls:
		Nothing
 This function is called by:
		_main
 This function uses a non-reentrant model


 *************** function _INIT_UART *****************
 Defined at:
		line 4 in file "UART.c"
 Parameters:    Size  Location     Type
		None
 Auto vars:     Size  Location     Type
		None
 Return value:  Size  Location     Type
                  1    wreg      void 
 Registers used:
		wreg, status,2
 Tracked objects:
		On entry : 
		On exit  : 
		Unchanged: 
 Data sizes:     COMRAM   BANK0   BANK1   BANK2   BANK3   BANK4   BANK5   BANK6   BANK7   BANK8   BANK9  BANK10  BANK11  BANK12
      Params:         0       0       0       0       0       0       0       0       0       0       0       0       0       0
      Locals:         0       0       0       0       0       0       0       0       0       0       0       0       0       0
      Temps:          0       0       0       0       0       0       0       0       0       0       0       0       0       0
      Totals:         0       0       0       0       0       0       0       0       0       0       0       0       0       0
Total ram usage:        0 bytes
 Hardware stack levels used:    1
 Hardware stack levels required when called:    3
 This function calls:
		Nothing
 This function is called by:
		_main
 This function uses a non-reentrant model


 *************** function _INIT_STEP *****************
 Defined at:
		line 6 in file "STEP_MOTOR.c"
 Parameters:    Size  Location     Type
		None
 Auto vars:     Size  Location     Type
		None
 Return value:  Size  Location     Type
                  1    wreg      void 
 Registers used:
		None
 Tracked objects:
		On entry : 
		On exit  : 
		Unchanged: 
 Data sizes:     COMRAM   BANK0   BANK1   BANK2   BANK3   BANK4   BANK5   BANK6   BANK7   BANK8   BANK9  BANK10  BANK11  BANK12
      Params:         0       0       0       0       0       0       0       0       0       0       0       0       0       0
      Locals:         0       0       0       0       0       0       0       0       0       0       0       0       0       0
      Temps:          0       0       0       0       0       0       0       0       0       0       0       0       0       0
      Totals:         0       0       0       0       0       0       0       0       0       0       0       0       0       0
Total ram usage:        0 bytes
 Hardware stack levels used:    1
 Hardware stack levels required when called:    3
 This function calls:
		Nothing
 This function is called by:
		_main
 This function uses a non-reentrant model


 *************** function _INIT_LEDS *****************
 Defined at:
		line 5 in file "LEDS.c"
 Parameters:    Size  Location     Type
		None
 Auto vars:     Size  Location     Type
		None
 Return value:  Size  Location     Type
                  1    wreg      void 
 Registers used:
		None
 Tracked objects:
		On entry : 
		On exit  : 
		Unchanged: 
 Data sizes:     COMRAM   BANK0   BANK1   BANK2   BANK3   BANK4   BANK5   BANK6   BANK7   BANK8   BANK9  BANK10  BANK11  BANK12
      Params:         0       0       0       0       0       0       0       0       0       0       0       0       0       0
      Locals:         0       0       0       0       0       0       0       0       0       0       0       0       0       0
      Temps:          0       0       0       0       0       0       0       0       0       0       0       0       0       0
      Totals:         0       0       0       0       0       0       0       0       0       0       0       0       0       0
Total ram usage:        0 bytes
 Hardware stack levels used:    1
 Hardware stack levels required when called:    3
 This function calls:
		Nothing
 This function is called by:
		_main
 This function uses a non-reentrant model


 *************** function _INIT_INT *****************
 Defined at:
		line 224 in file "SPARC_4585.c"
 Parameters:    Size  Location     Type
		None
 Auto vars:     Size  Location     Type
		None
 Return value:  Size  Location     Type
                  1    wreg      void 
 Registers used:
		None
 Tracked objects:
		On entry : 
		On exit  : 
		Unchanged: 
 Data sizes:     COMRAM   BANK0   BANK1   BANK2   BANK3   BANK4   BANK5   BANK6   BANK7   BANK8   BANK9  BANK10  BANK11  BANK12
      Params:         0       0       0       0       0       0       0       0       0       0       0       0       0       0
      Locals:         0       0       0       0       0       0       0       0       0       0       0       0       0       0
      Temps:          0       0       0       0       0       0       0       0       0       0       0       0       0       0
      Totals:         0       0       0       0       0       0       0       0       0       0       0       0       0       0
Total ram usage:        0 bytes
 Hardware stack levels used:    1
 Hardware stack levels required when called:    3
 This function calls:
		Nothing
 This function is called by:
		_main
 This function uses a non-reentrant model


 *************** function _INIT_GPIO *****************
 Defined at:
		line 5 in file "GPIO.c"
 Parameters:    Size  Location     Type
		None
 Auto vars:     Size  Location     Type
		None
 Return value:  Size  Location     Type
                  1    wreg      void 
 Registers used:
		wreg, status,2
 Tracked objects:
		On entry : 
		On exit  : 
		Unchanged: 
 Data sizes:     COMRAM   BANK0   BANK1   BANK2   BANK3   BANK4   BANK5   BANK6   BANK7   BANK8   BANK9  BANK10  BANK11  BANK12
      Params:         0       0       0       0       0       0       0       0       0       0       0       0       0       0
      Locals:         0       0       0       0       0       0       0       0       0       0       0       0       0       0
      Temps:          0       0       0       0       0       0       0       0       0       0       0       0       0       0
      Totals:         0       0       0       0       0       0       0       0       0       0       0       0       0       0
Total ram usage:        0 bytes
 Hardware stack levels used:    1
 Hardware stack levels required when called:    3
 This function calls:
		Nothing
 This function is called by:
		_main
 This function uses a non-reentrant model


 *************** function _INIT_DC *****************
 Defined at:
		line 5 in file "MOTORES_DC.c"
 Parameters:    Size  Location     Type
		None
 Auto vars:     Size  Location     Type
		None
 Return value:  Size  Location     Type
                  1    wreg      void 
 Registers used:
		None
 Tracked objects:
		On entry : 
		On exit  : 
		Unchanged: 
 Data sizes:     COMRAM   BANK0   BANK1   BANK2   BANK3   BANK4   BANK5   BANK6   BANK7   BANK8   BANK9  BANK10  BANK11  BANK12
      Params:         0       0       0       0       0       0       0       0       0       0       0       0       0       0
      Locals:         0       0       0       0       0       0       0       0       0       0       0       0       0       0
      Temps:          0       0       0       0       0       0       0       0       0       0       0       0       0       0
      Totals:         0       0       0       0       0       0       0       0       0       0       0       0       0       0
Total ram usage:        0 bytes
 Hardware stack levels used:    1
 Hardware stack levels required when called:    3
 This function calls:
		Nothing
 This function is called by:
		_main
 This function uses a non-reentrant model


 *************** function _INIT_BUTTONS *****************
 Defined at:
		line 6 in file "BOTONES.c"
 Parameters:    Size  Location     Type
		None
 Auto vars:     Size  Location     Type
		None
 Return value:  Size  Location     Type
                  1    wreg      void 
 Registers used:
		None
 Tracked objects:
		On entry : 
		On exit  : 
		Unchanged: 
 Data sizes:     COMRAM   BANK0   BANK1   BANK2   BANK3   BANK4   BANK5   BANK6   BANK7   BANK8   BANK9  BANK10  BANK11  BANK12
      Params:         0       0       0       0       0       0       0       0       0       0       0       0       0       0
      Locals:         0       0       0       0       0       0       0       0       0       0       0       0       0       0
      Temps:          0       0       0       0       0       0       0       0       0       0       0       0       0       0
      Totals:         0       0       0       0       0       0       0       0       0       0       0       0       0       0
Total ram usage:        0 bytes
 Hardware stack levels used:    1
 Hardware stack levels required when called:    3
 This function calls:
		Nothing
 This function is called by:
		_main
 This function uses a non-reentrant model


 *************** function _ERROR_NO_COMANDO *****************
 Defined at:
		line 6 in file "MENSAJES.c"
 Parameters:    Size  Location     Type
		None
 Auto vars:     Size  Location     Type
		None
 Return value:  Size  Location     Type
                  1    wreg      void 
 Registers used:
		wreg, fsr0l, fsr0h, status,2, status,0, tblptrl, tblptrh, tblptru, cstack
 Tracked objects:
		On entry : 
		On exit  : 
		Unchanged: 
 Data sizes:     COMRAM   BANK0   BANK1   BANK2   BANK3   BANK4   BANK5   BANK6   BANK7   BANK8   BANK9  BANK10  BANK11  BANK12
      Params:         0       0       0       0       0       0       0       0       0       0       0       0       0       0
      Locals:         0       0       0       0       0       0       0       0       0       0       0       0       0       0
      Temps:          0       0       0       0       0       0       0       0       0       0       0       0       0       0
      Totals:         0       0       0       0       0       0       0       0       0       0       0       0       0       0
Total ram usage:        0 bytes
 Hardware stack levels used:    1
 Hardware stack levels required when called:    5
 This function calls:
		_SEND_STRING
		_SEND_UART
 This function is called by:
		_main
 This function uses a non-reentrant model


 *************** function _ERROR_LEDS *****************
 Defined at:
		line 17 in file "LEDS.c"
 Parameters:    Size  Location     Type
		None
 Auto vars:     Size  Location     Type
		None
 Return value:  Size  Location     Type
                  1    wreg      void 
 Registers used:
		None
 Tracked objects:
		On entry : 
		On exit  : 
		Unchanged: 
 Data sizes:     COMRAM   BANK0   BANK1   BANK2   BANK3   BANK4   BANK5   BANK6   BANK7   BANK8   BANK9  BANK10  BANK11  BANK12
      Params:         0       0       0       0       0       0       0       0       0       0       0       0       0       0
      Locals:         0       0       0       0       0       0       0       0       0       0       0       0       0       0
      Temps:          0       0       0       0       0       0       0       0       0       0       0       0       0       0
      Totals:         0       0       0       0       0       0       0       0       0       0       0       0       0       0
Total ram usage:        0 bytes
 Hardware stack levels used:    1
 Hardware stack levels required when called:    3
 This function calls:
		Nothing
 This function is called by:
		_main
 This function uses a non-reentrant model


 *************** function _ERROR_FUERA_LIMITE *****************
 Defined at:
		line 12 in file "MENSAJES.c"
 Parameters:    Size  Location     Type
		None
 Auto vars:     Size  Location     Type
		None
 Return value:  Size  Location     Type
                  1    wreg      void 
 Registers used:
		wreg, fsr0l, fsr0h, status,2, status,0, tblptrl, tblptrh, tblptru, cstack
 Tracked objects:
		On entry : 
		On exit  : 
		Unchanged: 
 Data sizes:     COMRAM   BANK0   BANK1   BANK2   BANK3   BANK4   BANK5   BANK6   BANK7   BANK8   BANK9  BANK10  BANK11  BANK12
      Params:         0       0       0       0       0       0       0       0       0       0       0       0       0       0
      Locals:         0       0       0       0       0       0       0       0       0       0       0       0       0       0
      Temps:          0       0       0       0       0       0       0       0       0       0       0       0       0       0
      Totals:         0       0       0       0       0       0       0       0       0       0       0       0       0       0
Total ram usage:        0 bytes
 Hardware stack levels used:    1
 Hardware stack levels required when called:    5
 This function calls:
		_SEND_STRING
		_SEND_UART
 This function is called by:
		_main
 This function uses a non-reentrant model


 *************** function _SEND_STRING *****************
 Defined at:
		line 5 in file "SERIAL.c"
 Parameters:    Size  Location     Type
  PointString     2   14[COMRAM] PTR unsigned char 
		 -> STR_8(11), STR_7(19), STR_6(29), STR_5(22), 
		 -> STR_4(15), STR_3(15), STR_2(15), main@Instruccion(6), 
		 -> STR_1(15), 
 Auto vars:     Size  Location     Type
  i               1   19[COMRAM] unsigned char 
 Return value:  Size  Location     Type
                  1    wreg      void 
 Registers used:
		wreg, fsr0l, fsr0h, status,2, status,0, tblptrl, tblptrh, tblptru, cstack
 Tracked objects:
		On entry : 
		On exit  : 
		Unchanged: 
 Data sizes:     COMRAM   BANK0   BANK1   BANK2   BANK3   BANK4   BANK5   BANK6   BANK7   BANK8   BANK9  BANK10  BANK11  BANK12
      Params:         2       0       0       0       0       0       0       0       0       0       0       0       0       0
      Locals:         1       0       0       0       0       0       0       0       0       0       0       0       0       0
      Temps:          3       0       0       0       0       0       0       0       0       0       0       0       0       0
      Totals:         6       0       0       0       0       0       0       0       0       0       0       0       0       0
Total ram usage:        6 bytes
 Hardware stack levels used:    1
 Hardware stack levels required when called:    4
 This function calls:
		_SEND_UART
 This function is called by:
		_main
		_ERROR_NO_COMANDO
		_ERROR_FUERA_LIMITE
		_TERMINADO
		_PROCESO
 This function uses a non-reentrant model


 *************** function _SEND_UART *****************
 Defined at:
		line 16 in file "UART.c"
 Parameters:    Size  Location     Type
  TX_Data         1    wreg     unsigned char 
 Auto vars:     Size  Location     Type
  TX_Data         1   13[COMRAM] unsigned char 
 Return value:  Size  Location     Type
                  1    wreg      void 
 Registers used:
		wreg
 Tracked objects:
		On entry : 
		On exit  : 
		Unchanged: 
 Data sizes:     COMRAM   BANK0   BANK1   BANK2   BANK3   BANK4   BANK5   BANK6   BANK7   BANK8   BANK9  BANK10  BANK11  BANK12
      Params:         0       0       0       0       0       0       0       0       0       0       0       0       0       0
      Locals:         1       0       0       0       0       0       0       0       0       0       0       0       0       0
      Temps:          0       0       0       0       0       0       0       0       0       0       0       0       0       0
      Totals:         1       0       0       0       0       0       0       0       0       0       0       0       0       0
Total ram usage:        1 bytes
 Hardware stack levels used:    1
 Hardware stack levels required when called:    3
 This function calls:
		Nothing
 This function is called by:
		_SEND_STRING
		_ERROR_NO_COMANDO
		_ERROR_FUERA_LIMITE
		_TERMINADO
		_PROCESO
 This function uses a non-reentrant model


 *************** function _DOWN_PLATFORM *****************
 Defined at:
		line 20 in file "BOTONES.c"
 Parameters:    Size  Location     Type
		None
 Auto vars:     Size  Location     Type
		None
 Return value:  Size  Location     Type
                  1    wreg      void 
 Registers used:
		cstack
 Tracked objects:
		On entry : 
		On exit  : 
		Unchanged: 
 Data sizes:     COMRAM   BANK0   BANK1   BANK2   BANK3   BANK4   BANK5   BANK6   BANK7   BANK8   BANK9  BANK10  BANK11  BANK12
      Params:         0       0       0       0       0       0       0       0       0       0       0       0       0       0
      Locals:         0       0       0       0       0       0       0       0       0       0       0       0       0       0
      Temps:          0       0       0       0       0       0       0       0       0       0       0       0       0       0
      Totals:         0       0       0       0       0       0       0       0       0       0       0       0       0       0
Total ram usage:        0 bytes
 Hardware stack levels used:    1
 Hardware stack levels required when called:    4
 This function calls:
		_MOV_L_DC
		_MOV_STOP_DC
 This function is called by:
		_main
 This function uses a non-reentrant model


 *************** function _MOV_STOP_DC *****************
 Defined at:
		line 23 in file "MOTORES_DC.c"
 Parameters:    Size  Location     Type
		None
 Auto vars:     Size  Location     Type
		None
 Return value:  Size  Location     Type
                  1    wreg      void 
 Registers used:
		None
 Tracked objects:
		On entry : 
		On exit  : 
		Unchanged: 
 Data sizes:     COMRAM   BANK0   BANK1   BANK2   BANK3   BANK4   BANK5   BANK6   BANK7   BANK8   BANK9  BANK10  BANK11  BANK12
      Params:         0       0       0       0       0       0       0       0       0       0       0       0       0       0
      Locals:         0       0       0       0       0       0       0       0       0       0       0       0       0       0
      Temps:          0       0       0       0       0       0       0       0       0       0       0       0       0       0
      Totals:         0       0       0       0       0       0       0       0       0       0       0       0       0       0
Total ram usage:        0 bytes
 Hardware stack levels used:    1
 Hardware stack levels required when called:    3
 This function calls:
		Nothing
 This function is called by:
		_UP_PLATFORM
		_DOWN_PLATFORM
 This function uses a non-reentrant model


 *************** function _MOV_L_DC *****************
 Defined at:
		line 17 in file "MOTORES_DC.c"
 Parameters:    Size  Location     Type
		None
 Auto vars:     Size  Location     Type
		None
 Return value:  Size  Location     Type
                  1    wreg      void 
 Registers used:
		None
 Tracked objects:
		On entry : 
		On exit  : 
		Unchanged: 
 Data sizes:     COMRAM   BANK0   BANK1   BANK2   BANK3   BANK4   BANK5   BANK6   BANK7   BANK8   BANK9  BANK10  BANK11  BANK12
      Params:         0       0       0       0       0       0       0       0       0       0       0       0       0       0
      Locals:         0       0       0       0       0       0       0       0       0       0       0       0       0       0
      Temps:          0       0       0       0       0       0       0       0       0       0       0       0       0       0
      Totals:         0       0       0       0       0       0       0       0       0       0       0       0       0       0
Total ram usage:        0 bytes
 Hardware stack levels used:    1
 Hardware stack levels required when called:    3
 This function calls:
		Nothing
 This function is called by:
		_DOWN_PLATFORM
 This function uses a non-reentrant model


 *************** function _INT_isr *****************
 Defined at:
		line 197 in file "SPARC_4585.c"
 Parameters:    Size  Location     Type
		None
 Auto vars:     Size  Location     Type
		None
 Return value:  Size  Location     Type
                  1    wreg      void 
 Registers used:
		wreg, fsr0l, fsr0h, status,2, status,0, tblptrl, tblptrh, tblptru, cstack
 Tracked objects:
		On entry : 
		On exit  : 
		Unchanged: 
 Data sizes:     COMRAM   BANK0   BANK1   BANK2   BANK3   BANK4   BANK5   BANK6   BANK7   BANK8   BANK9  BANK10  BANK11  BANK12
      Params:         0       0       0       0       0       0       0       0       0       0       0       0       0       0
      Locals:         0       0       0       0       0       0       0       0       0       0       0       0       0       0
      Temps:          6       0       0       0       0       0       0       0       0       0       0       0       0       0
      Totals:         6       0       0       0       0       0       0       0       0       0       0       0       0       0
Total ram usage:        6 bytes
 Hardware stack levels used:    1
 Hardware stack levels required when called:    2
 This function calls:
		i2_MOV_L_PASOS_X
		i2_MOV_L_PASOS_Y
		i2_MOV_R_PASOS_X
		i2_MOV_R_PASOS_Y
		i2_SEND_STRING
 This function is called by:
		Interrupt level 2
 This function uses a non-reentrant model


 *************** function i2_SEND_STRING *****************
 Defined at:
		line 5 in file "SERIAL.c"
 Parameters:    Size  Location     Type
  PointString     2    1[COMRAM] PTR unsigned char 
		 -> STR_8(11), STR_7(19), STR_6(29), STR_5(22), 
		 -> STR_4(15), STR_3(15), STR_2(15), main@Instruccion(6), 
		 -> STR_1(15), 
 Auto vars:     Size  Location     Type
  SEND_STRING     1    6[COMRAM] unsigned char 
 Return value:  Size  Location     Type
                  1    wreg      void 
 Registers used:
		wreg, fsr0l, fsr0h, status,2, status,0, tblptrl, tblptrh, tblptru, cstack
 Tracked objects:
		On entry : 
		On exit  : 
		Unchanged: 
 Data sizes:     COMRAM   BANK0   BANK1   BANK2   BANK3   BANK4   BANK5   BANK6   BANK7   BANK8   BANK9  BANK10  BANK11  BANK12
      Params:         2       0       0       0       0       0       0       0       0       0       0       0       0       0
      Locals:         1       0       0       0       0       0       0       0       0       0       0       0       0       0
      Temps:          3       0       0       0       0       0       0       0       0       0       0       0       0       0
      Totals:         6       0       0       0       0       0       0       0       0       0       0       0       0       0
Total ram usage:        6 bytes
 Hardware stack levels used:    1
 Hardware stack levels required when called:    1
 This function calls:
		i2_SEND_UART
 This function is called by:
		_INT_isr
 This function uses a non-reentrant model


 *************** function i2_SEND_UART *****************
 Defined at:
		line 16 in file "UART.c"
 Parameters:    Size  Location     Type
  TX_Data         1    wreg     unsigned char 
 Auto vars:     Size  Location     Type
  TX_Data         1    0[COMRAM] unsigned char 
 Return value:  Size  Location     Type
                  1    wreg      void 
 Registers used:
		wreg
 Tracked objects:
		On entry : 
		On exit  : 
		Unchanged: 
 Data sizes:     COMRAM   BANK0   BANK1   BANK2   BANK3   BANK4   BANK5   BANK6   BANK7   BANK8   BANK9  BANK10  BANK11  BANK12
      Params:         0       0       0       0       0       0       0       0       0       0       0       0       0       0
      Locals:         1       0       0       0       0       0       0       0       0       0       0       0       0       0
      Temps:          0       0       0       0       0       0       0       0       0       0       0       0       0       0
      Totals:         1       0       0       0       0       0       0       0       0       0       0       0       0       0
Total ram usage:        1 bytes
 Hardware stack levels used:    1
 This function calls:
		Nothing
 This function is called by:
		i2_SEND_STRING
 This function uses a non-reentrant model


 *************** function i2_MOV_R_PASOS_Y *****************
 Defined at:
		line 51 in file "STEP_MOTOR.c"
 Parameters:    Size  Location     Type
  posicion        2    0[COMRAM] unsigned short 
  coordenada      2    2[COMRAM] unsigned short 
 Auto vars:     Size  Location     Type
  MOV_R_PASOS_    1    4[COMRAM] unsigned char 
 Return value:  Size  Location     Type
                  2    0[COMRAM] unsigned short 
 Registers used:
		wreg, status,2, status,0
 Tracked objects:
		On entry : 
		On exit  : 
		Unchanged: 
 Data sizes:     COMRAM   BANK0   BANK1   BANK2   BANK3   BANK4   BANK5   BANK6   BANK7   BANK8   BANK9  BANK10  BANK11  BANK12
      Params:         4       0       0       0       0       0       0       0       0       0       0       0       0       0
      Locals:         1       0       0       0       0       0       0       0       0       0       0       0       0       0
      Temps:          0       0       0       0       0       0       0       0       0       0       0       0       0       0
      Totals:         5       0       0       0       0       0       0       0       0       0       0       0       0       0
Total ram usage:        5 bytes
 Hardware stack levels used:    1
 This function calls:
		Nothing
 This function is called by:
		_INT_isr
 This function uses a non-reentrant model


 *************** function i2_MOV_R_PASOS_X *****************
 Defined at:
		line 15 in file "STEP_MOTOR.c"
 Parameters:    Size  Location     Type
  posicion        2    0[COMRAM] unsigned short 
  coordenada      2    2[COMRAM] unsigned short 
 Auto vars:     Size  Location     Type
  MOV_R_PASOS_    1    4[COMRAM] unsigned char 
 Return value:  Size  Location     Type
                  2    0[COMRAM] unsigned short 
 Registers used:
		wreg, status,2, status,0
 Tracked objects:
		On entry : 
		On exit  : 
		Unchanged: 
 Data sizes:     COMRAM   BANK0   BANK1   BANK2   BANK3   BANK4   BANK5   BANK6   BANK7   BANK8   BANK9  BANK10  BANK11  BANK12
      Params:         4       0       0       0       0       0       0       0       0       0       0       0       0       0
      Locals:         1       0       0       0       0       0       0       0       0       0       0       0       0       0
      Temps:          0       0       0       0       0       0       0       0       0       0       0       0       0       0
      Totals:         5       0       0       0       0       0       0       0       0       0       0       0       0       0
Total ram usage:        5 bytes
 Hardware stack levels used:    1
 This function calls:
		Nothing
 This function is called by:
		_INT_isr
 This function uses a non-reentrant model


 *************** function i2_MOV_L_PASOS_Y *****************
 Defined at:
		line 69 in file "STEP_MOTOR.c"
 Parameters:    Size  Location     Type
  posicion        2    0[COMRAM] unsigned short 
  coordenada      2    2[COMRAM] unsigned short 
 Auto vars:     Size  Location     Type
  MOV_L_PASOS_    1    4[COMRAM] unsigned char 
 Return value:  Size  Location     Type
                  2    0[COMRAM] unsigned short 
 Registers used:
		wreg, status,2, status,0
 Tracked objects:
		On entry : 
		On exit  : 
		Unchanged: 
 Data sizes:     COMRAM   BANK0   BANK1   BANK2   BANK3   BANK4   BANK5   BANK6   BANK7   BANK8   BANK9  BANK10  BANK11  BANK12
      Params:         4       0       0       0       0       0       0       0       0       0       0       0       0       0
      Locals:         1       0       0       0       0       0       0       0       0       0       0       0       0       0
      Temps:          0       0       0       0       0       0       0       0       0       0       0       0       0       0
      Totals:         5       0       0       0       0       0       0       0       0       0       0       0       0       0
Total ram usage:        5 bytes
 Hardware stack levels used:    1
 This function calls:
		Nothing
 This function is called by:
		_INT_isr
 This function uses a non-reentrant model


 *************** function i2_MOV_L_PASOS_X *****************
 Defined at:
		line 33 in file "STEP_MOTOR.c"
 Parameters:    Size  Location     Type
  posicion        2    0[COMRAM] unsigned short 
  coordenada      2    2[COMRAM] unsigned short 
 Auto vars:     Size  Location     Type
  MOV_L_PASOS_    1    4[COMRAM] unsigned char 
 Return value:  Size  Location     Type
                  2    0[COMRAM] unsigned short 
 Registers used:
		wreg, status,2, status,0
 Tracked objects:
		On entry : 
		On exit  : 
		Unchanged: 
 Data sizes:     COMRAM   BANK0   BANK1   BANK2   BANK3   BANK4   BANK5   BANK6   BANK7   BANK8   BANK9  BANK10  BANK11  BANK12
      Params:         4       0       0       0       0       0       0       0       0       0       0       0       0       0
      Locals:         1       0       0       0       0       0       0       0       0       0       0       0       0       0
      Temps:          0       0       0       0       0       0       0       0       0       0       0       0       0       0
      Totals:         5       0       0       0       0       0       0       0       0       0       0       0       0       0
Total ram usage:        5 bytes
 Hardware stack levels used:    1
 This function calls:
		Nothing
 This function is called by:
		_INT_isr
 This function uses a non-reentrant model



MODULE INFORMATION

Module		Function		Class		Link	Load	Size
STEP_MOTOR.c
		_MOV_L_PASOS_X 		CODE           	175E	0000	121
		_MOV_L_PASOS_Y 		CODE           	16E6	0000	121
		_MOV_R_PASOS_X 		CODE           	184C	0000	119
		_MOV_R_PASOS_Y 		CODE           	17D6	0000	119
		_INIT_STEP     		CODE           	1A4E	0000	15

STEP_MOTOR.c estimated size: 495

BOTONES.c
		_DOWN_PLATFORM 		CODE           	1958	0000	29
		_INIT_BUTTONS  		CODE           	1A9A	0000	9
		_UP_PLATFORM   		CODE           	193C	0000	29

BOTONES.c estimated size: 67

UART.c
		_INIT_UART     		CODE           	1A3C	0000	19
		_RECEIVE_UART  		CODE           	19A8	0000	27
		_SEND_UART     		CODE           	1A10	0000	23

UART.c estimated size: 69

SERIAL.c
		_RECEIVE_STRING		CODE           	18C2	0000	49
		_SEND_STRING   		CODE           	1432	0000	201

SERIAL.c estimated size: 250

SPARC_4585.c
		_INIT_INT      		CODE           	1918	0000	37
		_main          		CODE           	0D90	0000	1253
		_INT_isr       		CODE           	0008	0000	245

SPARC_4585.c estimated size: 1535

MOTORES_DC.c
		_MOV_STOP_DC   		CODE           	1AAA	0000	9
		_MOV_R_DC      		CODE           	1A6A	0000	9
		_INIT_DC       		CODE           	1A92	0000	9
		_MOV_L_DC      		CODE           	1AB2	0000	9

MOTORES_DC.c estimated size: 36

MENSAJES.c
		_ERROR_FUERA_LIMITE		CODE           	19F6	0000	27
		_ERROR_NO_COMANDO		CODE           	19DC	0000	27
		_PROCESO       		CODE           	19C2	0000	27
		_TERMINADO     		CODE           	198E	0000	27

MENSAJES.c estimated size: 108

LEDS.c
		_LEDS_OFF      		CODE           	1A82	0000	9
		_PROCESO_LEDS  		CODE           	1A7A	0000	9
		_INIT_LEDS     		CODE           	1A8A	0000	9
		_TERMINADO_LEDS		CODE           	1A72	0000	9
		_ERROR_LEDS    		CODE           	1AA2	0000	9

LEDS.c estimated size: 45

shared
		i2_MOV_L_PASOS_X		CODE           	1576	0000	125
		i2_MOV_L_PASOS_Y		CODE           	14FA	0000	125
		i2_MOV_R_PASOS_X		CODE           	166C	0000	123
		i2_MOV_R_PASOS_Y		CODE           	15F2	0000	123
		i2_SEND_UART   		CODE           	1A26	0000	23
		i2_SEND_STRING 		CODE           	1362	0000	209
		__initialization		CODE           	1974	0000	13

shared estimated size: 741

GPIO.c
		_INIT_GPIO     		CODE           	1A5C	0000	15

GPIO.c estimated size: 15

C:\Program Files (x86)\Microchip\xc8\v2.10\pic\sources\c99\common\Umul16.c
		___wmul        		CODE           	18F2	0000	39

C:\Program Files (x86)\Microchip\xc8\v2.10\pic\sources\c99\common\Umul16.c estimated size: 39

