Microchip MPLAB XC8 Compiler V2.10 ()

Linker command line:

-W-3 --edf=C:\Program Files (x86)\Microchip\xc8\v2.10\pic\dat\en_msgs.txt \
  -cs -h+dist/default/production\ADC.X.production.sym \
  --cmf=dist/default/production\ADC.X.production.cmf -z -Q18F4585 \
  -oC:\Users\araba\AppData\Local\Temp\stt4.2 --defsym=__MPLAB_BUILD=1 \
  -Mdist/default/production/ADC.X.production.map -E1 -ver=XC8 --acfsm=1493 \
  -ASTACK=060h-0CFFh -pstack=STACK -ACODE=00h-0BFFFh -ACONST=00h-0BFFFh \
  -ASMALLCONST=0D00h-0DFFhx179 -AMEDIUMCONST=0D00h-0BFFFh -ACOMRAM=01h-05Fh \
  -AABS1=00h-0CFFh -ABIGRAM=01h-0CFFh -ARAM=060h-0FFh,0100h-01FFhx12 \
  -ABANK0=060h-0FFh -ABANK1=0100h-01FFh -ABANK2=0200h-02FFh \
  -ABANK3=0300h-03FFh -ABANK4=0400h-04FFh -ABANK5=0500h-05FFh \
  -ABANK6=0600h-06FFh -ABANK7=0700h-07FFh -ABANK8=0800h-08FFh \
  -ABANK9=0900h-09FFh -ABANK10=0A00h-0AFFh -ABANK11=0B00h-0BFFh \
  -ABANK12=0C00h-0CFFh -ASFR=0D00h-0DFFhx2,0F00h-0F5Fh,0F60h-0FFFh \
  -preset_vec=00h,intcode,intcodelo,powerup,init -pramtop=0D00h \
  -psmallconst=SMALLCONST -pmediumconst=MEDIUMCONST -pconst=CONST \
  -AFARRAM=00h-00h -ACONFIG=0300000h-030000Dh -pconfig=CONFIG \
  -AIDLOC=0200000h-0200007h -pidloc=IDLOC -AEEDATA=0F00000h-0F003FFh \
  -peeprom_data=EEDATA \
  -prdata=COMRAM,nvrram=COMRAM,nvbit=COMRAM,rbss=COMRAM,rbit=COMRAM \
  -pfarbss=FARRAM,fardata=FARRAM,nvFARRAM=FARRAM \
  -pintsave_regs=BIGRAM,bigbss=BIGRAM,bigdata=BIGRAM -pbss=RAM \
  -pidata=CODE,irdata=CODE,ibigdata=CODE,ifardata=CODE -prparam=COMRAM \
  C:\Users\araba\AppData\Local\Temp\stt4.o \
  dist/default/production\ADC.X.production.o 

Object code version is 3.11

Machine type is 18F4585

Call graph: (short form)




                Name                               Link     Load   Length Selector   Space Scale
C:\Users\araba\AppData\Local\Temp\stt4.o
                init                                  0        0        4        0       0
                idloc                            200000   200000        8   200000       0
                config                           300000   300000        E   300000       0
dist/default/production\ADC.X.production.o
                text8                              BC50     BC50       1E     5E28       0
                text7                              BC36     BC36        8     5E1B       0
                text6                              BEE0     BEE0      120     5F70       0
                text5                              BC94     BC94       2C     5E4A       0
                text4                              BCC0     BCC0       30     5E60       0
                text3                              BC6E     BC6E       26     5E37       0
                text2                              BD22     BD22       A4     5E91       0
                text1                              BDC6     BDC6      11A     5EE3       0
                text0                              BCF0     BCF0       32     5E78       0
                cstackCOMRAM                          1        1        9        1       1
                bssCOMRAM                             A        A        6        1       1
                cinit                              BC3E     BC3E       12     5E1F       0

TOTAL           Name                               Link     Load   Length     Space
        CLASS   STACK          

        CLASS   CODE           
                init                                  0        0        4         0
                text8                              BC50     BC50       1E         0
                text7                              BC36     BC36        8         0
                text6                              BEE0     BEE0      120         0
                text5                              BC94     BC94       2C         0
                text4                              BCC0     BCC0       30         0
                text3                              BC6E     BC6E       26         0
                text2                              BD22     BD22       A4         0
                text1                              BDC6     BDC6      11A         0
                text0                              BCF0     BCF0       32         0
                cinit                              BC3E     BC3E       12         0

        CLASS   CONST          

        CLASS   SMALLCONST     

        CLASS   MEDIUMCONST    

        CLASS   COMRAM         
                cstackCOMRAM                          1        1        9         1
                bssCOMRAM                             A        A        6         1

        CLASS   ABS1           

        CLASS   BIGRAM         

        CLASS   RAM            

        CLASS   BANK0          

        CLASS   BANK1          

        CLASS   BANK2          

        CLASS   BANK3          

        CLASS   BANK4          

        CLASS   BANK5          

        CLASS   BANK6          

        CLASS   BANK7          

        CLASS   BANK8          

        CLASS   BANK9          

        CLASS   BANK10         

        CLASS   BANK11         

        CLASS   BANK12         

        CLASS   SFR            

        CLASS   FARRAM         

        CLASS   CONFIG         
                config                           300000   300000        E         0

        CLASS   IDLOC          
                idloc                            200000   200000        8         0

        CLASS   EEDATA         



SEGMENTS        Name                           Load    Length   Top    Selector   Space  Class

                reset_vec                      000000  000004  000004         0       0  CODE    
                cstackCOMRAM                   000001  00000F  000010         1       1  COMRAM  
                text7                          00BC36  000008  00BC3E      5E1B       0  CODE    
                cinit                          00BC3E  000012  00BC50      5E1F       0  CODE    
                text8                          00BC50  00001E  00BC6E      5E28       0  CODE    
                text3                          00BC6E  000026  00BC94      5E37       0  CODE    
                text5                          00BC94  00002C  00BCC0      5E4A       0  CODE    
                text4                          00BCC0  000030  00BCF0      5E60       0  CODE    
                text0                          00BCF0  000032  00BD22      5E78       0  CODE    
                text2                          00BD22  0000A4  00BDC6      5E91       0  CODE    
                text1                          00BDC6  00011A  00BEE0      5EE3       0  CODE    
                text6                          00BEE0  000120  00C000      5F70       0  CODE    
                idloc                          200000  000008  200008    200000       0  IDLOC   
                config                         300000  00000E  30000E    300000       0  CONFIG  


UNUSED ADDRESS RANGES

        Name                Unused          Largest block    Delta
        BANK0            000060-0000FF               A0
        BANK1            000100-0001FF              100
        BANK10           000A00-000AFF              100
        BANK11           000B00-000BFF              100
        BANK12           000C00-000CFF              100
        BANK2            000200-0002FF              100
        BANK3            000300-0003FF              100
        BANK4            000400-0004FF              100
        BANK5            000500-0005FF              100
        BANK6            000600-0006FF              100
        BANK7            000700-0007FF              100
        BANK8            000800-0008FF              100
        BANK9            000900-0009FF              100
        BIGRAM           000010-000CFF              CF0
        CODE             000004-00BC35             BC32
        COMRAM           000010-00005F               50
        CONST            000004-00BC35             BC32
        EEDATA           F00000-F003FF              400
        MEDIUMCONST      000D00-00BC35             AF36
        RAM              000060-000CFF              100
        SFR              000D00-000FFF              100
        SMALLCONST       000D00-00BC35              100
        STACK            000060-000CFF              CA0

                                  Symbol Table

?___wmul                 cstackCOMRAM 000001
ACTIVE_AN@Port           cstackCOMRAM 000001
INIT_ADC@NumberOfPorts   cstackCOMRAM 000009
INIT_ADC@ON_OFF          cstackCOMRAM 000007
INIT_ADC@Resolution      cstackCOMRAM 000008
READPORT@PortToRead      cstackCOMRAM 000001
RESOLUTION@Bits          cstackCOMRAM 000001
VOLTAGE_REF@ON_OFF       cstackCOMRAM 000001
_ACTIVE_AN               text6        00BEE0
_ADCON0bits              (abs)        000FC2
_ADCON1bits              (abs)        000FC1
_ADCON2bits              (abs)        000FC0
_ADC_PROCESS             text7        00BC36
_ADRESH                  (abs)        000FC4
_ADRESL                  (abs)        000FC3
_CONVERT_A_D             text8        00BC50
_INIT_ADC                text2        00BD22
_LSB                     bssCOMRAM    00000F
_MSB                     bssCOMRAM    00000E
_OSCCON                  (abs)        000FD3
_PORTC                   (abs)        000F82
_PORTD                   (abs)        000F83
_READPORT                text1        00BDC6
_RESOLUTION              text5        00BC94
_TAD                     bssCOMRAM    00000C
_TRISAbits               (abs)        000F92
_TRISC                   (abs)        000F94
_TRISD                   (abs)        000F95
_Tosc                    bssCOMRAM    00000A
_VOLTAGE_REF             text4        00BCC0
__CFG_LVP$OFF            (abs)        000000
__CFG_MCLRE$ON           (abs)        000000
__CFG_OSC$IRCIO67        (abs)        000000
__CFG_PBADEN$OFF         (abs)        000000
__CFG_WDT$OFF            (abs)        000000
__HRAM                   (abs)        000000
__Habs1                  abs1         000000
__Hbank0                 bank0        000000
__Hbank1                 bank1        000000
__Hbank10                bank10       000000
__Hbank11                bank11       000000
__Hbank12                bank12       000000
__Hbank2                 bank2        000000
__Hbank3                 bank3        000000
__Hbank4                 bank4        000000
__Hbank5                 bank5        000000
__Hbank6                 bank6        000000
__Hbank7                 bank7        000000
__Hbank8                 bank8        000000
__Hbank9                 bank9        000000
__Hbigbss                bigbss       000000
__Hbigdata               bigdata      000000
__Hbigram                bigram       000000
__Hbss                   bss          000000
__HbssCOMRAM             bssCOMRAM    000000
__Hcinit                 cinit        000000
__Hclrtext               clrtext      000000
__Hcomram                comram       000000
__Hconfig                config       30000E
__Hconst                 const        000000
__HcstackCOMRAM          cstackCOMRAM 000000
__Hdata                  data         000000
__Heeprom_data           eeprom_data  000000
__Hfarbss                farbss       000000
__Hfardata               fardata      000000
__Hibigdata              ibigdata     000000
__Hidata                 idata        000000
__Hidloc                 idloc        200008
__Hifardata              ifardata     000000
__Hinit                  init         000004
__Hintcode               intcode      000000
__Hintcode_body          intcode_body 000000
__Hintcodelo             intcodelo    000000
__Hintentry              intentry     000000
__Hintret                intret       000000
__Hintsave_regs          intsave_regs 000000
__Hirdata                irdata       000000
__Hmediumconst           mediumconst  000000
__HnvFARRAM              nvFARRAM     000000
__Hnvbit                 nvbit        000000
__Hnvrram                nvrram       000000
__Hparam                 rparam       000000
__Hpowerup               powerup      000000
__Hram                   ram          000000
__Hramtop                ramtop       000D00
__Hrbit                  rbit         000000
__Hrbss                  rbss         000000
__Hrdata                 rdata        000000
__Hreset_vec             reset_vec    000000
__Hrparam                rparam       000000
__Hsfr                   sfr          000000
__Hsmallconst            smallconst   000000
__Hspace_0               (abs)        30000E
__Hspace_1               (abs)        000010
__Hspace_2               (abs)        000000
__Hstack                 stack        000000
__Hstruct                struct       000000
__Htemp                  temp         000000
__Htext                  text         000000
__Htext0                 text0        000000
__Htext1                 text1        000000
__Htext2                 text2        000000
__Htext3                 text3        000000
__Htext4                 text4        000000
__Htext5                 text5        000000
__Htext6                 text6        000000
__Htext7                 text7        000000
__Htext8                 text8        000000
__LRAM                   (abs)        000001
__Labs1                  abs1         000000
__Lbank0                 bank0        000000
__Lbank1                 bank1        000000
__Lbank10                bank10       000000
__Lbank11                bank11       000000
__Lbank12                bank12       000000
__Lbank2                 bank2        000000
__Lbank3                 bank3        000000
__Lbank4                 bank4        000000
__Lbank5                 bank5        000000
__Lbank6                 bank6        000000
__Lbank7                 bank7        000000
__Lbank8                 bank8        000000
__Lbank9                 bank9        000000
__Lbigbss                bigbss       000000
__Lbigdata               bigdata      000000
__Lbigram                bigram       000000
__Lbss                   bss          000000
__LbssCOMRAM             bssCOMRAM    000000
__Lcinit                 cinit        000000
__Lclrtext               clrtext      000000
__Lcomram                comram       000000
__Lconfig                config       300000
__Lconst                 const        000000
__LcstackCOMRAM          cstackCOMRAM 000000
__Ldata                  data         000000
__Leeprom_data           eeprom_data  000000
__Lfarbss                farbss       000000
__Lfardata               fardata      000000
__Libigdata              ibigdata     000000
__Lidata                 idata        000000
__Lidloc                 idloc        200000
__Lifardata              ifardata     000000
__Linit                  init         000000
__Lintcode               intcode      000000
__Lintcode_body          intcode_body 000000
__Lintcodelo             intcodelo    000000
__Lintentry              intentry     000000
__Lintret                intret       000000
__Lintsave_regs          intsave_regs 000000
__Lirdata                irdata       000000
__Lmediumconst           mediumconst  000000
__LnvFARRAM              nvFARRAM     000000
__Lnvbit                 nvbit        000000
__Lnvrram                nvrram       000000
__Lparam                 rparam       000000
__Lpowerup               powerup      000000
__Lram                   ram          000000
__Lramtop                ramtop       000D00
__Lrbit                  rbit         000000
__Lrbss                  rbss         000000
__Lrdata                 rdata        000000
__Lreset_vec             reset_vec    000000
__Lrparam                rparam       000000
__Lsfr                   sfr          000000
__Lsmallconst            smallconst   000000
__Lspace_0               (abs)        000000
__Lspace_1               (abs)        000000
__Lspace_2               (abs)        000000
__Lstack                 stack        000000
__Lstruct                struct       000000
__Ltemp                  temp         000000
__Ltext                  text         000000
__Ltext0                 text0        000000
__Ltext1                 text1        000000
__Ltext2                 text2        000000
__Ltext3                 text3        000000
__Ltext4                 text4        000000
__Ltext5                 text5        000000
__Ltext6                 text6        000000
__Ltext7                 text7        000000
__Ltext8                 text8        000000
__S0                     (abs)        30000E
__S1                     (abs)        000010
__S2                     (abs)        000000
___inthi_sp              stack        000000
___intlo_sp              stack        000000
___param_bank            (abs)        000000
___rparam_used           (abs)        000001
___sp                    stack        000000
___wmul                  text3        00BC6E
___wmul@multiplicand     cstackCOMRAM 000003
___wmul@multiplier       cstackCOMRAM 000001
___wmul@product          cstackCOMRAM 000005
__accesstop              (abs)        000060
__activetblptr           (abs)        000000
__end_of_ACTIVE_AN       text6        00C000
__end_of_ADC_PROCESS     text7        00BC3E
__end_of_CONVERT_A_D     text8        00BC6E
__end_of_INIT_ADC        text2        00BDC6
__end_of_READPORT        text1        00BEE0
__end_of_RESOLUTION      text5        00BCC0
__end_of_VOLTAGE_REF     text4        00BCF0
__end_of___wmul          text3        00BC94
__end_of__initialization cinit        00BC4A
__end_of_main            text0        00BD22
__initialization         cinit        00BC3E
__mediumconst            mediumconst  000000
__pbssCOMRAM             bssCOMRAM    00000A
__pcinit                 cinit        00BC3E
__pcstackCOMRAM          cstackCOMRAM 000001
__ptext0                 text0        00BCF0
__ptext1                 text1        00BDC6
__ptext2                 text2        00BD22
__ptext3                 text3        00BC6E
__ptext4                 text4        00BCC0
__ptext5                 text5        00BC94
__ptext6                 text6        00BEE0
__ptext7                 text7        00BC36
__ptext8                 text8        00BC50
__ramtop                 ramtop       000D00
__size_of_ACTIVE_AN      (abs)        000000
__size_of_ADC_PROCESS    (abs)        000000
__size_of_CONVERT_A_D    (abs)        000000
__size_of_INIT_ADC       (abs)        000000
__size_of_READPORT       (abs)        000000
__size_of_RESOLUTION     (abs)        000000
__size_of_VOLTAGE_REF    (abs)        000000
__size_of___wmul         (abs)        000000
__size_of_main           (abs)        000000
__smallconst             smallconst   000000
_main                    text0        00BCF0
end_of_initialization    cinit        00BC4A
intlevel0                text         000000
intlevel1                text         000000
intlevel2                text         000000
intlevel3                text         000000
stackhi                  (abs)        000CFF
stacklo                  (abs)        000060
start                    init         000000
start_initialization     cinit        00BC3E


FUNCTION INFORMATION:

 *************** function _main *****************
 Defined at:
		line 14 in file "Adc_Uso.c"
 Parameters:    Size  Location     Type
		None
 Auto vars:     Size  Location     Type
		None
 Return value:  Size  Location     Type
                  1    wreg      void 
 Registers used:
		wreg, status,2, status,0, prodl, prodh, cstack
 Tracked objects:
		On entry : 
		On exit  : 
		Unchanged: 
 Data sizes:     COMRAM   BANK0   BANK1   BANK2   BANK3   BANK4   BANK5   BANK6   BANK7   BANK8   BANK9  BANK10  BANK11  BANK12
      Params:         0       0       0       0       0       0       0       0       0       0       0       0       0       0
      Locals:         0       0       0       0       0       0       0       0       0       0       0       0       0       0
      Temps:          0       0       0       0       0       0       0       0       0       0       0       0       0       0
      Totals:         0       0       0       0       0       0       0       0       0       0       0       0       0       0
Total ram usage:        0 bytes
 Hardware stack levels required when called:    2
 This function calls:
		_ADC_PROCESS
		_INIT_ADC
		_READPORT
 This function is called by:
		Startup code after reset
 This function uses a non-reentrant model


 *************** function _READPORT *****************
 Defined at:
		line 299 in file "ADC.c"
 Parameters:    Size  Location     Type
  PortToRead      1    wreg     unsigned char 
 Auto vars:     Size  Location     Type
  PortToRead      1    0[COMRAM] unsigned char 
 Return value:  Size  Location     Type
                  1    wreg      void 
 Registers used:
		wreg, status,2, status,0
 Tracked objects:
		On entry : 
		On exit  : 
		Unchanged: 
 Data sizes:     COMRAM   BANK0   BANK1   BANK2   BANK3   BANK4   BANK5   BANK6   BANK7   BANK8   BANK9  BANK10  BANK11  BANK12
      Params:         0       0       0       0       0       0       0       0       0       0       0       0       0       0
      Locals:         1       0       0       0       0       0       0       0       0       0       0       0       0       0
      Temps:          0       0       0       0       0       0       0       0       0       0       0       0       0       0
      Totals:         1       0       0       0       0       0       0       0       0       0       0       0       0       0
Total ram usage:        1 bytes
 Hardware stack levels used:    1
 This function calls:
		Nothing
 This function is called by:
		_main
 This function uses a non-reentrant model


 *************** function _INIT_ADC *****************
 Defined at:
		line 4 in file "ADC.c"
 Parameters:    Size  Location     Type
  NumberOfPort    1    wreg     unsigned char 
  ON_OFF          1    6[COMRAM] unsigned char 
  Resolution      1    7[COMRAM] unsigned char 
 Auto vars:     Size  Location     Type
  NumberOfPort    1    8[COMRAM] unsigned char 
 Return value:  Size  Location     Type
                  1    wreg      void 
 Registers used:
		wreg, status,2, status,0, prodl, prodh, cstack
 Tracked objects:
		On entry : 
		On exit  : 
		Unchanged: 
 Data sizes:     COMRAM   BANK0   BANK1   BANK2   BANK3   BANK4   BANK5   BANK6   BANK7   BANK8   BANK9  BANK10  BANK11  BANK12
      Params:         2       0       0       0       0       0       0       0       0       0       0       0       0       0
      Locals:         1       0       0       0       0       0       0       0       0       0       0       0       0       0
      Temps:          0       0       0       0       0       0       0       0       0       0       0       0       0       0
      Totals:         3       0       0       0       0       0       0       0       0       0       0       0       0       0
Total ram usage:        3 bytes
 Hardware stack levels used:    1
 Hardware stack levels required when called:    1
 This function calls:
		_ACTIVE_AN
		_RESOLUTION
		_VOLTAGE_REF
		___wmul
 This function is called by:
		_main
 This function uses a non-reentrant model


 *************** function ___wmul *****************
 Defined at:
		line 15 in file "C:\Program Files (x86)\Microchip\xc8\v2.10\pic\sources\c99\common\Umul16.c"
 Parameters:    Size  Location     Type
  multiplier      2    0[COMRAM] unsigned int 
  multiplicand    2    2[COMRAM] unsigned int 
 Auto vars:     Size  Location     Type
  product         2    4[COMRAM] unsigned int 
 Return value:  Size  Location     Type
                  2    0[COMRAM] unsigned int 
 Registers used:
		wreg, status,2, status,0, prodl, prodh
 Tracked objects:
		On entry : 
		On exit  : 
		Unchanged: 
 Data sizes:     COMRAM   BANK0   BANK1   BANK2   BANK3   BANK4   BANK5   BANK6   BANK7   BANK8   BANK9  BANK10  BANK11  BANK12
      Params:         4       0       0       0       0       0       0       0       0       0       0       0       0       0
      Locals:         2       0       0       0       0       0       0       0       0       0       0       0       0       0
      Temps:          0       0       0       0       0       0       0       0       0       0       0       0       0       0
      Totals:         6       0       0       0       0       0       0       0       0       0       0       0       0       0
Total ram usage:        6 bytes
 Hardware stack levels used:    1
 This function calls:
		Nothing
 This function is called by:
		_INIT_ADC
 This function uses a non-reentrant model


 *************** function _VOLTAGE_REF *****************
 Defined at:
		line 213 in file "ADC.c"
 Parameters:    Size  Location     Type
  ON_OFF          1    wreg     unsigned char 
 Auto vars:     Size  Location     Type
  ON_OFF          1    0[COMRAM] unsigned char 
 Return value:  Size  Location     Type
                  1    wreg      void 
 Registers used:
		wreg, status,2, status,0
 Tracked objects:
		On entry : 
		On exit  : 
		Unchanged: 
 Data sizes:     COMRAM   BANK0   BANK1   BANK2   BANK3   BANK4   BANK5   BANK6   BANK7   BANK8   BANK9  BANK10  BANK11  BANK12
      Params:         0       0       0       0       0       0       0       0       0       0       0       0       0       0
      Locals:         1       0       0       0       0       0       0       0       0       0       0       0       0       0
      Temps:          0       0       0       0       0       0       0       0       0       0       0       0       0       0
      Totals:         1       0       0       0       0       0       0       0       0       0       0       0       0       0
Total ram usage:        1 bytes
 Hardware stack levels used:    1
 This function calls:
		Nothing
 This function is called by:
		_INIT_ADC
 This function uses a non-reentrant model


 *************** function _RESOLUTION *****************
 Defined at:
		line 271 in file "ADC.c"
 Parameters:    Size  Location     Type
  Bits            1    wreg     unsigned char 
 Auto vars:     Size  Location     Type
  Bits            1    0[COMRAM] unsigned char 
 Return value:  Size  Location     Type
                  1    wreg      void 
 Registers used:
		wreg, status,2, status,0
 Tracked objects:
		On entry : 
		On exit  : 
		Unchanged: 
 Data sizes:     COMRAM   BANK0   BANK1   BANK2   BANK3   BANK4   BANK5   BANK6   BANK7   BANK8   BANK9  BANK10  BANK11  BANK12
      Params:         0       0       0       0       0       0       0       0       0       0       0       0       0       0
      Locals:         1       0       0       0       0       0       0       0       0       0       0       0       0       0
      Temps:          0       0       0       0       0       0       0       0       0       0       0       0       0       0
      Totals:         1       0       0       0       0       0       0       0       0       0       0       0       0       0
Total ram usage:        1 bytes
 Hardware stack levels used:    1
 This function calls:
		Nothing
 This function is called by:
		_INIT_ADC
 This function uses a non-reentrant model


 *************** function _ACTIVE_AN *****************
 Defined at:
		line 226 in file "ADC.c"
 Parameters:    Size  Location     Type
  Port            1    wreg     unsigned char 
 Auto vars:     Size  Location     Type
  Port            1    0[COMRAM] unsigned char 
 Return value:  Size  Location     Type
                  1    wreg      void 
 Registers used:
		wreg, status,2, status,0
 Tracked objects:
		On entry : 
		On exit  : 
		Unchanged: 
 Data sizes:     COMRAM   BANK0   BANK1   BANK2   BANK3   BANK4   BANK5   BANK6   BANK7   BANK8   BANK9  BANK10  BANK11  BANK12
      Params:         0       0       0       0       0       0       0       0       0       0       0       0       0       0
      Locals:         1       0       0       0       0       0       0       0       0       0       0       0       0       0
      Temps:          0       0       0       0       0       0       0       0       0       0       0       0       0       0
      Totals:         1       0       0       0       0       0       0       0       0       0       0       0       0       0
Total ram usage:        1 bytes
 Hardware stack levels used:    1
 This function calls:
		Nothing
 This function is called by:
		_INIT_ADC
 This function uses a non-reentrant model


 *************** function _ADC_PROCESS *****************
 Defined at:
		line 280 in file "ADC.c"
 Parameters:    Size  Location     Type
		None
 Auto vars:     Size  Location     Type
		None
 Return value:  Size  Location     Type
                  1    wreg      void 
 Registers used:
		cstack
 Tracked objects:
		On entry : 
		On exit  : 
		Unchanged: 
 Data sizes:     COMRAM   BANK0   BANK1   BANK2   BANK3   BANK4   BANK5   BANK6   BANK7   BANK8   BANK9  BANK10  BANK11  BANK12
      Params:         0       0       0       0       0       0       0       0       0       0       0       0       0       0
      Locals:         0       0       0       0       0       0       0       0       0       0       0       0       0       0
      Temps:          0       0       0       0       0       0       0       0       0       0       0       0       0       0
      Totals:         0       0       0       0       0       0       0       0       0       0       0       0       0       0
Total ram usage:        0 bytes
 Hardware stack levels used:    1
 Hardware stack levels required when called:    1
 This function calls:
		_CONVERT_A_D
 This function is called by:
		_main
 This function uses a non-reentrant model


 *************** function _CONVERT_A_D *****************
 Defined at:
		line 288 in file "ADC.c"
 Parameters:    Size  Location     Type
		None
 Auto vars:     Size  Location     Type
		None
 Return value:  Size  Location     Type
                  1    wreg      void 
 Registers used:
		None
 Tracked objects:
		On entry : 
		On exit  : 
		Unchanged: 
 Data sizes:     COMRAM   BANK0   BANK1   BANK2   BANK3   BANK4   BANK5   BANK6   BANK7   BANK8   BANK9  BANK10  BANK11  BANK12
      Params:         0       0       0       0       0       0       0       0       0       0       0       0       0       0
      Locals:         0       0       0       0       0       0       0       0       0       0       0       0       0       0
      Temps:          0       0       0       0       0       0       0       0       0       0       0       0       0       0
      Totals:         0       0       0       0       0       0       0       0       0       0       0       0       0       0
Total ram usage:        0 bytes
 Hardware stack levels used:    1
 This function calls:
		Nothing
 This function is called by:
		_ADC_PROCESS
 This function uses a non-reentrant model



MODULE INFORMATION

Module		Function		Class		Link	Load	Size
Adc_Uso.c
		_main          		CODE           	BCF0	0000	51

Adc_Uso.c estimated size: 51

shared
		__initialization		CODE           	BC3E	0000	13

shared estimated size: 13

ADC.c
		_CONVERT_A_D   		CODE           	BC50	0000	31
		_VOLTAGE_REF   		CODE           	BCC0	0000	49
		_INIT_ADC      		CODE           	BD22	0000	165
		_READPORT      		CODE           	BDC6	0000	283
		_ADC_PROCESS   		CODE           	BC36	0000	9
		_RESOLUTION    		CODE           	BC94	0000	45
		_ACTIVE_AN     		CODE           	BEE0	0000	289

ADC.c estimated size: 871

C:\Program Files (x86)\Microchip\xc8\v2.10\pic\sources\c99\common\Umul16.c
		___wmul        		CODE           	BC6E	0000	39

C:\Program Files (x86)\Microchip\xc8\v2.10\pic\sources\c99\common\Umul16.c estimated size: 39

