Microchip MPLAB XC8 Compiler V2.10 ()

Linker command line:

-W-3 --edf=C:\Program Files (x86)\Microchip\xc8\v2.10\pic\dat\en_msgs.txt \
  -cs -h+dist/default/production\SENSOR_IR.X.production.sym \
  --cmf=dist/default/production\SENSOR_IR.X.production.cmf -z -Q18F4585 \
  -oC:\Users\araba\AppData\Local\Temp\sa84.2 --defsym=__MPLAB_BUILD=1 \
  -Mdist/default/production/SENSOR_IR.X.production.map -E1 -ver=XC8 \
  --acfsm=1493 -ASTACK=01BCh-0CFFh -pstack=STACK -ACODE=00h-0BFFFh \
  -ACONST=00h-0BFFFh -ASMALLCONST=0D00h-0DFFhx179 \
  -AMEDIUMCONST=0D00h-0BFFFh -ACOMRAM=01h-05Fh -AABS1=00h-0CFFh \
  -ABIGRAM=01h-0CFFh -ARAM=060h-0FFh,0100h-01FFhx12 -ABANK0=060h-0FFh \
  -ABANK1=0100h-01FFh -ABANK2=0200h-02FFh -ABANK3=0300h-03FFh \
  -ABANK4=0400h-04FFh -ABANK5=0500h-05FFh -ABANK6=0600h-06FFh \
  -ABANK7=0700h-07FFh -ABANK8=0800h-08FFh -ABANK9=0900h-09FFh \
  -ABANK10=0A00h-0AFFh -ABANK11=0B00h-0BFFh -ABANK12=0C00h-0CFFh \
  -ASFR=0D00h-0DFFhx2,0F00h-0F5Fh,0F60h-0FFFh \
  -preset_vec=00h,intcode,intcodelo,powerup,init -pramtop=0D00h \
  -psmallconst=SMALLCONST -pmediumconst=MEDIUMCONST -pconst=CONST \
  -AFARRAM=00h-00h -ACONFIG=0300000h-030000Dh -pconfig=CONFIG \
  -AIDLOC=0200000h-0200007h -pidloc=IDLOC -AEEDATA=0F00000h-0F003FFh \
  -peeprom_data=EEDATA \
  -prdata=COMRAM,nvrram=COMRAM,nvbit=COMRAM,rbss=COMRAM,rbit=COMRAM \
  -pfarbss=FARRAM,fardata=FARRAM,nvFARRAM=FARRAM \
  -pintsave_regs=BIGRAM,bigbss=BIGRAM,bigdata=BIGRAM -pbss=RAM \
  -pidata=CODE,irdata=CODE,ibigdata=CODE,ifardata=CODE -prparam=COMRAM \
  C:\Users\araba\AppData\Local\Temp\sa84.o \
  dist/default/production\SENSOR_IR.X.production.o 

Object code version is 3.11

Machine type is 18F4585

Call graph: (short form)




                Name                               Link     Load   Length Selector   Space Scale
C:\Users\araba\AppData\Local\Temp\sa84.o
                init                                  0        0        4        0       0
                idloc                            200000   200000        8   200000       0
                config                           300000   300000        E   300000       0
dist/default/production\SENSOR_IR.X.production.o
                smallconst                          D00      D00       80      680       0
                text24                             52FC     52FC       1E      6C0       0
                text23                             5342     5342        8      6C0       0
                text22                             4DCA     4DCA      106      6C0       0
                text21                             440E     440E      39A      6C0       0
                text20                             51C6     51C6       38      6C0       0
                text19                             3B24     3B24      4C0      6C0       0
                text18                             5180     5180       46      6C0       0
                text17                             49DC     49DC      1B4      6C0       0
                text16                             51FE     51FE       34      6C0       0
                text15                             3FE4     3FE4      42A      6C0       0
                text14                             47A8     47A8      234      6C0       0
                text13                             4ED0     4ED0      104      6C0       0
                text12                             52DA     52DA       22      6C0       0
                text11                             3664     3664      4C0      6C0       0
                text10                              D80      D80     28E4      6C0       0
                text9                              4FD4     4FD4       B8      6C0       0
                text8                              4B90     4B90      120      6C0       0
                text7                              5262     5262       2C      6C0       0
                text6                              5232     5232       30      6C0       0
                text5                              52B4     52B4       26      6C0       0
                text4                              508C     508C       A4      6C0       0
                text3                              5330     5330       12      6C0       0
                text2                              4CB0     4CB0      11A      6C0       0
                text1                              531A     531A       16      6C0       0
                text0                              5130     5130       50      6C0       0
                cstackCOMRAM                          1        1       58        1       1
                cstackBANK0                          60       60       3C       60       1
                cstackBANK1                         100      100       BC      100       1
                bssBANK0                             9C       9C        8       60       1
                bssCOMRAM                            59       59        7        1       1
                cinit                              528E     528E       26      6C0       0

TOTAL           Name                               Link     Load   Length     Space
        CLASS   STACK          

        CLASS   CODE           
                init                                  0        0        4         0
                text24                             52FC     52FC       1E         0
                text23                             5342     5342        8         0
                text22                             4DCA     4DCA      106         0
                text21                             440E     440E      39A         0
                text20                             51C6     51C6       38         0
                text19                             3B24     3B24      4C0         0
                text18                             5180     5180       46         0
                text17                             49DC     49DC      1B4         0
                text16                             51FE     51FE       34         0
                text15                             3FE4     3FE4      42A         0
                text14                             47A8     47A8      234         0
                text13                             4ED0     4ED0      104         0
                text12                             52DA     52DA       22         0
                text11                             3664     3664      4C0         0
                text10                              D80      D80     28E4         0
                text9                              4FD4     4FD4       B8         0
                text8                              4B90     4B90      120         0
                text7                              5262     5262       2C         0
                text6                              5232     5232       30         0
                text5                              52B4     52B4       26         0
                text4                              508C     508C       A4         0
                text3                              5330     5330       12         0
                text2                              4CB0     4CB0      11A         0
                text1                              531A     531A       16         0
                text0                              5130     5130       50         0
                cinit                              528E     528E       26         0

        CLASS   CONST          

        CLASS   SMALLCONST     
                smallconst                          D00      D00       80         0

        CLASS   MEDIUMCONST    

        CLASS   COMRAM         
                cstackCOMRAM                          1        1       58         1
                bssCOMRAM                            59       59        7         1

        CLASS   ABS1           

        CLASS   BIGRAM         

        CLASS   RAM            

        CLASS   BANK0          
                cstackBANK0                          60       60       3C         1
                bssBANK0                             9C       9C        8         1

        CLASS   BANK1          
                cstackBANK1                         100      100       BC         1

        CLASS   BANK2          

        CLASS   BANK3          

        CLASS   BANK4          

        CLASS   BANK5          

        CLASS   BANK6          

        CLASS   BANK7          

        CLASS   BANK8          

        CLASS   BANK9          

        CLASS   BANK10         

        CLASS   BANK11         

        CLASS   BANK12         

        CLASS   SFR            

        CLASS   FARRAM         

        CLASS   CONFIG         
                config                           300000   300000        E         0

        CLASS   IDLOC          
                idloc                            200000   200000        8         0

        CLASS   EEDATA         



SEGMENTS        Name                           Load    Length   Top    Selector   Space  Class

                reset_vec                      000000  000004  000004         0       0  CODE    
                cstackCOMRAM                   000001  00005F  000060         1       1  COMRAM  
                cstackBANK0                    000060  000044  0000A4        60       1  BANK0   
                cstackBANK1                    000100  0000BC  0001BC       100       1  BANK1   
                smallconst                     000D00  000080  000D80       680       0  SMALLCON
                text10                         000D80  0045CA  00534A       6C0       0  CODE    
                idloc                          200000  000008  200008    200000       0  IDLOC   
                config                         300000  00000E  30000E    300000       0  CONFIG  


UNUSED ADDRESS RANGES

        Name                Unused          Largest block    Delta
        BANK0            0000A4-0000FF               5C
        BANK1            0001BC-0001FF               44
        BANK10           000A00-000AFF              100
        BANK11           000B00-000BFF              100
        BANK12           000C00-000CFF              100
        BANK2            000200-0002FF              100
        BANK3            000300-0003FF              100
        BANK4            000400-0004FF              100
        BANK5            000500-0005FF              100
        BANK6            000600-0006FF              100
        BANK7            000700-0007FF              100
        BANK8            000800-0008FF              100
        BANK9            000900-0009FF              100
        BIGRAM           0000A4-0000FF               5C
                         0001BC-000CFF              B44
        CODE             000004-000CFF              CFC
                         00534A-00BFFF             6CB6
        CONST            000004-000CFF              CFC
                         00534A-00BFFF             6CB6
        EEDATA           F00000-F003FF              400
        MEDIUMCONST      00534A-00BFFF             6CB6
        RAM              0000A4-0000FF               5C
                         0001BC-000CFF              100
        SFR              000D00-000FFF              100
        SMALLCONST       00534A-00BFFF              100
        STACK            0001BC-000CFF              B44

                                  Symbol Table

?___fladd                cstackCOMRAM 000001
?___fldiv                cstackCOMRAM 000032
?___flmul                cstackCOMRAM 000011
?___flneg                cstackCOMRAM 000001
?___flsub                cstackCOMRAM 00002A
?___fltol                cstackCOMRAM 000001
?___wmul                 cstackCOMRAM 000001
?___xxtofl               cstackCOMRAM 000001
?_fabsf                  cstackCOMRAM 000001
?_nanf                   cstackCOMRAM 000001
?_powf                   cstackBANK0  000088
?_scalbnf                cstackCOMRAM 00002A
?_sqrtf                  cstackCOMRAM 00003E
ACTIVE_AN@Port           cstackCOMRAM 000001
DISTANCIA@Distancia      cstackBANK0  000090
INIT_ADC@NumberOfPorts   cstackCOMRAM 000009
INIT_ADC@ON_OFF          cstackCOMRAM 000007
INIT_ADC@Resolution      cstackCOMRAM 000008
READPORT@PortToRead      cstackCOMRAM 000001
RESOLUTION@Bits          cstackCOMRAM 000001
SEND_UART@TX_Data        cstackCOMRAM 000001
VOLTAGE_REF@ON_OFF       cstackCOMRAM 000001
_ACTIVE_AN               text8        004B90
_ADCON0bits              (abs)        000FC2
_ADCON1bits              (abs)        000FC1
_ADCON2bits              (abs)        000FC0
_ADC_PROCESS             text23       005342
_ADRESH                  (abs)        000FC4
_ADRESL                  (abs)        000FC3
_CONVERT_A_D             text24       0052FC
_DISTANCIA               text9        004FD4
_DISTANCIA$1231          cstackBANK0  000094
_DISTANCIA$1232          cstackBANK0  000098
_INIT_ADC                text4        00508C
_INIT_UART               text3        005330
_LSB                     bssBANK0     0000A3
_MSB                     bssBANK0     0000A2
_OSCCON                  (abs)        000FD3
_PIR1bits                (abs)        000F9E
_RCREG                   (abs)        000FAE
_RCSTA                   (abs)        000FAB
_READPORT                text2        004CB0
_RESOLUTION              text7        005262
_RX_Data                 bssCOMRAM    00005F
_SEND_UART               text1        00531A
_SPBRG                   (abs)        000FAF
_TAD                     bssCOMRAM    00005D
_TRISAbits               (abs)        000F92
_TRISCbits               (abs)        000F94
_TRISD                   (abs)        000F95
_TXREG                   (abs)        000FAD
_TXSTA                   (abs)        000FAC
_TXSTAbits               (abs)        000FAC
_Tosc                    bssCOMRAM    00005B
_VOLTAGE_REF             text6        005232
__CFG_LVP$OFF            (abs)        000000
__CFG_MCLRE$ON           (abs)        000000
__CFG_OSC$IRCIO67        (abs)        000000
__CFG_PBADEN$OFF         (abs)        000000
__CFG_WDT$OFF            (abs)        000000
__HRAM                   (abs)        000000
__Habs1                  abs1         000000
__Hbank0                 bank0        000000
__Hbank1                 bank1        000000
__Hbank10                bank10       000000
__Hbank11                bank11       000000
__Hbank12                bank12       000000
__Hbank2                 bank2        000000
__Hbank3                 bank3        000000
__Hbank4                 bank4        000000
__Hbank5                 bank5        000000
__Hbank6                 bank6        000000
__Hbank7                 bank7        000000
__Hbank8                 bank8        000000
__Hbank9                 bank9        000000
__Hbigbss                bigbss       000000
__Hbigdata               bigdata      000000
__Hbigram                bigram       000000
__Hbss                   bss          000000
__HbssBANK0              bssBANK0     000000
__HbssCOMRAM             bssCOMRAM    000000
__Hcinit                 cinit        000000
__Hclrtext               clrtext      000000
__Hcomram                comram       000000
__Hconfig                config       30000E
__Hconst                 const        000000
__HcstackBANK0           cstackBANK0  000000
__HcstackBANK1           cstackBANK1  000000
__HcstackCOMRAM          cstackCOMRAM 000000
__Hdata                  data         000000
__Heeprom_data           eeprom_data  000000
__Hfarbss                farbss       000000
__Hfardata               fardata      000000
__Hibigdata              ibigdata     000000
__Hidata                 idata        000000
__Hidloc                 idloc        200008
__Hifardata              ifardata     000000
__Hinit                  init         000004
__Hintcode               intcode      000000
__Hintcode_body          intcode_body 000000
__Hintcodelo             intcodelo    000000
__Hintentry              intentry     000000
__Hintret                intret       000000
__Hintsave_regs          intsave_regs 000000
__Hirdata                irdata       000000
__Hmediumconst           mediumconst  000000
__HnvFARRAM              nvFARRAM     000000
__Hnvbit                 nvbit        000000
__Hnvrram                nvrram       000000
__Hparam                 rparam       000000
__Hpowerup               powerup      000000
__Hram                   ram          000000
__Hramtop                ramtop       000D00
__Hrbit                  rbit         000000
__Hrbss                  rbss         000000
__Hrdata                 rdata        000000
__Hreset_vec             reset_vec    000000
__Hrparam                rparam       000000
__Hsfr                   sfr          000000
__Hsmallconst            smallconst   000D80
__Hspace_0               (abs)        30000E
__Hspace_1               (abs)        0001BC
__Hspace_2               (abs)        000000
__Hstack                 stack        000000
__Hstruct                struct       000000
__Htemp                  temp         000000
__Htext                  text         000000
__Htext0                 text0        000000
__Htext1                 text1        000000
__Htext10                text10       000000
__Htext11                text11       000000
__Htext12                text12       000000
__Htext13                text13       000000
__Htext14                text14       000000
__Htext15                text15       000000
__Htext16                text16       000000
__Htext17                text17       000000
__Htext18                text18       000000
__Htext19                text19       000000
__Htext2                 text2        000000
__Htext20                text20       000000
__Htext21                text21       000000
__Htext22                text22       000000
__Htext23                text23       000000
__Htext24                text24       000000
__Htext3                 text3        000000
__Htext4                 text4        000000
__Htext5                 text5        000000
__Htext6                 text6        000000
__Htext7                 text7        000000
__Htext8                 text8        000000
__Htext9                 text9        000000
__LRAM                   (abs)        000001
__Labs1                  abs1         000000
__Lbank0                 bank0        000000
__Lbank1                 bank1        000000
__Lbank10                bank10       000000
__Lbank11                bank11       000000
__Lbank12                bank12       000000
__Lbank2                 bank2        000000
__Lbank3                 bank3        000000
__Lbank4                 bank4        000000
__Lbank5                 bank5        000000
__Lbank6                 bank6        000000
__Lbank7                 bank7        000000
__Lbank8                 bank8        000000
__Lbank9                 bank9        000000
__Lbigbss                bigbss       000000
__Lbigdata               bigdata      000000
__Lbigram                bigram       000000
__Lbss                   bss          000000
__LbssBANK0              bssBANK0     000000
__LbssCOMRAM             bssCOMRAM    000000
__Lcinit                 cinit        000000
__Lclrtext               clrtext      000000
__Lcomram                comram       000000
__Lconfig                config       300000
__Lconst                 const        000000
__LcstackBANK0           cstackBANK0  000000
__LcstackBANK1           cstackBANK1  000000
__LcstackCOMRAM          cstackCOMRAM 000000
__Ldata                  data         000000
__Leeprom_data           eeprom_data  000000
__Lfarbss                farbss       000000
__Lfardata               fardata      000000
__Libigdata              ibigdata     000000
__Lidata                 idata        000000
__Lidloc                 idloc        200000
__Lifardata              ifardata     000000
__Linit                  init         000000
__Lintcode               intcode      000000
__Lintcode_body          intcode_body 000000
__Lintcodelo             intcodelo    000000
__Lintentry              intentry     000000
__Lintret                intret       000000
__Lintsave_regs          intsave_regs 000000
__Lirdata                irdata       000000
__Lmediumconst           mediumconst  000000
__LnvFARRAM              nvFARRAM     000000
__Lnvbit                 nvbit        000000
__Lnvrram                nvrram       000000
__Lparam                 rparam       000000
__Lpowerup               powerup      000000
__Lram                   ram          000000
__Lramtop                ramtop       000D00
__Lrbit                  rbit         000000
__Lrbss                  rbss         000000
__Lrdata                 rdata        000000
__Lreset_vec             reset_vec    000000
__Lrparam                rparam       000000
__Lsfr                   sfr          000000
__Lsmallconst            smallconst   000D00
__Lspace_0               (abs)        000000
__Lspace_1               (abs)        000000
__Lspace_2               (abs)        000000
__Lstack                 stack        000000
__Lstruct                struct       000000
__Ltemp                  temp         000000
__Ltext                  text         000000
__Ltext0                 text0        000000
__Ltext1                 text1        000000
__Ltext10                text10       000000
__Ltext11                text11       000000
__Ltext12                text12       000000
__Ltext13                text13       000000
__Ltext14                text14       000000
__Ltext15                text15       000000
__Ltext16                text16       000000
__Ltext17                text17       000000
__Ltext18                text18       000000
__Ltext19                text19       000000
__Ltext2                 text2        000000
__Ltext20                text20       000000
__Ltext21                text21       000000
__Ltext22                text22       000000
__Ltext23                text23       000000
__Ltext24                text24       000000
__Ltext3                 text3        000000
__Ltext4                 text4        000000
__Ltext5                 text5        000000
__Ltext6                 text6        000000
__Ltext7                 text7        000000
__Ltext8                 text8        000000
__Ltext9                 text9        000000
__S0                     (abs)        30000E
__S1                     (abs)        0001BC
__S2                     (abs)        000000
___fladd                 text19       003B24
___fladd@a               cstackCOMRAM 000005
___fladd@aexp            cstackCOMRAM 00000E
___fladd@b               cstackCOMRAM 000001
___fladd@bexp            cstackCOMRAM 00000F
___fladd@grs             cstackCOMRAM 000010
___fladd@signs           cstackCOMRAM 00000D
___fldiv                 text21       00440E
___fldiv@a               cstackCOMRAM 000036
___fldiv@aexp            cstackCOMRAM 00004A
___fldiv@b               cstackCOMRAM 000032
___fldiv@bexp            cstackCOMRAM 000049
___fldiv@grs             cstackCOMRAM 000045
___fldiv@new_exp         cstackCOMRAM 000043
___fldiv@rem             cstackCOMRAM 00003E
___fldiv@sign            cstackCOMRAM 000042
___flge                  text13       004ED0
___flge@ff1              cstackCOMRAM 000032
___flge@ff2              cstackCOMRAM 000036
___flmul                 text15       003FE4
___flmul@a               cstackCOMRAM 000015
___flmul@aexp            cstackCOMRAM 000022
___flmul@b               cstackCOMRAM 000011
___flmul@bexp            cstackCOMRAM 000023
___flmul@grs             cstackCOMRAM 00001E
___flmul@prod            cstackCOMRAM 000024
___flmul@sign            cstackCOMRAM 00001D
___flmul@temp            cstackCOMRAM 000028
___flneg                 text20       0051C6
___flneg@f1              cstackCOMRAM 000001
___flsub                 text18       005180
___flsub@a               cstackCOMRAM 00002E
___flsub@b               cstackCOMRAM 00002A
___fltol                 text22       004DCA
___fltol@exp1            cstackCOMRAM 00000A
___fltol@f1              cstackCOMRAM 000001
___fltol@sign1           cstackCOMRAM 000009
___inthi_sp              stack        000000
___intlo_sp              stack        000000
___param_bank            (abs)        000000
___rparam_used           (abs)        000001
___sp                    stack        000000
___wmul                  text5        0052B4
___wmul@multiplicand     cstackCOMRAM 000003
___wmul@multiplier       cstackCOMRAM 000001
___wmul@product          cstackCOMRAM 000005
___xxtofl                text17       0049DC
___xxtofl@arg            cstackCOMRAM 00000B
___xxtofl@exp            cstackCOMRAM 00000A
___xxtofl@sign           cstackCOMRAM 000009
___xxtofl@val            cstackCOMRAM 000001
__accesstop              (abs)        000060
__activetblptr           (abs)        000001
__end_of_ACTIVE_AN       text8        004CB0
__end_of_ADC_PROCESS     text23       00534A
__end_of_CONVERT_A_D     text24       00531A
__end_of_DISTANCIA       text9        00508C
__end_of_INIT_ADC        text4        005130
__end_of_INIT_UART       text3        005342
__end_of_L1              smallconst   000D5D
__end_of_L2              smallconst   000D59
__end_of_L3              smallconst   000D55
__end_of_L4              smallconst   000D51
__end_of_L5              smallconst   000D4D
__end_of_L6              smallconst   000D49
__end_of_P1              smallconst   000D45
__end_of_P2              smallconst   000D41
__end_of_P3              smallconst   000D3D
__end_of_P4              smallconst   000D39
__end_of_P5              smallconst   000D35
__end_of_READPORT        text2        004DCA
__end_of_RESOLUTION      text7        00528E
__end_of_SEND_UART       text1        005330
__end_of_VOLTAGE_REF     text6        005262
__end_of___fladd         text19       003FE4
__end_of___fldiv         text21       0047A8
__end_of___flge          text13       004FD4
__end_of___flmul         text15       00440E
__end_of___flneg         text20       0051FE
__end_of___flsub         text18       0051C6
__end_of___fltol         text22       004ED0
__end_of___wmul          text5        0052DA
__end_of___xxtofl        text17       004B90
__end_of__initialization cinit        0052A6
__end_of_bp              smallconst   000D71
__end_of_cp              smallconst   000D21
__end_of_cp_h            smallconst   000D7D
__end_of_cp_l            smallconst   000D79
__end_of_dp_h            smallconst   000D11
__end_of_dp_l            smallconst   000D09
__end_of_fabsf           text16       005232
__end_of_huge            smallconst   000D65
__end_of_ivln2           smallconst   000D1D
__end_of_ivln2_h         smallconst   000D75
__end_of_ivln2_l         smallconst   000D19
__end_of_lg2             smallconst   000D31
__end_of_lg2_h           smallconst   000D2D
__end_of_lg2_l           smallconst   000D29
__end_of_main            text0        005180
__end_of_nanf            text12       0052FC
__end_of_ovt             smallconst   000D25
__end_of_powf            text10       003664
__end_of_scalbnf         text14       0049DC
__end_of_sqrtf           text11       003B24
__end_of_tiny            smallconst   000D61
__end_of_two24           smallconst   000D69
__end_ofsqrtf@tiny       smallconst   000D15
__initialization         cinit        00528E
__mediumconst            mediumconst  000000
__pbssBANK0              bssBANK0     00009C
__pbssCOMRAM             bssCOMRAM    000059
__pcinit                 cinit        00528E
__pcstackBANK0           cstackBANK0  000060
__pcstackBANK1           cstackBANK1  000100
__pcstackCOMRAM          cstackCOMRAM 000001
__psmallconst            smallconst   000D00
__ptext0                 text0        005130
__ptext1                 text1        00531A
__ptext10                text10       000D80
__ptext11                text11       003664
__ptext12                text12       0052DA
__ptext13                text13       004ED0
__ptext14                text14       0047A8
__ptext15                text15       003FE4
__ptext16                text16       0051FE
__ptext17                text17       0049DC
__ptext18                text18       005180
__ptext19                text19       003B24
__ptext2                 text2        004CB0
__ptext20                text20       0051C6
__ptext21                text21       00440E
__ptext22                text22       004DCA
__ptext23                text23       005342
__ptext24                text24       0052FC
__ptext3                 text3        005330
__ptext4                 text4        00508C
__ptext5                 text5        0052B4
__ptext6                 text6        005232
__ptext7                 text7        005262
__ptext8                 text8        004B90
__ptext9                 text9        004FD4
__ramtop                 ramtop       000D00
__size_of_ACTIVE_AN      (abs)        000000
__size_of_ADC_PROCESS    (abs)        000000
__size_of_CONVERT_A_D    (abs)        000000
__size_of_DISTANCIA      (abs)        000000
__size_of_INIT_ADC       (abs)        000000
__size_of_INIT_UART      (abs)        000000
__size_of_READPORT       (abs)        000000
__size_of_RESOLUTION     (abs)        000000
__size_of_SEND_UART      (abs)        000000
__size_of_VOLTAGE_REF    (abs)        000000
__size_of___fladd        (abs)        000000
__size_of___fldiv        (abs)        000000
__size_of___flge         (abs)        000000
__size_of___flmul        (abs)        000000
__size_of___flneg        (abs)        000000
__size_of___flsub        (abs)        000000
__size_of___fltol        (abs)        000000
__size_of___wmul         (abs)        000000
__size_of___xxtofl       (abs)        000000
__size_of_fabsf          (abs)        000000
__size_of_main           (abs)        000000
__size_of_nanf           (abs)        000000
__size_of_powf           (abs)        000000
__size_of_scalbnf        (abs)        000000
__size_of_sqrtf          (abs)        000000
__smallconst             smallconst   000D00
_analog_value            bssBANK0     0000A0
_bp                      smallconst   000D69
_dp_h                    smallconst   000D09
_dp_l                    smallconst   000D01
_errno                   bssCOMRAM    000059
_fabsf                   text16       0051FE
_main                    text0        005130
_nanf                    text12       0052DA
_powf                    text10       000D80
_powf$1233               cstackBANK1  0001A4
_powf$1234               cstackBANK1  000154
_powf$1235               cstackBANK1  000148
_powf$1236               cstackBANK1  000194
_powf$1237               cstackBANK1  000138
_powf$1238               cstackBANK1  000100
_powf$1239               cstackBANK1  000104
_powf$1240               cstackBANK1  000158
_powf$1241               cstackBANK1  00013C
_powf$1242               cstackBANK1  000140
_powf$1243               cstackBANK1  000108
_powf$1244               cstackBANK1  00010C
_powf$1245               cstackBANK1  000110
_powf$1246               cstackBANK1  000114
_powf$1247               cstackBANK1  000118
_scalbnf                 text14       0047A8
_sqrtf                   text11       003664
end_of_initialization    cinit        0052A6
fabsf@F463               bssBANK0     00009C
fabsf@u                  cstackCOMRAM 000005
fabsf@x                  cstackCOMRAM 000001
intlevel0                text         000000
intlevel1                text         000000
intlevel2                text         000000
intlevel3                text         000000
main@Distancia_cm        cstackCOMRAM 000058
nanf@s                   cstackCOMRAM 000001
nanf@u                   cstackCOMRAM 000005
powf@__xc8_float_word    cstackBANK1  0001B8
powf@ax                  cstackBANK1  000170
powf@hx                  cstackBANK1  000160
powf@hy                  cstackBANK1  000184
powf@i                   cstackBANK1  00012C
powf@is                  cstackBANK1  000190
powf@ix                  cstackBANK1  0001A8
powf@iy                  cstackBANK1  000198
powf@j                   cstackBANK1  0001AC
powf@k                   cstackBANK1  0001A0
powf@n                   cstackBANK1  00017C
powf@p_h                 cstackBANK1  00019C
powf@p_l                 cstackBANK1  000164
powf@r                   cstackBANK1  00014C
powf@s                   cstackBANK1  00015C
powf@s2                  cstackBANK1  00018C
powf@s_h                 cstackBANK1  00016C
powf@s_l                 cstackBANK1  000130
powf@sn                  cstackBANK1  000188
powf@t                   cstackBANK1  0001B0
powf@t1                  cstackBANK1  000180
powf@t2                  cstackBANK1  00011C
powf@t_h                 cstackBANK1  000168
powf@t_l                 cstackBANK1  000134
powf@u                   cstackBANK1  000174
powf@v                   cstackBANK1  000178
powf@w                   cstackBANK1  000144
powf@x                   cstackBANK0  000088
powf@y                   cstackBANK0  00008C
powf@y1                  cstackBANK1  000128
powf@yisint              cstackBANK1  000150
powf@z                   cstackBANK1  0001B4
powf@z_h                 cstackBANK1  000120
powf@z_l                 cstackBANK1  000124
scalbnf@n                cstackCOMRAM 00002E
scalbnf@u                cstackCOMRAM 000034
scalbnf@x                cstackCOMRAM 00002A
scalbnf@y                cstackCOMRAM 000038
sqrtf@__xc8_float_word   cstackBANK0  00006C
sqrtf@i                  cstackBANK0  000068
sqrtf@ix                 cstackBANK0  000084
sqrtf@m                  cstackBANK0  00007C
sqrtf@q                  cstackBANK0  000070
sqrtf@r                  cstackBANK0  000080
sqrtf@s                  cstackBANK0  000064
sqrtf@t                  cstackBANK0  000074
sqrtf@x                  cstackCOMRAM 00003E
sqrtf@z                  cstackBANK0  000078
stackhi                  (abs)        000CFF
stacklo                  (abs)        0001BC
start                    init         000000
start_initialization     cinit        00528E


FUNCTION INFORMATION:

 *************** function _main *****************
 Defined at:
		line 16 in file "Sensor_IR_uso.c"
 Parameters:    Size  Location     Type
		None
 Auto vars:     Size  Location     Type
  Distancia_cm    1   87[COMRAM] unsigned char 
 Return value:  Size  Location     Type
                  1    wreg      void 
 Registers used:
		wreg, status,2, status,0, tblptrl, tblptrh, tblptru, prodl, prodh, cstack
 Tracked objects:
		On entry : 
		On exit  : 
		Unchanged: 
 Data sizes:     COMRAM   BANK0   BANK1   BANK2   BANK3   BANK4   BANK5   BANK6   BANK7   BANK8   BANK9  BANK10  BANK11  BANK12
      Params:         0       0       0       0       0       0       0       0       0       0       0       0       0       0
      Locals:         1       0       0       0       0       0       0       0       0       0       0       0       0       0
      Temps:          2       0       0       0       0       0       0       0       0       0       0       0       0       0
      Totals:         3       0       0       0       0       0       0       0       0       0       0       0       0       0
Total ram usage:        3 bytes
 Hardware stack levels required when called:    4
 This function calls:
		_ADC_PROCESS
		_DISTANCIA
		_INIT_ADC
		_INIT_UART
		_READPORT
		_SEND_UART
 This function is called by:
		Startup code after reset
 This function uses a non-reentrant model


 *************** function _SEND_UART *****************
 Defined at:
		line 16 in file "../UART.X/UART.c"
 Parameters:    Size  Location     Type
  TX_Data         1    wreg     unsigned char 
 Auto vars:     Size  Location     Type
  TX_Data         1    0[COMRAM] unsigned char 
 Return value:  Size  Location     Type
                  1    wreg      void 
 Registers used:
		wreg
 Tracked objects:
		On entry : 
		On exit  : 
		Unchanged: 
 Data sizes:     COMRAM   BANK0   BANK1   BANK2   BANK3   BANK4   BANK5   BANK6   BANK7   BANK8   BANK9  BANK10  BANK11  BANK12
      Params:         0       0       0       0       0       0       0       0       0       0       0       0       0       0
      Locals:         1       0       0       0       0       0       0       0       0       0       0       0       0       0
      Temps:          0       0       0       0       0       0       0       0       0       0       0       0       0       0
      Totals:         1       0       0       0       0       0       0       0       0       0       0       0       0       0
Total ram usage:        1 bytes
 Hardware stack levels used:    1
 This function calls:
		Nothing
 This function is called by:
		_main
 This function uses a non-reentrant model


 *************** function _READPORT *****************
 Defined at:
		line 299 in file "ADC.c"
 Parameters:    Size  Location     Type
  PortToRead      1    wreg     unsigned char 
 Auto vars:     Size  Location     Type
  PortToRead      1    0[COMRAM] unsigned char 
 Return value:  Size  Location     Type
                  1    wreg      void 
 Registers used:
		wreg, status,2, status,0
 Tracked objects:
		On entry : 
		On exit  : 
		Unchanged: 
 Data sizes:     COMRAM   BANK0   BANK1   BANK2   BANK3   BANK4   BANK5   BANK6   BANK7   BANK8   BANK9  BANK10  BANK11  BANK12
      Params:         0       0       0       0       0       0       0       0       0       0       0       0       0       0
      Locals:         1       0       0       0       0       0       0       0       0       0       0       0       0       0
      Temps:          0       0       0       0       0       0       0       0       0       0       0       0       0       0
      Totals:         1       0       0       0       0       0       0       0       0       0       0       0       0       0
Total ram usage:        1 bytes
 Hardware stack levels used:    1
 This function calls:
		Nothing
 This function is called by:
		_main
 This function uses a non-reentrant model


 *************** function _INIT_UART *****************
 Defined at:
		line 4 in file "../UART.X/UART.c"
 Parameters:    Size  Location     Type
		None
 Auto vars:     Size  Location     Type
		None
 Return value:  Size  Location     Type
                  1    wreg      void 
 Registers used:
		wreg, status,2
 Tracked objects:
		On entry : 
		On exit  : 
		Unchanged: 
 Data sizes:     COMRAM   BANK0   BANK1   BANK2   BANK3   BANK4   BANK5   BANK6   BANK7   BANK8   BANK9  BANK10  BANK11  BANK12
      Params:         0       0       0       0       0       0       0       0       0       0       0       0       0       0
      Locals:         0       0       0       0       0       0       0       0       0       0       0       0       0       0
      Temps:          0       0       0       0       0       0       0       0       0       0       0       0       0       0
      Totals:         0       0       0       0       0       0       0       0       0       0       0       0       0       0
Total ram usage:        0 bytes
 Hardware stack levels used:    1
 This function calls:
		Nothing
 This function is called by:
		_main
 This function uses a non-reentrant model


 *************** function _INIT_ADC *****************
 Defined at:
		line 4 in file "ADC.c"
 Parameters:    Size  Location     Type
  NumberOfPort    1    wreg     unsigned char 
  ON_OFF          1    6[COMRAM] unsigned char 
  Resolution      1    7[COMRAM] unsigned char 
 Auto vars:     Size  Location     Type
  NumberOfPort    1    8[COMRAM] unsigned char 
 Return value:  Size  Location     Type
                  1    wreg      void 
 Registers used:
		wreg, status,2, status,0, prodl, prodh, cstack
 Tracked objects:
		On entry : 
		On exit  : 
		Unchanged: 
 Data sizes:     COMRAM   BANK0   BANK1   BANK2   BANK3   BANK4   BANK5   BANK6   BANK7   BANK8   BANK9  BANK10  BANK11  BANK12
      Params:         2       0       0       0       0       0       0       0       0       0       0       0       0       0
      Locals:         1       0       0       0       0       0       0       0       0       0       0       0       0       0
      Temps:          0       0       0       0       0       0       0       0       0       0       0       0       0       0
      Totals:         3       0       0       0       0       0       0       0       0       0       0       0       0       0
Total ram usage:        3 bytes
 Hardware stack levels used:    1
 Hardware stack levels required when called:    1
 This function calls:
		_ACTIVE_AN
		_RESOLUTION
		_VOLTAGE_REF
		___wmul
 This function is called by:
		_main
 This function uses a non-reentrant model


 *************** function ___wmul *****************
 Defined at:
		line 15 in file "C:\Program Files (x86)\Microchip\xc8\v2.10\pic\sources\c99\common\Umul16.c"
 Parameters:    Size  Location     Type
  multiplier      2    0[COMRAM] unsigned int 
  multiplicand    2    2[COMRAM] unsigned int 
 Auto vars:     Size  Location     Type
  product         2    4[COMRAM] unsigned int 
 Return value:  Size  Location     Type
                  2    0[COMRAM] unsigned int 
 Registers used:
		wreg, status,2, status,0, prodl, prodh
 Tracked objects:
		On entry : 
		On exit  : 
		Unchanged: 
 Data sizes:     COMRAM   BANK0   BANK1   BANK2   BANK3   BANK4   BANK5   BANK6   BANK7   BANK8   BANK9  BANK10  BANK11  BANK12
      Params:         4       0       0       0       0       0       0       0       0       0       0       0       0       0
      Locals:         2       0       0       0       0       0       0       0       0       0       0       0       0       0
      Temps:          0       0       0       0       0       0       0       0       0       0       0       0       0       0
      Totals:         6       0       0       0       0       0       0       0       0       0       0       0       0       0
Total ram usage:        6 bytes
 Hardware stack levels used:    1
 This function calls:
		Nothing
 This function is called by:
		_INIT_ADC
 This function uses a non-reentrant model


 *************** function _VOLTAGE_REF *****************
 Defined at:
		line 213 in file "ADC.c"
 Parameters:    Size  Location     Type
  ON_OFF          1    wreg     unsigned char 
 Auto vars:     Size  Location     Type
  ON_OFF          1    0[COMRAM] unsigned char 
 Return value:  Size  Location     Type
                  1    wreg      void 
 Registers used:
		wreg, status,2, status,0
 Tracked objects:
		On entry : 
		On exit  : 
		Unchanged: 
 Data sizes:     COMRAM   BANK0   BANK1   BANK2   BANK3   BANK4   BANK5   BANK6   BANK7   BANK8   BANK9  BANK10  BANK11  BANK12
      Params:         0       0       0       0       0       0       0       0       0       0       0       0       0       0
      Locals:         1       0       0       0       0       0       0       0       0       0       0       0       0       0
      Temps:          0       0       0       0       0       0       0       0       0       0       0       0       0       0
      Totals:         1       0       0       0       0       0       0       0       0       0       0       0       0       0
Total ram usage:        1 bytes
 Hardware stack levels used:    1
 This function calls:
		Nothing
 This function is called by:
		_INIT_ADC
 This function uses a non-reentrant model


 *************** function _RESOLUTION *****************
 Defined at:
		line 271 in file "ADC.c"
 Parameters:    Size  Location     Type
  Bits            1    wreg     unsigned char 
 Auto vars:     Size  Location     Type
  Bits            1    0[COMRAM] unsigned char 
 Return value:  Size  Location     Type
                  1    wreg      void 
 Registers used:
		wreg, status,2, status,0
 Tracked objects:
		On entry : 
		On exit  : 
		Unchanged: 
 Data sizes:     COMRAM   BANK0   BANK1   BANK2   BANK3   BANK4   BANK5   BANK6   BANK7   BANK8   BANK9  BANK10  BANK11  BANK12
      Params:         0       0       0       0       0       0       0       0       0       0       0       0       0       0
      Locals:         1       0       0       0       0       0       0       0       0       0       0       0       0       0
      Temps:          0       0       0       0       0       0       0       0       0       0       0       0       0       0
      Totals:         1       0       0       0       0       0       0       0       0       0       0       0       0       0
Total ram usage:        1 bytes
 Hardware stack levels used:    1
 This function calls:
		Nothing
 This function is called by:
		_INIT_ADC
 This function uses a non-reentrant model


 *************** function _ACTIVE_AN *****************
 Defined at:
		line 226 in file "ADC.c"
 Parameters:    Size  Location     Type
  Port            1    wreg     unsigned char 
 Auto vars:     Size  Location     Type
  Port            1    0[COMRAM] unsigned char 
 Return value:  Size  Location     Type
                  1    wreg      void 
 Registers used:
		wreg, status,2, status,0
 Tracked objects:
		On entry : 
		On exit  : 
		Unchanged: 
 Data sizes:     COMRAM   BANK0   BANK1   BANK2   BANK3   BANK4   BANK5   BANK6   BANK7   BANK8   BANK9  BANK10  BANK11  BANK12
      Params:         0       0       0       0       0       0       0       0       0       0       0       0       0       0
      Locals:         1       0       0       0       0       0       0       0       0       0       0       0       0       0
      Temps:          0       0       0       0       0       0       0       0       0       0       0       0       0       0
      Totals:         1       0       0       0       0       0       0       0       0       0       0       0       0       0
Total ram usage:        1 bytes
 Hardware stack levels used:    1
 This function calls:
		Nothing
 This function is called by:
		_INIT_ADC
 This function uses a non-reentrant model


 *************** function _DISTANCIA *****************
 Defined at:
		line 7 in file "SENSOR_IR.c"
 Parameters:    Size  Location     Type
		None
 Auto vars:     Size  Location     Type
  Distancia       4   48[BANK0 ] float 
 Return value:  Size  Location     Type
                  1    wreg      unsigned char 
 Registers used:
		wreg, status,2, status,0, tblptrl, tblptrh, tblptru, prodl, prodh, cstack
 Tracked objects:
		On entry : 
		On exit  : 
		Unchanged: 
 Data sizes:     COMRAM   BANK0   BANK1   BANK2   BANK3   BANK4   BANK5   BANK6   BANK7   BANK8   BANK9  BANK10  BANK11  BANK12
      Params:         0       0       0       0       0       0       0       0       0       0       0       0       0       0
      Locals:         0      12       0       0       0       0       0       0       0       0       0       0       0       0
      Temps:          2       0       0       0       0       0       0       0       0       0       0       0       0       0
      Totals:         2      12       0       0       0       0       0       0       0       0       0       0       0       0
Total ram usage:       14 bytes
 Hardware stack levels used:    1
 Hardware stack levels required when called:    3
 This function calls:
		___flmul
		___fltol
		___xxtofl
		_powf
 This function is called by:
		_main
 This function uses a non-reentrant model


 *************** function _powf *****************
 Defined at:
		line 52 in file "C:\Program Files (x86)\Microchip\xc8\v2.10\pic\sources\c99\common\powf.c"
 Parameters:    Size  Location     Type
  x               4   40[BANK0 ] float 
  y               4   44[BANK0 ] float 
 Auto vars:     Size  Location     Type
  s2              4  140[BANK1 ] float 
  s_h             4  108[BANK1 ] float 
  t_h             4  104[BANK1 ] float 
  t_l             4   52[BANK1 ] float 
  s_l             4   48[BANK1 ] float 
  __xc8_float_    4  184[BANK1 ] struct .
  z               4  180[BANK1 ] float 
  t               4  176[BANK1 ] float 
  j               4  172[BANK1 ] long 
  ix              4  168[BANK1 ] long 
  k               4  160[BANK1 ] long 
  p_h             4  156[BANK1 ] float 
  iy              4  152[BANK1 ] long 
  is              4  144[BANK1 ] long 
  sn              4  136[BANK1 ] float 
  hy              4  132[BANK1 ] long 
  t1              4  128[BANK1 ] float 
  n               4  124[BANK1 ] long 
  v               4  120[BANK1 ] float 
  u               4  116[BANK1 ] float 
  ax              4  112[BANK1 ] float 
  p_l             4  100[BANK1 ] float 
  hx              4   96[BANK1 ] long 
  s               4   92[BANK1 ] float 
  yisint          4   80[BANK1 ] long 
  r               4   76[BANK1 ] float 
  w               4   68[BANK1 ] float 
  i               4   44[BANK1 ] long 
  y1              4   40[BANK1 ] float 
  z_l             4   36[BANK1 ] float 
  z_h             4   32[BANK1 ] float 
  t2              4   28[BANK1 ] float 
 Return value:  Size  Location     Type
                  4   40[BANK0 ] float 
 Registers used:
		wreg, status,2, status,0, tblptrl, tblptrh, tblptru, prodl, prodh, cstack
 Tracked objects:
		On entry : 
		On exit  : 
		Unchanged: 
 Data sizes:     COMRAM   BANK0   BANK1   BANK2   BANK3   BANK4   BANK5   BANK6   BANK7   BANK8   BANK9  BANK10  BANK11  BANK12
      Params:         0       8       0       0       0       0       0       0       0       0       0       0       0       0
      Locals:         0       0     188       0       0       0       0       0       0       0       0       0       0       0
      Temps:          9       0       0       0       0       0       0       0       0       0       0       0       0       0
      Totals:         9       8     188       0       0       0       0       0       0       0       0       0       0       0
Total ram usage:      205 bytes
 Hardware stack levels used:    1
 Hardware stack levels required when called:    2
 This function calls:
		___fladd
		___fldiv
		___flge
		___flmul
		___flneg
		___flsub
		___xxtofl
		_fabsf
		_scalbnf
		_sqrtf
 This function is called by:
		_DISTANCIA
 This function uses a non-reentrant model


 *************** function _sqrtf *****************
 Defined at:
		line 22 in file "C:\Program Files (x86)\Microchip\xc8\v2.10\pic\sources\c99\common\sqrtf.c"
 Parameters:    Size  Location     Type
  x               4   61[COMRAM] float 
 Auto vars:     Size  Location     Type
  ix              4   36[BANK0 ] long 
  r               4   32[BANK0 ] unsigned long 
  m               4   28[BANK0 ] long 
  z               4   24[BANK0 ] float 
  t               4   20[BANK0 ] long 
  q               4   16[BANK0 ] long 
  __xc8_float_    4   12[BANK0 ] struct .
  i               4    8[BANK0 ] long 
  s               4    4[BANK0 ] long 
  sign            4    0        long 
 Return value:  Size  Location     Type
                  4   61[COMRAM] float 
 Registers used:
		wreg, status,2, status,0, prodl, prodh, cstack
 Tracked objects:
		On entry : 
		On exit  : 
		Unchanged: 
 Data sizes:     COMRAM   BANK0   BANK1   BANK2   BANK3   BANK4   BANK5   BANK6   BANK7   BANK8   BANK9  BANK10  BANK11  BANK12
      Params:         4       0       0       0       0       0       0       0       0       0       0       0       0       0
      Locals:         0      40       0       0       0       0       0       0       0       0       0       0       0       0
      Temps:          5       0       0       0       0       0       0       0       0       0       0       0       0       0
      Totals:         9      40       0       0       0       0       0       0       0       0       0       0       0       0
Total ram usage:       49 bytes
 Hardware stack levels used:    1
 Hardware stack levels required when called:    1
 This function calls:
		___fladd
		___flge
		___flmul
		_nanf
 This function is called by:
		_powf
 This function uses a non-reentrant model


 *************** function _nanf *****************
 Defined at:
		line 4 in file "C:\Program Files (x86)\Microchip\xc8\v2.10\pic\sources\c99\common\nanf.c"
 Parameters:    Size  Location     Type
  s               2    0[COMRAM] PTR const unsigned char 
		 -> STR_1(1), 
 Auto vars:     Size  Location     Type
  u               4    4[COMRAM] struct .
 Return value:  Size  Location     Type
                  4    0[COMRAM] float 
 Registers used:
		wreg, status,2
 Tracked objects:
		On entry : 
		On exit  : 
		Unchanged: 
 Data sizes:     COMRAM   BANK0   BANK1   BANK2   BANK3   BANK4   BANK5   BANK6   BANK7   BANK8   BANK9  BANK10  BANK11  BANK12
      Params:         4       0       0       0       0       0       0       0       0       0       0       0       0       0
      Locals:         4       0       0       0       0       0       0       0       0       0       0       0       0       0
      Temps:          0       0       0       0       0       0       0       0       0       0       0       0       0       0
      Totals:         8       0       0       0       0       0       0       0       0       0       0       0       0       0
Total ram usage:        8 bytes
 Hardware stack levels used:    1
 This function calls:
		Nothing
 This function is called by:
		_sqrtf
 This function uses a non-reentrant model


 *************** function ___flge *****************
 Defined at:
		line 4 in file "C:\Program Files (x86)\Microchip\xc8\v2.10\pic\sources\c99\common\flge.c"
 Parameters:    Size  Location     Type
  ff1             4   49[COMRAM] float 
  ff2             4   53[COMRAM] float 
 Auto vars:     Size  Location     Type
		None
 Return value:  Size  Location     Type
		None               void
 Registers used:
		wreg, status,2, status,0
 Tracked objects:
		On entry : 
		On exit  : 
		Unchanged: 
 Data sizes:     COMRAM   BANK0   BANK1   BANK2   BANK3   BANK4   BANK5   BANK6   BANK7   BANK8   BANK9  BANK10  BANK11  BANK12
      Params:         8       0       0       0       0       0       0       0       0       0       0       0       0       0
      Locals:         0       0       0       0       0       0       0       0       0       0       0       0       0       0
      Temps:          4       0       0       0       0       0       0       0       0       0       0       0       0       0
      Totals:        12       0       0       0       0       0       0       0       0       0       0       0       0       0
Total ram usage:       12 bytes
 Hardware stack levels used:    1
 This function calls:
		Nothing
 This function is called by:
		_powf
		_sqrtf
 This function uses a non-reentrant model


 *************** function _scalbnf *****************
 Defined at:
		line 4 in file "C:\Program Files (x86)\Microchip\xc8\v2.10\pic\sources\c99\common\scalbnf.c"
 Parameters:    Size  Location     Type
  x               4   41[COMRAM] float 
  n               2   45[COMRAM] int 
 Auto vars:     Size  Location     Type
  y               4   55[COMRAM] float 
  u               4   51[COMRAM] struct .
 Return value:  Size  Location     Type
                  4   41[COMRAM] float 
 Registers used:
		wreg, status,2, status,0, prodl, prodh, cstack
 Tracked objects:
		On entry : 
		On exit  : 
		Unchanged: 
 Data sizes:     COMRAM   BANK0   BANK1   BANK2   BANK3   BANK4   BANK5   BANK6   BANK7   BANK8   BANK9  BANK10  BANK11  BANK12
      Params:         6       0       0       0       0       0       0       0       0       0       0       0       0       0
      Locals:         8       0       0       0       0       0       0       0       0       0       0       0       0       0
      Temps:          4       0       0       0       0       0       0       0       0       0       0       0       0       0
      Totals:        18       0       0       0       0       0       0       0       0       0       0       0       0       0
Total ram usage:       18 bytes
 Hardware stack levels used:    1
 Hardware stack levels required when called:    1
 This function calls:
		___flmul
 This function is called by:
		_powf
 This function uses a non-reentrant model


 *************** function ___flmul *****************
 Defined at:
		line 8 in file "C:\Program Files (x86)\Microchip\xc8\v2.10\pic\sources\c99\common\sprcmul.c"
 Parameters:    Size  Location     Type
  b               4   16[COMRAM] float 
  a               4   20[COMRAM] float 
 Auto vars:     Size  Location     Type
  prod            4   35[COMRAM] struct .
  grs             4   29[COMRAM] unsigned long 
  temp            2   39[COMRAM] struct .
  bexp            1   34[COMRAM] unsigned char 
  aexp            1   33[COMRAM] unsigned char 
  sign            1   28[COMRAM] unsigned char 
 Return value:  Size  Location     Type
                  4   16[COMRAM] unsigned char 
 Registers used:
		wreg, status,2, status,0, prodl, prodh
 Tracked objects:
		On entry : 
		On exit  : 
		Unchanged: 
 Data sizes:     COMRAM   BANK0   BANK1   BANK2   BANK3   BANK4   BANK5   BANK6   BANK7   BANK8   BANK9  BANK10  BANK11  BANK12
      Params:         8       0       0       0       0       0       0       0       0       0       0       0       0       0
      Locals:        13       0       0       0       0       0       0       0       0       0       0       0       0       0
      Temps:          4       0       0       0       0       0       0       0       0       0       0       0       0       0
      Totals:        25       0       0       0       0       0       0       0       0       0       0       0       0       0
Total ram usage:       25 bytes
 Hardware stack levels used:    1
 This function calls:
		Nothing
 This function is called by:
		_DISTANCIA
		_powf
		_scalbnf
		_sqrtf
 This function uses a non-reentrant model


 *************** function _fabsf *****************
 Defined at:
		line 4 in file "C:\Program Files (x86)\Microchip\xc8\v2.10\pic\sources\c99\common\fabsf.c"
 Parameters:    Size  Location     Type
  x               4    0[COMRAM] float 
 Auto vars:     Size  Location     Type
  u               4    4[COMRAM] struct .
 Return value:  Size  Location     Type
                  4    0[COMRAM] float 
 Registers used:
		status,2, status,0
 Tracked objects:
		On entry : 
		On exit  : 
		Unchanged: 
 Data sizes:     COMRAM   BANK0   BANK1   BANK2   BANK3   BANK4   BANK5   BANK6   BANK7   BANK8   BANK9  BANK10  BANK11  BANK12
      Params:         4       0       0       0       0       0       0       0       0       0       0       0       0       0
      Locals:         4       0       0       0       0       0       0       0       0       0       0       0       0       0
      Temps:          0       0       0       0       0       0       0       0       0       0       0       0       0       0
      Totals:         8       0       0       0       0       0       0       0       0       0       0       0       0       0
Total ram usage:        8 bytes
 Hardware stack levels used:    1
 This function calls:
		Nothing
 This function is called by:
		_powf
 This function uses a non-reentrant model


 *************** function ___xxtofl *****************
 Defined at:
		line 10 in file "C:\Program Files (x86)\Microchip\xc8\v2.10\pic\sources\c99\common\xxtofl.c"
 Parameters:    Size  Location     Type
  sign            1    wreg     unsigned char 
  val             4    0[COMRAM] long 
 Auto vars:     Size  Location     Type
  sign            1    8[COMRAM] unsigned char 
  arg             4   10[COMRAM] unsigned long 
  exp             1    9[COMRAM] unsigned char 
 Return value:  Size  Location     Type
                  4    0[COMRAM] unsigned char 
 Registers used:
		wreg, status,2, status,0
 Tracked objects:
		On entry : 
		On exit  : 
		Unchanged: 
 Data sizes:     COMRAM   BANK0   BANK1   BANK2   BANK3   BANK4   BANK5   BANK6   BANK7   BANK8   BANK9  BANK10  BANK11  BANK12
      Params:         4       0       0       0       0       0       0       0       0       0       0       0       0       0
      Locals:         6       0       0       0       0       0       0       0       0       0       0       0       0       0
      Temps:          4       0       0       0       0       0       0       0       0       0       0       0       0       0
      Totals:        14       0       0       0       0       0       0       0       0       0       0       0       0       0
Total ram usage:       14 bytes
 Hardware stack levels used:    1
 This function calls:
		Nothing
 This function is called by:
		_DISTANCIA
		_powf
 This function uses a non-reentrant model


 *************** function ___flsub *****************
 Defined at:
		line 245 in file "C:\Program Files (x86)\Microchip\xc8\v2.10\pic\sources\c99\common\sprcadd.c"
 Parameters:    Size  Location     Type
  b               4   41[COMRAM] unsigned char 
  a               4   45[COMRAM] unsigned char 
 Auto vars:     Size  Location     Type
		None
 Return value:  Size  Location     Type
                  4   41[COMRAM] unsigned char 
 Registers used:
		wreg, status,2, status,0, cstack
 Tracked objects:
		On entry : 
		On exit  : 
		Unchanged: 
 Data sizes:     COMRAM   BANK0   BANK1   BANK2   BANK3   BANK4   BANK5   BANK6   BANK7   BANK8   BANK9  BANK10  BANK11  BANK12
      Params:         8       0       0       0       0       0       0       0       0       0       0       0       0       0
      Locals:         0       0       0       0       0       0       0       0       0       0       0       0       0       0
      Temps:          0       0       0       0       0       0       0       0       0       0       0       0       0       0
      Totals:         8       0       0       0       0       0       0       0       0       0       0       0       0       0
Total ram usage:        8 bytes
 Hardware stack levels used:    1
 Hardware stack levels required when called:    1
 This function calls:
		___fladd
 This function is called by:
		_powf
 This function uses a non-reentrant model


 *************** function ___fladd *****************
 Defined at:
		line 10 in file "C:\Program Files (x86)\Microchip\xc8\v2.10\pic\sources\c99\common\sprcadd.c"
 Parameters:    Size  Location     Type
  b               4    0[COMRAM] unsigned char 
  a               4    4[COMRAM] unsigned char 
 Auto vars:     Size  Location     Type
  grs             1   15[COMRAM] unsigned char 
  bexp            1   14[COMRAM] unsigned char 
  aexp            1   13[COMRAM] unsigned char 
  signs           1   12[COMRAM] unsigned char 
 Return value:  Size  Location     Type
                  4    0[COMRAM] unsigned char 
 Registers used:
		wreg, status,2, status,0
 Tracked objects:
		On entry : 
		On exit  : 
		Unchanged: 
 Data sizes:     COMRAM   BANK0   BANK1   BANK2   BANK3   BANK4   BANK5   BANK6   BANK7   BANK8   BANK9  BANK10  BANK11  BANK12
      Params:         8       0       0       0       0       0       0       0       0       0       0       0       0       0
      Locals:         4       0       0       0       0       0       0       0       0       0       0       0       0       0
      Temps:          4       0       0       0       0       0       0       0       0       0       0       0       0       0
      Totals:        16       0       0       0       0       0       0       0       0       0       0       0       0       0
Total ram usage:       16 bytes
 Hardware stack levels used:    1
 This function calls:
		Nothing
 This function is called by:
		___flsub
		_powf
		_sqrtf
 This function uses a non-reentrant model


 *************** function ___flneg *****************
 Defined at:
		line 15 in file "C:\Program Files (x86)\Microchip\xc8\v2.10\pic\sources\c99\common\flneg.c"
 Parameters:    Size  Location     Type
  f1              4    0[COMRAM] unsigned char 
 Auto vars:     Size  Location     Type
		None
 Return value:  Size  Location     Type
                  4    0[COMRAM] unsigned char 
 Registers used:
		wreg, status,2, status,0
 Tracked objects:
		On entry : 
		On exit  : 
		Unchanged: 
 Data sizes:     COMRAM   BANK0   BANK1   BANK2   BANK3   BANK4   BANK5   BANK6   BANK7   BANK8   BANK9  BANK10  BANK11  BANK12
      Params:         4       0       0       0       0       0       0       0       0       0       0       0       0       0
      Locals:         0       0       0       0       0       0       0       0       0       0       0       0       0       0
      Temps:          0       0       0       0       0       0       0       0       0       0       0       0       0       0
      Totals:         4       0       0       0       0       0       0       0       0       0       0       0       0       0
Total ram usage:        4 bytes
 Hardware stack levels used:    1
 This function calls:
		Nothing
 This function is called by:
		_powf
 This function uses a non-reentrant model


 *************** function ___fldiv *****************
 Defined at:
		line 11 in file "C:\Program Files (x86)\Microchip\xc8\v2.10\pic\sources\c99\common\sprcdiv.c"
 Parameters:    Size  Location     Type
  b               4   49[COMRAM] unsigned char 
  a               4   53[COMRAM] unsigned char 
 Auto vars:     Size  Location     Type
  grs             4   68[COMRAM] unsigned long 
  rem             4   61[COMRAM] unsigned long 
  new_exp         2   66[COMRAM] short 
  aexp            1   73[COMRAM] unsigned char 
  bexp            1   72[COMRAM] unsigned char 
  sign            1   65[COMRAM] unsigned char 
 Return value:  Size  Location     Type
                  4   49[COMRAM] unsigned char 
 Registers used:
		wreg, status,2, status,0
 Tracked objects:
		On entry : 
		On exit  : 
		Unchanged: 
 Data sizes:     COMRAM   BANK0   BANK1   BANK2   BANK3   BANK4   BANK5   BANK6   BANK7   BANK8   BANK9  BANK10  BANK11  BANK12
      Params:         8       0       0       0       0       0       0       0       0       0       0       0       0       0
      Locals:        13       0       0       0       0       0       0       0       0       0       0       0       0       0
      Temps:          4       0       0       0       0       0       0       0       0       0       0       0       0       0
      Totals:        25       0       0       0       0       0       0       0       0       0       0       0       0       0
Total ram usage:       25 bytes
 Hardware stack levels used:    1
 This function calls:
		Nothing
 This function is called by:
		_powf
 This function uses a non-reentrant model


 *************** function ___fltol *****************
 Defined at:
		line 43 in file "C:\Program Files (x86)\Microchip\xc8\v2.10\pic\sources\c99\common\fltol.c"
 Parameters:    Size  Location     Type
  f1              4    0[COMRAM] unsigned char 
 Auto vars:     Size  Location     Type
  exp1            1    9[COMRAM] unsigned char 
  sign1           1    8[COMRAM] unsigned char 
 Return value:  Size  Location     Type
                  4    0[COMRAM] long 
 Registers used:
		wreg, status,2, status,0
 Tracked objects:
		On entry : 
		On exit  : 
		Unchanged: 
 Data sizes:     COMRAM   BANK0   BANK1   BANK2   BANK3   BANK4   BANK5   BANK6   BANK7   BANK8   BANK9  BANK10  BANK11  BANK12
      Params:         4       0       0       0       0       0       0       0       0       0       0       0       0       0
      Locals:         2       0       0       0       0       0       0       0       0       0       0       0       0       0
      Temps:          4       0       0       0       0       0       0       0       0       0       0       0       0       0
      Totals:        10       0       0       0       0       0       0       0       0       0       0       0       0       0
Total ram usage:       10 bytes
 Hardware stack levels used:    1
 This function calls:
		Nothing
 This function is called by:
		_DISTANCIA
 This function uses a non-reentrant model


 *************** function _ADC_PROCESS *****************
 Defined at:
		line 280 in file "ADC.c"
 Parameters:    Size  Location     Type
		None
 Auto vars:     Size  Location     Type
		None
 Return value:  Size  Location     Type
                  1    wreg      void 
 Registers used:
		cstack
 Tracked objects:
		On entry : 
		On exit  : 
		Unchanged: 
 Data sizes:     COMRAM   BANK0   BANK1   BANK2   BANK3   BANK4   BANK5   BANK6   BANK7   BANK8   BANK9  BANK10  BANK11  BANK12
      Params:         0       0       0       0       0       0       0       0       0       0       0       0       0       0
      Locals:         0       0       0       0       0       0       0       0       0       0       0       0       0       0
      Temps:          0       0       0       0       0       0       0       0       0       0       0       0       0       0
      Totals:         0       0       0       0       0       0       0       0       0       0       0       0       0       0
Total ram usage:        0 bytes
 Hardware stack levels used:    1
 Hardware stack levels required when called:    1
 This function calls:
		_CONVERT_A_D
 This function is called by:
		_main
 This function uses a non-reentrant model


 *************** function _CONVERT_A_D *****************
 Defined at:
		line 288 in file "ADC.c"
 Parameters:    Size  Location     Type
		None
 Auto vars:     Size  Location     Type
		None
 Return value:  Size  Location     Type
                  1    wreg      void 
 Registers used:
		None
 Tracked objects:
		On entry : 
		On exit  : 
		Unchanged: 
 Data sizes:     COMRAM   BANK0   BANK1   BANK2   BANK3   BANK4   BANK5   BANK6   BANK7   BANK8   BANK9  BANK10  BANK11  BANK12
      Params:         0       0       0       0       0       0       0       0       0       0       0       0       0       0
      Locals:         0       0       0       0       0       0       0       0       0       0       0       0       0       0
      Temps:          0       0       0       0       0       0       0       0       0       0       0       0       0       0
      Totals:         0       0       0       0       0       0       0       0       0       0       0       0       0       0
Total ram usage:        0 bytes
 Hardware stack levels used:    1
 This function calls:
		Nothing
 This function is called by:
		_ADC_PROCESS
 This function uses a non-reentrant model



MODULE INFORMATION

Module		Function		Class		Link	Load	Size
C:\Program Files (x86)\Microchip\xc8\v2.10\pic\sources\c99\common\xxtofl.c
		___xxtofl      		CODE           	49DC	0000	437

C:\Program Files (x86)\Microchip\xc8\v2.10\pic\sources\c99\common\xxtofl.c estimated size: 437

C:\Program Files (x86)\Microchip\xc8\v2.10\pic\sources\c99\common\sqrtf.c
		_sqrtf         		CODE           	3664	0000	1217

C:\Program Files (x86)\Microchip\xc8\v2.10\pic\sources\c99\common\sqrtf.c estimated size: 1217

C:\Program Files (x86)\Microchip\xc8\v2.10\pic\sources\c99\common\fltol.c
		___fltol       		CODE           	4DCA	0000	263

C:\Program Files (x86)\Microchip\xc8\v2.10\pic\sources\c99\common\fltol.c estimated size: 263

../UART.X/UART.c
		_INIT_UART     		CODE           	5330	0000	19
		_SEND_UART     		CODE           	531A	0000	23

../UART.X/UART.c estimated size: 42

C:\Program Files (x86)\Microchip\xc8\v2.10\pic\sources\c99\common\powf.c
		_powf          		CODE           	0D80	0000	10469

C:\Program Files (x86)\Microchip\xc8\v2.10\pic\sources\c99\common\powf.c estimated size: 10469

C:\Program Files (x86)\Microchip\xc8\v2.10\pic\sources\c99\common\sprcmul.c
		___flmul       		CODE           	3FE4	0000	1067

C:\Program Files (x86)\Microchip\xc8\v2.10\pic\sources\c99\common\sprcmul.c estimated size: 1067

C:\Program Files (x86)\Microchip\xc8\v2.10\pic\sources\c99\common\sprcdiv.c
		___fldiv       		CODE           	440E	0000	923

C:\Program Files (x86)\Microchip\xc8\v2.10\pic\sources\c99\common\sprcdiv.c estimated size: 923

C:\Program Files (x86)\Microchip\xc8\v2.10\pic\sources\c99\common\scalbnf.c
		_scalbnf       		CODE           	47A8	0000	565

C:\Program Files (x86)\Microchip\xc8\v2.10\pic\sources\c99\common\scalbnf.c estimated size: 565

SENSOR_IR.c
		_DISTANCIA     		CODE           	4FD4	0000	185

SENSOR_IR.c estimated size: 185

C:\Program Files (x86)\Microchip\xc8\v2.10\pic\sources\c99\common\flge.c
		___flge        		CODE           	4ED0	0000	261

C:\Program Files (x86)\Microchip\xc8\v2.10\pic\sources\c99\common\flge.c estimated size: 261

C:\Program Files (x86)\Microchip\xc8\v2.10\pic\sources\c99\common\flneg.c
		___flneg       		CODE           	51C6	0000	57

C:\Program Files (x86)\Microchip\xc8\v2.10\pic\sources\c99\common\flneg.c estimated size: 57

C:\Program Files (x86)\Microchip\xc8\v2.10\pic\sources\c99\common\fabsf.c
		_fabsf         		CODE           	51FE	0000	53

C:\Program Files (x86)\Microchip\xc8\v2.10\pic\sources\c99\common\fabsf.c estimated size: 53

shared
		_L5            		SMALLCONST     	0000	0000	0
		_P3            		SMALLCONST     	0000	0000	0
		_L6            		SMALLCONST     	0000	0000	0
		_P4            		SMALLCONST     	0000	0000	0
		_P5            		SMALLCONST     	0000	0000	0
		_lg2_l         		SMALLCONST     	0000	0000	0
		_ivln2_l       		SMALLCONST     	0000	0000	0
		_ivln2         		SMALLCONST     	0000	0000	0
		__initialization		CODE           	528E	0000	25
		_bp            		SMALLCONST     	0D69	0000	9
		_cp            		SMALLCONST     	0000	0000	0
		_cp_h          		SMALLCONST     	0000	0000	0
		_dp_h          		SMALLCONST     	0D09	0000	9
		_lg2           		SMALLCONST     	0000	0000	0
		_lg2_h         		SMALLCONST     	0000	0000	0
		_ivln2_h       		SMALLCONST     	0000	0000	0
		_tiny          		SMALLCONST     	0000	0000	0
		sqrtf@tiny     		SMALLCONST     	0000	0000	0
		_ovt           		SMALLCONST     	0000	0000	0
		_huge          		SMALLCONST     	0000	0000	0
		_two24         		SMALLCONST     	0000	0000	0
		_cp_l          		SMALLCONST     	0000	0000	0
		_dp_l          		SMALLCONST     	0D01	0000	9
		_L1            		SMALLCONST     	0000	0000	0
		_L2            		SMALLCONST     	0000	0000	0
		_L3            		SMALLCONST     	0000	0000	0
		_P1            		SMALLCONST     	0000	0000	0
		_L4            		SMALLCONST     	0000	0000	0
		_P2            		SMALLCONST     	0000	0000	0

shared estimated size: 52

ADC.c
		_CONVERT_A_D   		CODE           	52FC	0000	31
		_VOLTAGE_REF   		CODE           	5232	0000	49
		_INIT_ADC      		CODE           	508C	0000	165
		_READPORT      		CODE           	4CB0	0000	283
		_ADC_PROCESS   		CODE           	5342	0000	9
		_RESOLUTION    		CODE           	5262	0000	45
		_ACTIVE_AN     		CODE           	4B90	0000	289

ADC.c estimated size: 871

C:\Program Files (x86)\Microchip\xc8\v2.10\pic\sources\c99\common\sprcadd.c
		___flsub       		CODE           	5180	0000	71
		___fladd       		CODE           	3B24	0000	1217

C:\Program Files (x86)\Microchip\xc8\v2.10\pic\sources\c99\common\sprcadd.c estimated size: 1288

C:\Program Files (x86)\Microchip\xc8\v2.10\pic\sources\c99\common\Umul16.c
		___wmul        		CODE           	52B4	0000	39

C:\Program Files (x86)\Microchip\xc8\v2.10\pic\sources\c99\common\Umul16.c estimated size: 39

Sensor_IR_uso.c
		_main          		CODE           	5130	0000	81

Sensor_IR_uso.c estimated size: 81

C:\Program Files (x86)\Microchip\xc8\v2.10\pic\sources\c99\common\nanf.c
		_nanf          		CODE           	52DA	0000	35

C:\Program Files (x86)\Microchip\xc8\v2.10\pic\sources\c99\common\nanf.c estimated size: 35

